running egg_info
creating ../../../build/rosbot_controller/rosbot_controller.egg-info
writing ../../../build/rosbot_controller/rosbot_controller.egg-info/PKG-INFO
writing dependency_links to ../../../build/rosbot_controller/rosbot_controller.egg-info/dependency_links.txt
writing requirements to ../../../build/rosbot_controller/rosbot_controller.egg-info/requires.txt
writing top-level names to ../../../build/rosbot_controller/rosbot_controller.egg-info/top_level.txt
writing manifest file '../../../build/rosbot_controller/rosbot_controller.egg-info/SOURCES.txt'
reading manifest file '../../../build/rosbot_controller/rosbot_controller.egg-info/SOURCES.txt'
writing manifest file '../../../build/rosbot_controller/rosbot_controller.egg-info/SOURCES.txt'
running build
running install
running install_data
creating /home/zhettus/ros2_ws/install/rosbot_controller/share/ament_index
creating /home/zhettus/ros2_ws/install/rosbot_controller/share/ament_index/resource_index
creating /home/zhettus/ros2_ws/install/rosbot_controller/share/ament_index/resource_index/packages
copying resource/rosbot_controller -> /home/zhettus/ros2_ws/install/rosbot_controller/share/ament_index/resource_index/packages
copying package.xml -> /home/zhettus/ros2_ws/install/rosbot_controller/share/rosbot_controller
creating /home/zhettus/ros2_ws/install/rosbot_controller/share/rosbot_controller/config
creating /home/zhettus/ros2_ws/install/rosbot_controller/share/rosbot_controller/config/rosbot
copying config/rosbot_xl/mecanum_drive_controller.yaml -> /home/zhettus/ros2_ws/install/rosbot_controller/share/rosbot_controller/config/rosbot
copying config/rosbot_xl/diff_drive_controller.yaml -> /home/zhettus/ros2_ws/install/rosbot_controller/share/rosbot_controller/config/rosbot
creating /home/zhettus/ros2_ws/install/rosbot_controller/share/rosbot_controller/config/rosbot_xl
copying config/rosbot_xl/mecanum_drive_controller.yaml -> /home/zhettus/ros2_ws/install/rosbot_controller/share/rosbot_controller/config/rosbot_xl
copying config/rosbot_xl/diff_drive_controller.yaml -> /home/zhettus/ros2_ws/install/rosbot_controller/share/rosbot_controller/config/rosbot_xl
creating /home/zhettus/ros2_ws/install/rosbot_controller/share/rosbot_controller/launch
copying launch/controller.launch.py -> /home/zhettus/ros2_ws/install/rosbot_controller/share/rosbot_controller/launch
running install_egg_info
Copying ../../../build/rosbot_controller/rosbot_controller.egg-info to /home/zhettus/ros2_ws/install/rosbot_controller/lib/python3.12/site-packages/rosbot_controller-0.8.2-py3.12.egg-info
running install_scripts
writing list of installed files to '/home/zhettus/ros2_ws/build/rosbot_controller/install.log'
