[0.494s] Invoking command in '/home/zhettus/ros2_ws/src/rosbot_xl_ros/rosbot_controller': CMAKE_PREFIX_PATH=/home/zhettus/ros2_ws/install/rosbot_description:/home/zhettus/ros2_ws/install/test:/home/zhettus/ros2_ws/install/rosbot_gazebo:/home/zhettus/ros2_ws/install/rosbot_bringup:/home/zhettus/ros2_ws/install/rosbot:/home/zhettus/ros2_ws/install/rosbot_controller:/home/zhettus/ros2_ws/install/rosbot_utils:/home/zhettus/ros2_ws/install/rosbot_moveit:/home/zhettus/ros2_ws/install/rosbot_localization:/home/zhettus/ros2_ws/install/rosbot_joy:/home/zhettus/ros2_ws/install/rosbot_hardware_interfaces:/opt/ros/jazzy/opt/gz_sim_vendor:/opt/ros/jazzy/opt/gz_sensors_vendor:/opt/ros/jazzy/opt/gz_physics_vendor:/opt/ros/jazzy/opt/sdformat_vendor:/opt/ros/jazzy/opt/gz_gui_vendor:/opt/ros/jazzy/opt/gz_transport_vendor:/opt/ros/jazzy/opt/gz_rendering_vendor:/opt/ros/jazzy/opt/gz_plugin_vendor:/opt/ros/jazzy/opt/gz_fuel_tools_vendor:/opt/ros/jazzy/opt/gz_msgs_vendor:/opt/ros/jazzy/opt/gz_common_vendor:/opt/ros/jazzy/opt/gz_math_vendor:/opt/ros/jazzy/opt/gz_utils_vendor:/opt/ros/jazzy/opt/gz_tools_vendor:/opt/ros/jazzy/opt/gz_ogre_next_vendor:/opt/ros/jazzy/opt/gz_dartsim_vendor:/opt/ros/jazzy/opt/gz_cmake_vendor PYTHONPATH=/home/zhettus/ros2_ws/build/rosbot_controller/prefix_override:/usr/lib/python3/dist-packages/colcon_core/task/python/colcon_distutils_commands:/home/zhettus/ros2_ws/install/rosbot_controller/lib/python3.12/site-packages:${PYTHONPATH} /usr/bin/python3 -W ignore:setup.py install is deprecated -W ignore:easy_install command is deprecated setup.py egg_info --egg-base ../../../build/rosbot_controller build --build-base /home/zhettus/ros2_ws/build/rosbot_controller/build install --record /home/zhettus/ros2_ws/build/rosbot_controller/install.log --single-version-externally-managed install_data
[0.646s] running egg_info
[0.646s] creating ../../../build/rosbot_controller/rosbot_controller.egg-info
[0.657s] writing ../../../build/rosbot_controller/rosbot_controller.egg-info/PKG-INFO
[0.657s] writing dependency_links to ../../../build/rosbot_controller/rosbot_controller.egg-info/dependency_links.txt
[0.657s] writing requirements to ../../../build/rosbot_controller/rosbot_controller.egg-info/requires.txt
[0.657s] writing top-level names to ../../../build/rosbot_controller/rosbot_controller.egg-info/top_level.txt
[0.657s] writing manifest file '../../../build/rosbot_controller/rosbot_controller.egg-info/SOURCES.txt'
[0.667s] reading manifest file '../../../build/rosbot_controller/rosbot_controller.egg-info/SOURCES.txt'
[0.667s] writing manifest file '../../../build/rosbot_controller/rosbot_controller.egg-info/SOURCES.txt'
[0.667s] running build
[0.667s] running install
[0.670s] running install_data
[0.670s] creating /home/zhettus/ros2_ws/install/rosbot_controller/share/ament_index
[0.670s] creating /home/zhettus/ros2_ws/install/rosbot_controller/share/ament_index/resource_index
[0.670s] creating /home/zhettus/ros2_ws/install/rosbot_controller/share/ament_index/resource_index/packages
[0.670s] copying resource/rosbot_controller -> /home/zhettus/ros2_ws/install/rosbot_controller/share/ament_index/resource_index/packages
[0.670s] copying package.xml -> /home/zhettus/ros2_ws/install/rosbot_controller/share/rosbot_controller
[0.670s] creating /home/zhettus/ros2_ws/install/rosbot_controller/share/rosbot_controller/config
[0.670s] creating /home/zhettus/ros2_ws/install/rosbot_controller/share/rosbot_controller/config/rosbot
[0.670s] copying config/rosbot_xl/mecanum_drive_controller.yaml -> /home/zhettus/ros2_ws/install/rosbot_controller/share/rosbot_controller/config/rosbot
[0.670s] copying config/rosbot_xl/diff_drive_controller.yaml -> /home/zhettus/ros2_ws/install/rosbot_controller/share/rosbot_controller/config/rosbot
[0.670s] creating /home/zhettus/ros2_ws/install/rosbot_controller/share/rosbot_controller/config/rosbot_xl
[0.670s] copying config/rosbot_xl/mecanum_drive_controller.yaml -> /home/zhettus/ros2_ws/install/rosbot_controller/share/rosbot_controller/config/rosbot_xl
[0.670s] copying config/rosbot_xl/diff_drive_controller.yaml -> /home/zhettus/ros2_ws/install/rosbot_controller/share/rosbot_controller/config/rosbot_xl
[0.670s] creating /home/zhettus/ros2_ws/install/rosbot_controller/share/rosbot_controller/launch
[0.670s] copying launch/controller.launch.py -> /home/zhettus/ros2_ws/install/rosbot_controller/share/rosbot_controller/launch
[0.670s] running install_egg_info
[0.695s] Copying ../../../build/rosbot_controller/rosbot_controller.egg-info to /home/zhettus/ros2_ws/install/rosbot_controller/lib/python3.12/site-packages/rosbot_controller-0.8.2-py3.12.egg-info
[0.695s] running install_scripts
[0.784s] writing list of installed files to '/home/zhettus/ros2_ws/build/rosbot_controller/install.log'
[0.809s] Invoked command in '/home/zhettus/ros2_ws/src/rosbot_xl_ros/rosbot_controller' returned '0': CMAKE_PREFIX_PATH=/home/zhettus/ros2_ws/install/rosbot_description:/home/zhettus/ros2_ws/install/test:/home/zhettus/ros2_ws/install/rosbot_gazebo:/home/zhettus/ros2_ws/install/rosbot_bringup:/home/zhettus/ros2_ws/install/rosbot:/home/zhettus/ros2_ws/install/rosbot_controller:/home/zhettus/ros2_ws/install/rosbot_utils:/home/zhettus/ros2_ws/install/rosbot_moveit:/home/zhettus/ros2_ws/install/rosbot_localization:/home/zhettus/ros2_ws/install/rosbot_joy:/home/zhettus/ros2_ws/install/rosbot_hardware_interfaces:/opt/ros/jazzy/opt/gz_sim_vendor:/opt/ros/jazzy/opt/gz_sensors_vendor:/opt/ros/jazzy/opt/gz_physics_vendor:/opt/ros/jazzy/opt/sdformat_vendor:/opt/ros/jazzy/opt/gz_gui_vendor:/opt/ros/jazzy/opt/gz_transport_vendor:/opt/ros/jazzy/opt/gz_rendering_vendor:/opt/ros/jazzy/opt/gz_plugin_vendor:/opt/ros/jazzy/opt/gz_fuel_tools_vendor:/opt/ros/jazzy/opt/gz_msgs_vendor:/opt/ros/jazzy/opt/gz_common_vendor:/opt/ros/jazzy/opt/gz_math_vendor:/opt/ros/jazzy/opt/gz_utils_vendor:/opt/ros/jazzy/opt/gz_tools_vendor:/opt/ros/jazzy/opt/gz_ogre_next_vendor:/opt/ros/jazzy/opt/gz_dartsim_vendor:/opt/ros/jazzy/opt/gz_cmake_vendor PYTHONPATH=/home/zhettus/ros2_ws/build/rosbot_controller/prefix_override:/usr/lib/python3/dist-packages/colcon_core/task/python/colcon_distutils_commands:/home/zhettus/ros2_ws/install/rosbot_controller/lib/python3.12/site-packages:${PYTHONPATH} /usr/bin/python3 -W ignore:setup.py install is deprecated -W ignore:easy_install command is deprecated setup.py egg_info --egg-base ../../../build/rosbot_controller build --build-base /home/zhettus/ros2_ws/build/rosbot_controller/build install --record /home/zhettus/ros2_ws/build/rosbot_controller/install.log --single-version-externally-managed install_data
