[1.438s] Invoking command in '/home/zhettus/ros2_ws/src/rosbot_xl_ros/rosbot_utils': PYTHONPATH=/home/zhettus/ros2_ws/build/rosbot_utils/prefix_override:/usr/lib/python3/dist-packages/colcon_core/task/python/colcon_distutils_commands:/home/zhettus/ros2_ws/install/rosbot_utils/lib/python3.12/site-packages:${PYTHONPATH} /usr/bin/python3 -W ignore:setup.py install is deprecated -W ignore:easy_install command is deprecated setup.py egg_info --egg-base ../../../build/rosbot_utils build --build-base /home/zhettus/ros2_ws/build/rosbot_utils/build install --record /home/zhettus/ros2_ws/build/rosbot_utils/install.log --single-version-externally-managed install_data
[1.761s] running egg_info
[1.785s] writing ../../../build/rosbot_utils/rosbot_utils.egg-info/PKG-INFO
[1.785s] writing dependency_links to ../../../build/rosbot_utils/rosbot_utils.egg-info/dependency_links.txt
[1.785s] writing entry points to ../../../build/rosbot_utils/rosbot_utils.egg-info/entry_points.txt
[1.785s] writing requirements to ../../../build/rosbot_utils/rosbot_utils.egg-info/requires.txt
[1.786s] writing top-level names to ../../../build/rosbot_utils/rosbot_utils.egg-info/top_level.txt
[1.823s] reading manifest file '../../../build/rosbot_utils/rosbot_utils.egg-info/SOURCES.txt'
[1.823s] writing manifest file '../../../build/rosbot_utils/rosbot_utils.egg-info/SOURCES.txt'
[1.824s] running build
[1.824s] running build_py
[1.825s] running install
[1.832s] running install_lib
[1.858s] running install_data
[1.858s] running install_egg_info
[1.888s] removing '/home/zhettus/ros2_ws/install/rosbot_utils/lib/python3.12/site-packages/rosbot_utils-0.0.0-py3.12.egg-info' (and everything under it)
[1.888s] Copying ../../../build/rosbot_utils/rosbot_utils.egg-info to /home/zhettus/ros2_ws/install/rosbot_utils/lib/python3.12/site-packages/rosbot_utils-0.0.0-py3.12.egg-info
[1.888s] running install_scripts
[2.120s] Installing flash_firmware script to /home/zhettus/ros2_ws/install/rosbot_utils/lib/rosbot_utils
[2.121s] writing list of installed files to '/home/zhettus/ros2_ws/build/rosbot_utils/install.log'
[2.186s] Invoked command in '/home/zhettus/ros2_ws/src/rosbot_xl_ros/rosbot_utils' returned '0': PYTHONPATH=/home/zhettus/ros2_ws/build/rosbot_utils/prefix_override:/usr/lib/python3/dist-packages/colcon_core/task/python/colcon_distutils_commands:/home/zhettus/ros2_ws/install/rosbot_utils/lib/python3.12/site-packages:${PYTHONPATH} /usr/bin/python3 -W ignore:setup.py install is deprecated -W ignore:easy_install command is deprecated setup.py egg_info --egg-base ../../../build/rosbot_utils build --build-base /home/zhettus/ros2_ws/build/rosbot_utils/build install --record /home/zhettus/ros2_ws/build/rosbot_utils/install.log --single-version-externally-managed install_data
