-- Install configuration: ""
-- Up-to-date: /home/zhettus/ros2_ws/install/rosbot_description/share/rosbot_description/config
-- Up-to-date: /home/zhettus/ros2_ws/install/rosbot_description/share/rosbot_description/config/components.yaml
-- Up-to-date: /home/zhettus/ros2_ws/install/rosbot_description/share/rosbot_description/launch
-- Up-to-date: /home/zhettus/ros2_ws/install/rosbot_description/share/rosbot_description/launch/rviz.launch.py
-- Up-to-date: /home/zhettus/ros2_ws/install/rosbot_description/share/rosbot_description/launch/load_urdf.launch.py
-- Up-to-date: /home/zhettus/ros2_ws/install/rosbot_description/share/rosbot_description/meshes
-- Up-to-date: /home/zhettus/ros2_ws/install/rosbot_description/share/rosbot_description/meshes/rosbot
-- Up-to-date: /home/zhettus/ros2_ws/install/rosbot_description/share/rosbot_description/meshes/rosbot/mecanum_a.dae
-- Up-to-date: /home/zhettus/ros2_ws/install/rosbot_description/share/rosbot_description/meshes/rosbot/mecanum_b.dae
-- Up-to-date: /home/zhettus/ros2_ws/install/rosbot_description/share/rosbot_description/meshes/rosbot/wheel_b.dae
-- Up-to-date: /home/zhettus/ros2_ws/install/rosbot_description/share/rosbot_description/meshes/rosbot/cover.stl
-- Up-to-date: /home/zhettus/ros2_ws/install/rosbot_description/share/rosbot_description/meshes/rosbot/wheel_a.dae
-- Up-to-date: /home/zhettus/ros2_ws/install/rosbot_description/share/rosbot_description/meshes/rosbot/body.stl
-- Up-to-date: /home/zhettus/ros2_ws/install/rosbot_description/share/rosbot_description/meshes/rosbot_xl
-- Up-to-date: /home/zhettus/ros2_ws/install/rosbot_description/share/rosbot_description/meshes/rosbot_xl/mecanum_a.dae
-- Up-to-date: /home/zhettus/ros2_ws/install/rosbot_description/share/rosbot_description/meshes/rosbot_xl/mecanum_b.dae
-- Up-to-date: /home/zhettus/ros2_ws/install/rosbot_description/share/rosbot_description/meshes/rosbot_xl/body.dae
-- Up-to-date: /home/zhettus/ros2_ws/install/rosbot_description/share/rosbot_description/meshes/rosbot_xl/body_colision.stl
-- Up-to-date: /home/zhettus/ros2_ws/install/rosbot_description/share/rosbot_description/meshes/rosbot_xl/components
-- Up-to-date: /home/zhettus/ros2_ws/install/rosbot_description/share/rosbot_description/meshes/rosbot_xl/components/camera_mount_mid.dae
-- Up-to-date: /home/zhettus/ros2_ws/install/rosbot_description/share/rosbot_description/meshes/rosbot_xl/components/antenna_connector.dae
-- Up-to-date: /home/zhettus/ros2_ws/install/rosbot_description/share/rosbot_description/meshes/rosbot_xl/components/antenna.dae
-- Up-to-date: /home/zhettus/ros2_ws/install/rosbot_description/share/rosbot_description/meshes/rosbot_xl/components/camera_mount_bot.dae
-- Up-to-date: /home/zhettus/ros2_ws/install/rosbot_description/share/rosbot_description/meshes/rosbot_xl/components/camera_mount_top.dae
-- Up-to-date: /home/zhettus/ros2_ws/install/rosbot_description/share/rosbot_description/meshes/rosbot_xl/wheel_b.dae
-- Up-to-date: /home/zhettus/ros2_ws/install/rosbot_description/share/rosbot_description/meshes/rosbot_xl/wheel_a.dae
-- Up-to-date: /home/zhettus/ros2_ws/install/rosbot_description/share/rosbot_description/rviz
-- Up-to-date: /home/zhettus/ros2_ws/install/rosbot_description/share/rosbot_description/rviz/rosbot.rviz
-- Up-to-date: /home/zhettus/ros2_ws/install/rosbot_description/share/rosbot_description/urdf
-- Up-to-date: /home/zhettus/ros2_ws/install/rosbot_description/share/rosbot_description/urdf/rosbot
-- Up-to-date: /home/zhettus/ros2_ws/install/rosbot_description/share/rosbot_description/urdf/rosbot/body.urdf.xacro
-- Up-to-date: /home/zhettus/ros2_ws/install/rosbot_description/share/rosbot_description/urdf/rosbot/components
-- Up-to-date: /home/zhettus/ros2_ws/install/rosbot_description/share/rosbot_description/urdf/rosbot/components/vl53lox.urdf.xacro
-- Up-to-date: /home/zhettus/ros2_ws/install/rosbot_description/share/rosbot_description/urdf/rosbot/wheel.urdf.xacro
-- Up-to-date: /home/zhettus/ros2_ws/install/rosbot_description/share/rosbot_description/urdf/rosbot/rosbot_macro.urdf.xacro
-- Up-to-date: /home/zhettus/ros2_ws/install/rosbot_description/share/rosbot_description/urdf/rosbot_xl.urdf.xacro
-- Up-to-date: /home/zhettus/ros2_ws/install/rosbot_description/share/rosbot_description/urdf/common
-- Up-to-date: /home/zhettus/ros2_ws/install/rosbot_description/share/rosbot_description/urdf/common/gazebo.urdf.xacro
-- Up-to-date: /home/zhettus/ros2_ws/install/rosbot_description/share/rosbot_description/urdf/common/ros2_control.urdf.xacro
-- Up-to-date: /home/zhettus/ros2_ws/install/rosbot_description/share/rosbot_description/urdf/common/webots.urdf.xacro
-- Up-to-date: /home/zhettus/ros2_ws/install/rosbot_description/share/rosbot_description/urdf/rosbot_xl
-- Up-to-date: /home/zhettus/ros2_ws/install/rosbot_description/share/rosbot_description/urdf/rosbot_xl/body.urdf.xacro
-- Up-to-date: /home/zhettus/ros2_ws/install/rosbot_description/share/rosbot_description/urdf/rosbot_xl/components
-- Up-to-date: /home/zhettus/ros2_ws/install/rosbot_description/share/rosbot_description/urdf/rosbot_xl/components/antenna.urdf.xacro
-- Up-to-date: /home/zhettus/ros2_ws/install/rosbot_description/share/rosbot_description/urdf/rosbot_xl/components/camera_mount.urdf.xacro
-- Up-to-date: /home/zhettus/ros2_ws/install/rosbot_description/share/rosbot_description/urdf/rosbot_xl/rosbot_xl_macro.urdf.xacro
-- Up-to-date: /home/zhettus/ros2_ws/install/rosbot_description/share/rosbot_description/urdf/rosbot_xl/wheel.urdf.xacro
-- Up-to-date: /home/zhettus/ros2_ws/install/rosbot_description/share/rosbot_description/urdf/rosbot.urdf.xacro
-- Up-to-date: /home/zhettus/ros2_ws/install/rosbot_description/share/rosbot_description/environment/rosbot_description.sh
-- Up-to-date: /home/zhettus/ros2_ws/install/rosbot_description/share/ament_index/resource_index/package_run_dependencies/rosbot_description
-- Up-to-date: /home/zhettus/ros2_ws/install/rosbot_description/share/ament_index/resource_index/parent_prefix_path/rosbot_description
-- Up-to-date: /home/zhettus/ros2_ws/install/rosbot_description/share/rosbot_description/environment/ament_prefix_path.sh
-- Up-to-date: /home/zhettus/ros2_ws/install/rosbot_description/share/rosbot_description/environment/ament_prefix_path.dsv
-- Up-to-date: /home/zhettus/ros2_ws/install/rosbot_description/share/rosbot_description/environment/path.sh
-- Up-to-date: /home/zhettus/ros2_ws/install/rosbot_description/share/rosbot_description/environment/path.dsv
-- Up-to-date: /home/zhettus/ros2_ws/install/rosbot_description/share/rosbot_description/local_setup.bash
-- Up-to-date: /home/zhettus/ros2_ws/install/rosbot_description/share/rosbot_description/local_setup.sh
-- Up-to-date: /home/zhettus/ros2_ws/install/rosbot_description/share/rosbot_description/local_setup.zsh
-- Up-to-date: /home/zhettus/ros2_ws/install/rosbot_description/share/rosbot_description/local_setup.dsv
-- Up-to-date: /home/zhettus/ros2_ws/install/rosbot_description/share/rosbot_description/package.dsv
-- Up-to-date: /home/zhettus/ros2_ws/install/rosbot_description/share/ament_index/resource_index/packages/rosbot_description
-- Up-to-date: /home/zhettus/ros2_ws/install/rosbot_description/share/rosbot_description/cmake/rosbot_descriptionConfig.cmake
-- Up-to-date: /home/zhettus/ros2_ws/install/rosbot_description/share/rosbot_description/cmake/rosbot_descriptionConfig-version.cmake
-- Up-to-date: /home/zhettus/ros2_ws/install/rosbot_description/share/rosbot_description/package.xml
