[0.022s] Invoking command in '/home/zhettus/ros2_ws/build/rosbot_description': CMAKE_PREFIX_PATH=${CMAKE_PREFIX_PATH}:/opt/ros/jazzy /usr/bin/cmake --build /home/zhettus/ros2_ws/build/rosbot_description -- -j6 -l6
[0.383s] Invoked command in '/home/zhettus/ros2_ws/build/rosbot_description' returned '0': CMAKE_PREFIX_PATH=${CMAKE_PREFIX_PATH}:/opt/ros/jazzy /usr/bin/cmake --build /home/zhettus/ros2_ws/build/rosbot_description -- -j6 -l6
[0.388s] Invoking command in '/home/zhettus/ros2_ws/build/rosbot_description': CMAKE_PREFIX_PATH=${CMAKE_PREFIX_PATH}:/opt/ros/jazzy /usr/bin/cmake --install /home/zhettus/ros2_ws/build/rosbot_description
[0.393s] -- Install configuration: ""
[0.393s] -- Up-to-date: /home/zhettus/ros2_ws/install/rosbot_description/share/rosbot_description/config
[0.393s] -- Up-to-date: /home/zhettus/ros2_ws/install/rosbot_description/share/rosbot_description/config/components.yaml
[0.393s] -- Up-to-date: /home/zhettus/ros2_ws/install/rosbot_description/share/rosbot_description/launch
[0.393s] -- Up-to-date: /home/zhettus/ros2_ws/install/rosbot_description/share/rosbot_description/launch/rviz.launch.py
[0.393s] -- Up-to-date: /home/zhettus/ros2_ws/install/rosbot_description/share/rosbot_description/launch/load_urdf.launch.py
[0.394s] -- Up-to-date: /home/zhettus/ros2_ws/install/rosbot_description/share/rosbot_description/meshes
[0.394s] -- Up-to-date: /home/zhettus/ros2_ws/install/rosbot_description/share/rosbot_description/meshes/rosbot
[0.394s] -- Up-to-date: /home/zhettus/ros2_ws/install/rosbot_description/share/rosbot_description/meshes/rosbot/mecanum_a.dae
[0.394s] -- Up-to-date: /home/zhettus/ros2_ws/install/rosbot_description/share/rosbot_description/meshes/rosbot/mecanum_b.dae
[0.394s] -- Up-to-date: /home/zhettus/ros2_ws/install/rosbot_description/share/rosbot_description/meshes/rosbot/wheel_b.dae
[0.394s] -- Up-to-date: /home/zhettus/ros2_ws/install/rosbot_description/share/rosbot_description/meshes/rosbot/cover.stl
[0.394s] -- Up-to-date: /home/zhettus/ros2_ws/install/rosbot_description/share/rosbot_description/meshes/rosbot/wheel_a.dae
[0.394s] -- Up-to-date: /home/zhettus/ros2_ws/install/rosbot_description/share/rosbot_description/meshes/rosbot/body.stl
[0.394s] -- Up-to-date: /home/zhettus/ros2_ws/install/rosbot_description/share/rosbot_description/meshes/rosbot_xl
[0.394s] -- Up-to-date: /home/zhettus/ros2_ws/install/rosbot_description/share/rosbot_description/meshes/rosbot_xl/mecanum_a.dae
[0.394s] -- Up-to-date: /home/zhettus/ros2_ws/install/rosbot_description/share/rosbot_description/meshes/rosbot_xl/mecanum_b.dae
[0.394s] -- Up-to-date: /home/zhettus/ros2_ws/install/rosbot_description/share/rosbot_description/meshes/rosbot_xl/body.dae
[0.394s] -- Up-to-date: /home/zhettus/ros2_ws/install/rosbot_description/share/rosbot_description/meshes/rosbot_xl/body_colision.stl
[0.394s] -- Up-to-date: /home/zhettus/ros2_ws/install/rosbot_description/share/rosbot_description/meshes/rosbot_xl/components
[0.394s] -- Up-to-date: /home/zhettus/ros2_ws/install/rosbot_description/share/rosbot_description/meshes/rosbot_xl/components/camera_mount_mid.dae
[0.394s] -- Up-to-date: /home/zhettus/ros2_ws/install/rosbot_description/share/rosbot_description/meshes/rosbot_xl/components/antenna_connector.dae
[0.394s] -- Up-to-date: /home/zhettus/ros2_ws/install/rosbot_description/share/rosbot_description/meshes/rosbot_xl/components/antenna.dae
[0.394s] -- Up-to-date: /home/zhettus/ros2_ws/install/rosbot_description/share/rosbot_description/meshes/rosbot_xl/components/camera_mount_bot.dae
[0.394s] -- Up-to-date: /home/zhettus/ros2_ws/install/rosbot_description/share/rosbot_description/meshes/rosbot_xl/components/camera_mount_top.dae
[0.395s] -- Up-to-date: /home/zhettus/ros2_ws/install/rosbot_description/share/rosbot_description/meshes/rosbot_xl/wheel_b.dae
[0.395s] -- Up-to-date: /home/zhettus/ros2_ws/install/rosbot_description/share/rosbot_description/meshes/rosbot_xl/wheel_a.dae
[0.395s] -- Up-to-date: /home/zhettus/ros2_ws/install/rosbot_description/share/rosbot_description/rviz
[0.396s] -- Up-to-date: /home/zhettus/ros2_ws/install/rosbot_description/share/rosbot_description/rviz/rosbot.rviz
[0.398s] -- Up-to-date: /home/zhettus/ros2_ws/install/rosbot_description/share/rosbot_description/urdf
[0.399s] -- Up-to-date: /home/zhettus/ros2_ws/install/rosbot_description/share/rosbot_description/urdf/rosbot
[0.399s] -- Up-to-date: /home/zhettus/ros2_ws/install/rosbot_description/share/rosbot_description/urdf/rosbot/body.urdf.xacro
[0.400s] -- Up-to-date: /home/zhettus/ros2_ws/install/rosbot_description/share/rosbot_description/urdf/rosbot/components
[0.401s] -- Up-to-date: /home/zhettus/ros2_ws/install/rosbot_description/share/rosbot_description/urdf/rosbot/components/vl53lox.urdf.xacro
[0.401s] -- Up-to-date: /home/zhettus/ros2_ws/install/rosbot_description/share/rosbot_description/urdf/rosbot/wheel.urdf.xacro
[0.401s] -- Up-to-date: /home/zhettus/ros2_ws/install/rosbot_description/share/rosbot_description/urdf/rosbot/rosbot_macro.urdf.xacro
[0.401s] -- Up-to-date: /home/zhettus/ros2_ws/install/rosbot_description/share/rosbot_description/urdf/rosbot_xl.urdf.xacro
[0.402s] -- Up-to-date: /home/zhettus/ros2_ws/install/rosbot_description/share/rosbot_description/urdf/common
[0.402s] -- Up-to-date: /home/zhettus/ros2_ws/install/rosbot_description/share/rosbot_description/urdf/common/gazebo.urdf.xacro
[0.404s] -- Up-to-date: /home/zhettus/ros2_ws/install/rosbot_description/share/rosbot_description/urdf/common/ros2_control.urdf.xacro
[0.404s] -- Up-to-date: /home/zhettus/ros2_ws/install/rosbot_description/share/rosbot_description/urdf/common/webots.urdf.xacro
[0.404s] -- Up-to-date: /home/zhettus/ros2_ws/install/rosbot_description/share/rosbot_description/urdf/rosbot_xl
[0.404s] -- Up-to-date: /home/zhettus/ros2_ws/install/rosbot_description/share/rosbot_description/urdf/rosbot_xl/body.urdf.xacro
[0.404s] -- Up-to-date: /home/zhettus/ros2_ws/install/rosbot_description/share/rosbot_description/urdf/rosbot_xl/components
[0.404s] -- Up-to-date: /home/zhettus/ros2_ws/install/rosbot_description/share/rosbot_description/urdf/rosbot_xl/components/antenna.urdf.xacro
[0.404s] -- Up-to-date: /home/zhettus/ros2_ws/install/rosbot_description/share/rosbot_description/urdf/rosbot_xl/components/camera_mount.urdf.xacro
[0.404s] -- Up-to-date: /home/zhettus/ros2_ws/install/rosbot_description/share/rosbot_description/urdf/rosbot_xl/rosbot_xl_macro.urdf.xacro
[0.404s] -- Up-to-date: /home/zhettus/ros2_ws/install/rosbot_description/share/rosbot_description/urdf/rosbot_xl/wheel.urdf.xacro
[0.404s] -- Up-to-date: /home/zhettus/ros2_ws/install/rosbot_description/share/rosbot_description/urdf/rosbot.urdf.xacro
[0.404s] -- Up-to-date: /home/zhettus/ros2_ws/install/rosbot_description/share/rosbot_description/environment/rosbot_description.sh
[0.404s] -- Up-to-date: /home/zhettus/ros2_ws/install/rosbot_description/share/ament_index/resource_index/package_run_dependencies/rosbot_description
[0.404s] -- Up-to-date: /home/zhettus/ros2_ws/install/rosbot_description/share/ament_index/resource_index/parent_prefix_path/rosbot_description
[0.404s] -- Up-to-date: /home/zhettus/ros2_ws/install/rosbot_description/share/rosbot_description/environment/ament_prefix_path.sh
[0.404s] -- Up-to-date: /home/zhettus/ros2_ws/install/rosbot_description/share/rosbot_description/environment/ament_prefix_path.dsv
[0.404s] -- Up-to-date: /home/zhettus/ros2_ws/install/rosbot_description/share/rosbot_description/environment/path.sh
[0.405s] -- Up-to-date: /home/zhettus/ros2_ws/install/rosbot_description/share/rosbot_description/environment/path.dsv
[0.405s] -- Up-to-date: /home/zhettus/ros2_ws/install/rosbot_description/share/rosbot_description/local_setup.bash
[0.405s] -- Up-to-date: /home/zhettus/ros2_ws/install/rosbot_description/share/rosbot_description/local_setup.sh
[0.405s] -- Up-to-date: /home/zhettus/ros2_ws/install/rosbot_description/share/rosbot_description/local_setup.zsh
[0.405s] -- Up-to-date: /home/zhettus/ros2_ws/install/rosbot_description/share/rosbot_description/local_setup.dsv
[0.405s] -- Up-to-date: /home/zhettus/ros2_ws/install/rosbot_description/share/rosbot_description/package.dsv
[0.405s] -- Up-to-date: /home/zhettus/ros2_ws/install/rosbot_description/share/ament_index/resource_index/packages/rosbot_description
[0.405s] -- Up-to-date: /home/zhettus/ros2_ws/install/rosbot_description/share/rosbot_description/cmake/rosbot_descriptionConfig.cmake
[0.405s] -- Up-to-date: /home/zhettus/ros2_ws/install/rosbot_description/share/rosbot_description/cmake/rosbot_descriptionConfig-version.cmake
[0.405s] -- Up-to-date: /home/zhettus/ros2_ws/install/rosbot_description/share/rosbot_description/package.xml
[0.413s] Invoked command in '/home/zhettus/ros2_ws/build/rosbot_description' returned '0': CMAKE_PREFIX_PATH=${CMAKE_PREFIX_PATH}:/opt/ros/jazzy /usr/bin/cmake --install /home/zhettus/ros2_ws/build/rosbot_description
