running egg_info
creating ../../../build/rosbot_utils/rosbot_utils.egg-info
writing ../../../build/rosbot_utils/rosbot_utils.egg-info/PKG-INFO
writing dependency_links to ../../../build/rosbot_utils/rosbot_utils.egg-info/dependency_links.txt
writing entry points to ../../../build/rosbot_utils/rosbot_utils.egg-info/entry_points.txt
writing requirements to ../../../build/rosbot_utils/rosbot_utils.egg-info/requires.txt
writing top-level names to ../../../build/rosbot_utils/rosbot_utils.egg-info/top_level.txt
writing manifest file '../../../build/rosbot_utils/rosbot_utils.egg-info/SOURCES.txt'
reading manifest file '../../../build/rosbot_utils/rosbot_utils.egg-info/SOURCES.txt'
writing manifest file '../../../build/rosbot_utils/rosbot_utils.egg-info/SOURCES.txt'
running build
running build_py
creating /home/zhettus/ros2_ws/build/rosbot_utils/build
creating /home/zhettus/ros2_ws/build/rosbot_utils/build/lib
creating /home/zhettus/ros2_ws/build/rosbot_utils/build/lib/rosbot_utils
copying rosbot_utils/flash_firmware_usb.py -> /home/zhettus/ros2_ws/build/rosbot_utils/build/lib/rosbot_utils
copying rosbot_utils/__init__.py -> /home/zhettus/ros2_ws/build/rosbot_utils/build/lib/rosbot_utils
copying rosbot_utils/flash_firmware_uart.py -> /home/zhettus/ros2_ws/build/rosbot_utils/build/lib/rosbot_utils
copying rosbot_utils/flash_firmware.py -> /home/zhettus/ros2_ws/build/rosbot_utils/build/lib/rosbot_utils
running install
running install_lib
creating /home/zhettus/ros2_ws/install/rosbot_utils/lib/python3.12/site-packages/rosbot_utils
copying /home/zhettus/ros2_ws/build/rosbot_utils/build/lib/rosbot_utils/flash_firmware_usb.py -> /home/zhettus/ros2_ws/install/rosbot_utils/lib/python3.12/site-packages/rosbot_utils
copying /home/zhettus/ros2_ws/build/rosbot_utils/build/lib/rosbot_utils/__init__.py -> /home/zhettus/ros2_ws/install/rosbot_utils/lib/python3.12/site-packages/rosbot_utils
copying /home/zhettus/ros2_ws/build/rosbot_utils/build/lib/rosbot_utils/flash_firmware_uart.py -> /home/zhettus/ros2_ws/install/rosbot_utils/lib/python3.12/site-packages/rosbot_utils
copying /home/zhettus/ros2_ws/build/rosbot_utils/build/lib/rosbot_utils/flash_firmware.py -> /home/zhettus/ros2_ws/install/rosbot_utils/lib/python3.12/site-packages/rosbot_utils
byte-compiling /home/zhettus/ros2_ws/install/rosbot_utils/lib/python3.12/site-packages/rosbot_utils/flash_firmware_usb.py to flash_firmware_usb.cpython-312.pyc
byte-compiling /home/zhettus/ros2_ws/install/rosbot_utils/lib/python3.12/site-packages/rosbot_utils/__init__.py to __init__.cpython-312.pyc
byte-compiling /home/zhettus/ros2_ws/install/rosbot_utils/lib/python3.12/site-packages/rosbot_utils/flash_firmware_uart.py to flash_firmware_uart.cpython-312.pyc
byte-compiling /home/zhettus/ros2_ws/install/rosbot_utils/lib/python3.12/site-packages/rosbot_utils/flash_firmware.py to flash_firmware.cpython-312.pyc
running install_data
creating /home/zhettus/ros2_ws/install/rosbot_utils/share/ament_index
creating /home/zhettus/ros2_ws/install/rosbot_utils/share/ament_index/resource_index
creating /home/zhettus/ros2_ws/install/rosbot_utils/share/ament_index/resource_index/packages
copying resource/rosbot_utils -> /home/zhettus/ros2_ws/install/rosbot_utils/share/ament_index/resource_index/packages
copying package.xml -> /home/zhettus/ros2_ws/install/rosbot_utils/share/rosbot_utils
creating /home/zhettus/ros2_ws/install/rosbot_utils/share/rosbot_utils/firmware
creating /home/zhettus/ros2_ws/install/rosbot_utils/share/rosbot_utils/firmware/rosbot
copying firmware/rosbot/range_laserscan_fix.bin -> /home/zhettus/ros2_ws/install/rosbot_utils/share/rosbot_utils/firmware/rosbot
creating /home/zhettus/ros2_ws/install/rosbot_utils/share/rosbot_utils/firmware/rosbot_xl
copying firmware/rosbot/range_laserscan_fix.bin -> /home/zhettus/ros2_ws/install/rosbot_utils/share/rosbot_utils/firmware/rosbot_xl
running install_egg_info
Copying ../../../build/rosbot_utils/rosbot_utils.egg-info to /home/zhettus/ros2_ws/install/rosbot_utils/lib/python3.12/site-packages/rosbot_utils-0.0.0-py3.12.egg-info
running install_scripts
Installing flash_firmware script to /home/zhettus/ros2_ws/install/rosbot_utils/lib/rosbot_utils
writing list of installed files to '/home/zhettus/ros2_ws/build/rosbot_utils/install.log'
