/home/zhettus/ros2_ws/install/rosbot_utils/lib/python3.12/site-packages/rosbot_utils/flash_firmware_usb.py
/home/zhettus/ros2_ws/install/rosbot_utils/lib/python3.12/site-packages/rosbot_utils/__init__.py
/home/zhettus/ros2_ws/install/rosbot_utils/lib/python3.12/site-packages/rosbot_utils/flash_firmware_uart.py
/home/zhettus/ros2_ws/install/rosbot_utils/lib/python3.12/site-packages/rosbot_utils/flash_firmware.py
/home/zhettus/ros2_ws/install/rosbot_utils/lib/python3.12/site-packages/rosbot_utils/__pycache__/flash_firmware_usb.cpython-312.pyc
/home/zhettus/ros2_ws/install/rosbot_utils/lib/python3.12/site-packages/rosbot_utils/__pycache__/__init__.cpython-312.pyc
/home/zhettus/ros2_ws/install/rosbot_utils/lib/python3.12/site-packages/rosbot_utils/__pycache__/flash_firmware_uart.cpython-312.pyc
/home/zhettus/ros2_ws/install/rosbot_utils/lib/python3.12/site-packages/rosbot_utils/__pycache__/flash_firmware.cpython-312.pyc
/home/zhettus/ros2_ws/install/rosbot_utils/share/ament_index/resource_index/packages/rosbot_utils
/home/zhettus/ros2_ws/install/rosbot_utils/share/rosbot_utils/package.xml
/home/zhettus/ros2_ws/install/rosbot_utils/share/rosbot_utils/firmware/rosbot/range_laserscan_fix.bin
/home/zhettus/ros2_ws/install/rosbot_utils/share/rosbot_utils/firmware/rosbot_xl/range_laserscan_fix.bin
/home/zhettus/ros2_ws/install/rosbot_utils/lib/python3.12/site-packages/rosbot_utils-0.0.0-py3.12.egg-info/dependency_links.txt
/home/zhettus/ros2_ws/install/rosbot_utils/lib/python3.12/site-packages/rosbot_utils-0.0.0-py3.12.egg-info/top_level.txt
/home/zhettus/ros2_ws/install/rosbot_utils/lib/python3.12/site-packages/rosbot_utils-0.0.0-py3.12.egg-info/entry_points.txt
/home/zhettus/ros2_ws/install/rosbot_utils/lib/python3.12/site-packages/rosbot_utils-0.0.0-py3.12.egg-info/zip-safe
/home/zhettus/ros2_ws/install/rosbot_utils/lib/python3.12/site-packages/rosbot_utils-0.0.0-py3.12.egg-info/requires.txt
/home/zhettus/ros2_ws/install/rosbot_utils/lib/python3.12/site-packages/rosbot_utils-0.0.0-py3.12.egg-info/PKG-INFO
/home/zhettus/ros2_ws/install/rosbot_utils/lib/python3.12/site-packages/rosbot_utils-0.0.0-py3.12.egg-info/SOURCES.txt
/home/zhettus/ros2_ws/install/rosbot_utils/lib/rosbot_utils/flash_firmware
