running egg_info
creating ../../../build/rosbot_bringup/rosbot_bringup.egg-info
writing ../../../build/rosbot_bringup/rosbot_bringup.egg-info/PKG-INFO
writing dependency_links to ../../../build/rosbot_bringup/rosbot_bringup.egg-info/dependency_links.txt
writing requirements to ../../../build/rosbot_bringup/rosbot_bringup.egg-info/requires.txt
writing top-level names to ../../../build/rosbot_bringup/rosbot_bringup.egg-info/top_level.txt
writing manifest file '../../../build/rosbot_bringup/rosbot_bringup.egg-info/SOURCES.txt'
reading manifest file '../../../build/rosbot_bringup/rosbot_bringup.egg-info/SOURCES.txt'
writing manifest file '../../../build/rosbot_bringup/rosbot_bringup.egg-info/SOURCES.txt'
running build
running install
running install_data
creating /home/zhettus/ros2_ws/install/rosbot_bringup/share/ament_index
creating /home/zhettus/ros2_ws/install/rosbot_bringup/share/ament_index/resource_index
creating /home/zhettus/ros2_ws/install/rosbot_bringup/share/ament_index/resource_index/packages
copying resource/rosbot_bringup -> /home/zhettus/ros2_ws/install/rosbot_bringup/share/ament_index/resource_index/packages
copying package.xml -> /home/zhettus/ros2_ws/install/rosbot_bringup/share/rosbot_bringup
creating /home/zhettus/ros2_ws/install/rosbot_bringup/share/rosbot_bringup/config
copying config/microros_localhost_only.xml -> /home/zhettus/ros2_ws/install/rosbot_bringup/share/rosbot_bringup/config
creating /home/zhettus/ros2_ws/install/rosbot_bringup/share/rosbot_bringup/config/rosbot
copying config/rosbot_xl/laser_filter.yaml -> /home/zhettus/ros2_ws/install/rosbot_bringup/share/rosbot_bringup/config/rosbot
copying config/rosbot_xl/ekf.yaml -> /home/zhettus/ros2_ws/install/rosbot_bringup/share/rosbot_bringup/config/rosbot
creating /home/zhettus/ros2_ws/install/rosbot_bringup/share/rosbot_bringup/config/rosbot_xl
copying config/rosbot_xl/laser_filter.yaml -> /home/zhettus/ros2_ws/install/rosbot_bringup/share/rosbot_bringup/config/rosbot_xl
copying config/rosbot_xl/ekf.yaml -> /home/zhettus/ros2_ws/install/rosbot_bringup/share/rosbot_bringup/config/rosbot_xl
creating /home/zhettus/ros2_ws/install/rosbot_bringup/share/rosbot_bringup/launch
copying launch/microros.launch.py -> /home/zhettus/ros2_ws/install/rosbot_bringup/share/rosbot_bringup/launch
copying launch/bringup.launch.py -> /home/zhettus/ros2_ws/install/rosbot_bringup/share/rosbot_bringup/launch
running install_egg_info
Copying ../../../build/rosbot_bringup/rosbot_bringup.egg-info to /home/zhettus/ros2_ws/install/rosbot_bringup/lib/python3.12/site-packages/rosbot_bringup-0.8.2-py3.12.egg-info
running install_scripts
writing list of installed files to '/home/zhettus/ros2_ws/build/rosbot_bringup/install.log'
