[0.788s] Invoking command in '/home/zhettus/ros2_ws/src/rosbot_xl_ros/rosbot_bringup': PYTHONPATH=/home/zhettus/ros2_ws/build/rosbot_bringup/prefix_override:/usr/lib/python3/dist-packages/colcon_core/task/python/colcon_distutils_commands:/home/zhettus/ros2_ws/install/rosbot_bringup/lib/python3.12/site-packages:${PYTHONPATH} /usr/bin/python3 -W ignore:setup.py install is deprecated -W ignore:easy_install command is deprecated setup.py egg_info --egg-base ../../../build/rosbot_bringup build --build-base /home/zhettus/ros2_ws/build/rosbot_bringup/build install --record /home/zhettus/ros2_ws/build/rosbot_bringup/install.log --single-version-externally-managed install_data
[0.930s] running egg_info
[0.930s] creating ../../../build/rosbot_bringup/rosbot_bringup.egg-info
[0.939s] writing ../../../build/rosbot_bringup/rosbot_bringup.egg-info/PKG-INFO
[0.939s] writing dependency_links to ../../../build/rosbot_bringup/rosbot_bringup.egg-info/dependency_links.txt
[0.939s] writing requirements to ../../../build/rosbot_bringup/rosbot_bringup.egg-info/requires.txt
[0.939s] writing top-level names to ../../../build/rosbot_bringup/rosbot_bringup.egg-info/top_level.txt
[0.939s] writing manifest file '../../../build/rosbot_bringup/rosbot_bringup.egg-info/SOURCES.txt'
[0.948s] reading manifest file '../../../build/rosbot_bringup/rosbot_bringup.egg-info/SOURCES.txt'
[0.949s] writing manifest file '../../../build/rosbot_bringup/rosbot_bringup.egg-info/SOURCES.txt'
[0.949s] running build
[0.949s] running install
[0.956s] running install_data
[0.956s] creating /home/zhettus/ros2_ws/install/rosbot_bringup/share/ament_index
[0.956s] creating /home/zhettus/ros2_ws/install/rosbot_bringup/share/ament_index/resource_index
[0.956s] creating /home/zhettus/ros2_ws/install/rosbot_bringup/share/ament_index/resource_index/packages
[0.956s] copying resource/rosbot_bringup -> /home/zhettus/ros2_ws/install/rosbot_bringup/share/ament_index/resource_index/packages
[0.956s] copying package.xml -> /home/zhettus/ros2_ws/install/rosbot_bringup/share/rosbot_bringup
[0.956s] creating /home/zhettus/ros2_ws/install/rosbot_bringup/share/rosbot_bringup/config
[0.956s] copying config/microros_localhost_only.xml -> /home/zhettus/ros2_ws/install/rosbot_bringup/share/rosbot_bringup/config
[0.956s] creating /home/zhettus/ros2_ws/install/rosbot_bringup/share/rosbot_bringup/config/rosbot
[0.956s] copying config/rosbot_xl/laser_filter.yaml -> /home/zhettus/ros2_ws/install/rosbot_bringup/share/rosbot_bringup/config/rosbot
[0.956s] copying config/rosbot_xl/ekf.yaml -> /home/zhettus/ros2_ws/install/rosbot_bringup/share/rosbot_bringup/config/rosbot
[0.956s] creating /home/zhettus/ros2_ws/install/rosbot_bringup/share/rosbot_bringup/config/rosbot_xl
[0.956s] copying config/rosbot_xl/laser_filter.yaml -> /home/zhettus/ros2_ws/install/rosbot_bringup/share/rosbot_bringup/config/rosbot_xl
[0.956s] copying config/rosbot_xl/ekf.yaml -> /home/zhettus/ros2_ws/install/rosbot_bringup/share/rosbot_bringup/config/rosbot_xl
[0.956s] creating /home/zhettus/ros2_ws/install/rosbot_bringup/share/rosbot_bringup/launch
[0.956s] copying launch/microros.launch.py -> /home/zhettus/ros2_ws/install/rosbot_bringup/share/rosbot_bringup/launch
[0.956s] copying launch/bringup.launch.py -> /home/zhettus/ros2_ws/install/rosbot_bringup/share/rosbot_bringup/launch
[0.956s] running install_egg_info
[0.977s] Copying ../../../build/rosbot_bringup/rosbot_bringup.egg-info to /home/zhettus/ros2_ws/install/rosbot_bringup/lib/python3.12/site-packages/rosbot_bringup-0.8.2-py3.12.egg-info
[0.977s] running install_scripts
[1.064s] writing list of installed files to '/home/zhettus/ros2_ws/build/rosbot_bringup/install.log'
[1.083s] Invoked command in '/home/zhettus/ros2_ws/src/rosbot_xl_ros/rosbot_bringup' returned '0': PYTHONPATH=/home/zhettus/ros2_ws/build/rosbot_bringup/prefix_override:/usr/lib/python3/dist-packages/colcon_core/task/python/colcon_distutils_commands:/home/zhettus/ros2_ws/install/rosbot_bringup/lib/python3.12/site-packages:${PYTHONPATH} /usr/bin/python3 -W ignore:setup.py install is deprecated -W ignore:easy_install command is deprecated setup.py egg_info --egg-base ../../../build/rosbot_bringup build --build-base /home/zhettus/ros2_ws/build/rosbot_bringup/build install --record /home/zhettus/ros2_ws/build/rosbot_bringup/install.log --single-version-externally-managed install_data
