[0.053s] DEBUG:colcon:Command line arguments: ['/usr/bin/colcon', 'build']
[0.053s] DEBUG:colcon:Parsed command line arguments: Namespace(log_base=None, log_level=None, verb_name='build', build_base='build', install_base='install', merge_install=False, symlink_install=False, test_result_base=None, continue_on_error=False, executor='parallel', parallel_workers=6, event_handlers=None, ignore_user_meta=False, metas=['./colcon.meta'], base_paths=['.'], packages_ignore=None, packages_ignore_regex=None, paths=None, packages_up_to=None, packages_up_to_regex=None, packages_above=None, packages_above_and_dependencies=None, packages_above_depth=None, packages_select_by_dep=None, packages_skip_by_dep=None, packages_skip_up_to=None, packages_select_build_failed=False, packages_skip_build_finished=False, packages_select_test_failures=False, packages_skip_test_passed=False, packages_select=None, packages_skip=None, packages_select_regex=None, packages_skip_regex=None, packages_start=None, packages_end=None, allow_overriding=[], cmake_args=None, cmake_target=None, cmake_target_skip_unavailable=False, cmake_clean_cache=False, cmake_clean_first=False, cmake_force_configure=False, ament_cmake_args=None, catkin_cmake_args=None, catkin_skip_building_tests=False, verb_parser=<colcon_defaults.argument_parser.defaults.DefaultArgumentsDecorator object at 0xf21724226bd0>, verb_extension=<colcon_core.verb.build.BuildVerb object at 0xf21724226270>, main=<bound method BuildVerb.main of <colcon_core.verb.build.BuildVerb object at 0xf21724226270>>)
[0.073s] Level 1:colcon.colcon_core.package_discovery:discover_packages(colcon_meta) check parameters
[0.073s] Level 1:colcon.colcon_core.package_discovery:discover_packages(recursive) check parameters
[0.073s] Level 1:colcon.colcon_core.package_discovery:discover_packages(ignore) check parameters
[0.073s] Level 1:colcon.colcon_core.package_discovery:discover_packages(path) check parameters
[0.073s] Level 1:colcon.colcon_core.package_discovery:discover_packages(colcon_meta) discover
[0.073s] Level 1:colcon.colcon_core.package_discovery:discover_packages(recursive) discover
[0.073s] INFO:colcon.colcon_core.package_discovery:Crawling recursively for packages in '/home/zhettus/ros2_ws'
[0.073s] Level 1:colcon.colcon_core.package_identification:_identify(.) by extensions ['ignore', 'ignore_ament_install']
[0.073s] Level 1:colcon.colcon_core.package_identification:_identify(.) by extension 'ignore'
[0.073s] Level 1:colcon.colcon_core.package_identification:_identify(.) by extension 'ignore_ament_install'
[0.073s] Level 1:colcon.colcon_core.package_identification:_identify(.) by extensions ['colcon_pkg']
[0.073s] Level 1:colcon.colcon_core.package_identification:_identify(.) by extension 'colcon_pkg'
[0.073s] Level 1:colcon.colcon_core.package_identification:_identify(.) by extensions ['colcon_meta']
[0.073s] Level 1:colcon.colcon_core.package_identification:_identify(.) by extension 'colcon_meta'
[0.073s] Level 1:colcon.colcon_core.package_identification:_identify(.) by extensions ['ros']
[0.073s] Level 1:colcon.colcon_core.package_identification:_identify(.) by extension 'ros'
[0.086s] Level 1:colcon.colcon_core.package_identification:_identify(.) by extensions ['cmake', 'python']
[0.086s] Level 1:colcon.colcon_core.package_identification:_identify(.) by extension 'cmake'
[0.086s] Level 1:colcon.colcon_core.package_identification:_identify(.) by extension 'python'
[0.086s] Level 1:colcon.colcon_core.package_identification:_identify(.) by extensions ['python_setup_py']
[0.086s] Level 1:colcon.colcon_core.package_identification:_identify(.) by extension 'python_setup_py'
[0.086s] Level 1:colcon.colcon_core.package_identification:_identify(__pycache__) by extensions ['ignore', 'ignore_ament_install']
[0.086s] Level 1:colcon.colcon_core.package_identification:_identify(__pycache__) by extension 'ignore'
[0.086s] Level 1:colcon.colcon_core.package_identification:_identify(__pycache__) by extension 'ignore_ament_install'
[0.086s] Level 1:colcon.colcon_core.package_identification:_identify(__pycache__) by extensions ['colcon_pkg']
[0.086s] Level 1:colcon.colcon_core.package_identification:_identify(__pycache__) by extension 'colcon_pkg'
[0.086s] Level 1:colcon.colcon_core.package_identification:_identify(__pycache__) by extensions ['colcon_meta']
[0.086s] Level 1:colcon.colcon_core.package_identification:_identify(__pycache__) by extension 'colcon_meta'
[0.086s] Level 1:colcon.colcon_core.package_identification:_identify(__pycache__) by extensions ['ros']
[0.086s] Level 1:colcon.colcon_core.package_identification:_identify(__pycache__) by extension 'ros'
[0.086s] Level 1:colcon.colcon_core.package_identification:_identify(__pycache__) by extensions ['cmake', 'python']
[0.086s] Level 1:colcon.colcon_core.package_identification:_identify(__pycache__) by extension 'cmake'
[0.086s] Level 1:colcon.colcon_core.package_identification:_identify(__pycache__) by extension 'python'
[0.086s] Level 1:colcon.colcon_core.package_identification:_identify(__pycache__) by extensions ['python_setup_py']
[0.086s] Level 1:colcon.colcon_core.package_identification:_identify(__pycache__) by extension 'python_setup_py'
[0.086s] Level 1:colcon.colcon_core.package_identification:_identify(build) by extensions ['ignore', 'ignore_ament_install']
[0.087s] Level 1:colcon.colcon_core.package_identification:_identify(build) by extension 'ignore'
[0.087s] Level 1:colcon.colcon_core.package_identification:_identify(build) ignored
[0.087s] Level 1:colcon.colcon_core.package_identification:_identify(install) by extensions ['ignore', 'ignore_ament_install']
[0.087s] Level 1:colcon.colcon_core.package_identification:_identify(install) by extension 'ignore'
[0.087s] Level 1:colcon.colcon_core.package_identification:_identify(install) ignored
[0.087s] Level 1:colcon.colcon_core.package_identification:_identify(log) by extensions ['ignore', 'ignore_ament_install']
[0.087s] Level 1:colcon.colcon_core.package_identification:_identify(log) by extension 'ignore'
[0.087s] Level 1:colcon.colcon_core.package_identification:_identify(log) ignored
[0.087s] Level 1:colcon.colcon_core.package_identification:_identify(src) by extensions ['ignore', 'ignore_ament_install']
[0.087s] Level 1:colcon.colcon_core.package_identification:_identify(src) by extension 'ignore'
[0.087s] Level 1:colcon.colcon_core.package_identification:_identify(src) by extension 'ignore_ament_install'
[0.087s] Level 1:colcon.colcon_core.package_identification:_identify(src) by extensions ['colcon_pkg']
[0.087s] Level 1:colcon.colcon_core.package_identification:_identify(src) by extension 'colcon_pkg'
[0.087s] Level 1:colcon.colcon_core.package_identification:_identify(src) by extensions ['colcon_meta']
[0.087s] Level 1:colcon.colcon_core.package_identification:_identify(src) by extension 'colcon_meta'
[0.087s] Level 1:colcon.colcon_core.package_identification:_identify(src) by extensions ['ros']
[0.087s] Level 1:colcon.colcon_core.package_identification:_identify(src) by extension 'ros'
[0.087s] Level 1:colcon.colcon_core.package_identification:_identify(src) by extensions ['cmake', 'python']
[0.087s] Level 1:colcon.colcon_core.package_identification:_identify(src) by extension 'cmake'
[0.087s] Level 1:colcon.colcon_core.package_identification:_identify(src) by extension 'python'
[0.087s] Level 1:colcon.colcon_core.package_identification:_identify(src) by extensions ['python_setup_py']
[0.087s] Level 1:colcon.colcon_core.package_identification:_identify(src) by extension 'python_setup_py'
[0.087s] Level 1:colcon.colcon_core.package_identification:_identify(src/rosbot_xl_ros) by extensions ['ignore', 'ignore_ament_install']
[0.087s] Level 1:colcon.colcon_core.package_identification:_identify(src/rosbot_xl_ros) by extension 'ignore'
[0.087s] Level 1:colcon.colcon_core.package_identification:_identify(src/rosbot_xl_ros) by extension 'ignore_ament_install'
[0.087s] Level 1:colcon.colcon_core.package_identification:_identify(src/rosbot_xl_ros) by extensions ['colcon_pkg']
[0.087s] Level 1:colcon.colcon_core.package_identification:_identify(src/rosbot_xl_ros) by extension 'colcon_pkg'
[0.087s] Level 1:colcon.colcon_core.package_identification:_identify(src/rosbot_xl_ros) by extensions ['colcon_meta']
[0.087s] Level 1:colcon.colcon_core.package_identification:_identify(src/rosbot_xl_ros) by extension 'colcon_meta'
[0.087s] Level 1:colcon.colcon_core.package_identification:_identify(src/rosbot_xl_ros) by extensions ['ros']
[0.087s] Level 1:colcon.colcon_core.package_identification:_identify(src/rosbot_xl_ros) by extension 'ros'
[0.087s] Level 1:colcon.colcon_core.package_identification:_identify(src/rosbot_xl_ros) by extensions ['cmake', 'python']
[0.087s] Level 1:colcon.colcon_core.package_identification:_identify(src/rosbot_xl_ros) by extension 'cmake'
[0.087s] Level 1:colcon.colcon_core.package_identification:_identify(src/rosbot_xl_ros) by extension 'python'
[0.087s] Level 1:colcon.colcon_core.package_identification:_identify(src/rosbot_xl_ros) by extensions ['python_setup_py']
[0.087s] Level 1:colcon.colcon_core.package_identification:_identify(src/rosbot_xl_ros) by extension 'python_setup_py'
[0.087s] Level 1:colcon.colcon_core.package_identification:_identify(src/rosbot_xl_ros/docker) by extensions ['ignore', 'ignore_ament_install']
[0.087s] Level 1:colcon.colcon_core.package_identification:_identify(src/rosbot_xl_ros/docker) by extension 'ignore'
[0.087s] Level 1:colcon.colcon_core.package_identification:_identify(src/rosbot_xl_ros/docker) by extension 'ignore_ament_install'
[0.087s] Level 1:colcon.colcon_core.package_identification:_identify(src/rosbot_xl_ros/docker) by extensions ['colcon_pkg']
[0.087s] Level 1:colcon.colcon_core.package_identification:_identify(src/rosbot_xl_ros/docker) by extension 'colcon_pkg'
[0.087s] Level 1:colcon.colcon_core.package_identification:_identify(src/rosbot_xl_ros/docker) by extensions ['colcon_meta']
[0.087s] Level 1:colcon.colcon_core.package_identification:_identify(src/rosbot_xl_ros/docker) by extension 'colcon_meta'
[0.087s] Level 1:colcon.colcon_core.package_identification:_identify(src/rosbot_xl_ros/docker) by extensions ['ros']
[0.087s] Level 1:colcon.colcon_core.package_identification:_identify(src/rosbot_xl_ros/docker) by extension 'ros'
[0.087s] Level 1:colcon.colcon_core.package_identification:_identify(src/rosbot_xl_ros/docker) by extensions ['cmake', 'python']
[0.087s] Level 1:colcon.colcon_core.package_identification:_identify(src/rosbot_xl_ros/docker) by extension 'cmake'
[0.087s] Level 1:colcon.colcon_core.package_identification:_identify(src/rosbot_xl_ros/docker) by extension 'python'
[0.087s] Level 1:colcon.colcon_core.package_identification:_identify(src/rosbot_xl_ros/docker) by extensions ['python_setup_py']
[0.087s] Level 1:colcon.colcon_core.package_identification:_identify(src/rosbot_xl_ros/docker) by extension 'python_setup_py'
[0.087s] Level 1:colcon.colcon_core.package_identification:_identify(src/rosbot_xl_ros/rosbot) by extensions ['ignore', 'ignore_ament_install']
[0.087s] Level 1:colcon.colcon_core.package_identification:_identify(src/rosbot_xl_ros/rosbot) by extension 'ignore'
[0.088s] Level 1:colcon.colcon_core.package_identification:_identify(src/rosbot_xl_ros/rosbot) by extension 'ignore_ament_install'
[0.088s] Level 1:colcon.colcon_core.package_identification:_identify(src/rosbot_xl_ros/rosbot) by extensions ['colcon_pkg']
[0.088s] Level 1:colcon.colcon_core.package_identification:_identify(src/rosbot_xl_ros/rosbot) by extension 'colcon_pkg'
[0.088s] Level 1:colcon.colcon_core.package_identification:_identify(src/rosbot_xl_ros/rosbot) by extensions ['colcon_meta']
[0.088s] Level 1:colcon.colcon_core.package_identification:_identify(src/rosbot_xl_ros/rosbot) by extension 'colcon_meta'
[0.088s] Level 1:colcon.colcon_core.package_identification:_identify(src/rosbot_xl_ros/rosbot) by extensions ['ros']
[0.088s] Level 1:colcon.colcon_core.package_identification:_identify(src/rosbot_xl_ros/rosbot) by extension 'ros'
[0.091s] DEBUG:colcon.colcon_core.package_identification:Package 'src/rosbot_xl_ros/rosbot' with type 'ros.ament_cmake' and name 'rosbot'
[0.091s] Level 1:colcon.colcon_core.package_identification:_identify(src/rosbot_xl_ros/rosbot_bringup) by extensions ['ignore', 'ignore_ament_install']
[0.091s] Level 1:colcon.colcon_core.package_identification:_identify(src/rosbot_xl_ros/rosbot_bringup) by extension 'ignore'
[0.091s] Level 1:colcon.colcon_core.package_identification:_identify(src/rosbot_xl_ros/rosbot_bringup) by extension 'ignore_ament_install'
[0.091s] Level 1:colcon.colcon_core.package_identification:_identify(src/rosbot_xl_ros/rosbot_bringup) by extensions ['colcon_pkg']
[0.091s] Level 1:colcon.colcon_core.package_identification:_identify(src/rosbot_xl_ros/rosbot_bringup) by extension 'colcon_pkg'
[0.091s] Level 1:colcon.colcon_core.package_identification:_identify(src/rosbot_xl_ros/rosbot_bringup) by extensions ['colcon_meta']
[0.091s] Level 1:colcon.colcon_core.package_identification:_identify(src/rosbot_xl_ros/rosbot_bringup) by extension 'colcon_meta'
[0.091s] Level 1:colcon.colcon_core.package_identification:_identify(src/rosbot_xl_ros/rosbot_bringup) by extensions ['ros']
[0.091s] Level 1:colcon.colcon_core.package_identification:_identify(src/rosbot_xl_ros/rosbot_bringup) by extension 'ros'
[0.092s] DEBUG:colcon.colcon_core.package_identification:Package 'src/rosbot_xl_ros/rosbot_bringup' with type 'ros.ament_python' and name 'rosbot_bringup'
[0.093s] Level 1:colcon.colcon_core.package_identification:_identify(src/rosbot_xl_ros/rosbot_controller) by extensions ['ignore', 'ignore_ament_install']
[0.093s] Level 1:colcon.colcon_core.package_identification:_identify(src/rosbot_xl_ros/rosbot_controller) by extension 'ignore'
[0.093s] Level 1:colcon.colcon_core.package_identification:_identify(src/rosbot_xl_ros/rosbot_controller) by extension 'ignore_ament_install'
[0.093s] Level 1:colcon.colcon_core.package_identification:_identify(src/rosbot_xl_ros/rosbot_controller) by extensions ['colcon_pkg']
[0.093s] Level 1:colcon.colcon_core.package_identification:_identify(src/rosbot_xl_ros/rosbot_controller) by extension 'colcon_pkg'
[0.093s] Level 1:colcon.colcon_core.package_identification:_identify(src/rosbot_xl_ros/rosbot_controller) by extensions ['colcon_meta']
[0.093s] Level 1:colcon.colcon_core.package_identification:_identify(src/rosbot_xl_ros/rosbot_controller) by extension 'colcon_meta'
[0.093s] Level 1:colcon.colcon_core.package_identification:_identify(src/rosbot_xl_ros/rosbot_controller) by extensions ['ros']
[0.093s] Level 1:colcon.colcon_core.package_identification:_identify(src/rosbot_xl_ros/rosbot_controller) by extension 'ros'
[0.093s] DEBUG:colcon.colcon_core.package_identification:Package 'src/rosbot_xl_ros/rosbot_controller' with type 'ros.ament_python' and name 'rosbot_controller'
[0.093s] Level 1:colcon.colcon_core.package_identification:_identify(src/rosbot_xl_ros/rosbot_description) by extensions ['ignore', 'ignore_ament_install']
[0.093s] Level 1:colcon.colcon_core.package_identification:_identify(src/rosbot_xl_ros/rosbot_description) by extension 'ignore'
[0.093s] Level 1:colcon.colcon_core.package_identification:_identify(src/rosbot_xl_ros/rosbot_description) by extension 'ignore_ament_install'
[0.093s] Level 1:colcon.colcon_core.package_identification:_identify(src/rosbot_xl_ros/rosbot_description) by extensions ['colcon_pkg']
[0.093s] Level 1:colcon.colcon_core.package_identification:_identify(src/rosbot_xl_ros/rosbot_description) by extension 'colcon_pkg'
[0.093s] Level 1:colcon.colcon_core.package_identification:_identify(src/rosbot_xl_ros/rosbot_description) by extensions ['colcon_meta']
[0.093s] Level 1:colcon.colcon_core.package_identification:_identify(src/rosbot_xl_ros/rosbot_description) by extension 'colcon_meta'
[0.093s] Level 1:colcon.colcon_core.package_identification:_identify(src/rosbot_xl_ros/rosbot_description) by extensions ['ros']
[0.093s] Level 1:colcon.colcon_core.package_identification:_identify(src/rosbot_xl_ros/rosbot_description) by extension 'ros'
[0.093s] DEBUG:colcon.colcon_core.package_identification:Package 'src/rosbot_xl_ros/rosbot_description' with type 'ros.ament_cmake' and name 'rosbot_description'
[0.093s] Level 1:colcon.colcon_core.package_identification:_identify(src/rosbot_xl_ros/rosbot_gazebo) by extensions ['ignore', 'ignore_ament_install']
[0.093s] Level 1:colcon.colcon_core.package_identification:_identify(src/rosbot_xl_ros/rosbot_gazebo) by extension 'ignore'
[0.094s] Level 1:colcon.colcon_core.package_identification:_identify(src/rosbot_xl_ros/rosbot_gazebo) by extension 'ignore_ament_install'
[0.094s] Level 1:colcon.colcon_core.package_identification:_identify(src/rosbot_xl_ros/rosbot_gazebo) by extensions ['colcon_pkg']
[0.094s] Level 1:colcon.colcon_core.package_identification:_identify(src/rosbot_xl_ros/rosbot_gazebo) by extension 'colcon_pkg'
[0.094s] Level 1:colcon.colcon_core.package_identification:_identify(src/rosbot_xl_ros/rosbot_gazebo) by extensions ['colcon_meta']
[0.094s] Level 1:colcon.colcon_core.package_identification:_identify(src/rosbot_xl_ros/rosbot_gazebo) by extension 'colcon_meta'
[0.094s] Level 1:colcon.colcon_core.package_identification:_identify(src/rosbot_xl_ros/rosbot_gazebo) by extensions ['ros']
[0.094s] Level 1:colcon.colcon_core.package_identification:_identify(src/rosbot_xl_ros/rosbot_gazebo) by extension 'ros'
[0.096s] DEBUG:colcon.colcon_core.package_identification:Package 'src/rosbot_xl_ros/rosbot_gazebo' with type 'ros.ament_python' and name 'rosbot_gazebo'
[0.096s] Level 1:colcon.colcon_core.package_identification:_identify(src/rosbot_xl_ros/rosbot_utils) by extensions ['ignore', 'ignore_ament_install']
[0.096s] Level 1:colcon.colcon_core.package_identification:_identify(src/rosbot_xl_ros/rosbot_utils) by extension 'ignore'
[0.096s] Level 1:colcon.colcon_core.package_identification:_identify(src/rosbot_xl_ros/rosbot_utils) by extension 'ignore_ament_install'
[0.096s] Level 1:colcon.colcon_core.package_identification:_identify(src/rosbot_xl_ros/rosbot_utils) by extensions ['colcon_pkg']
[0.096s] Level 1:colcon.colcon_core.package_identification:_identify(src/rosbot_xl_ros/rosbot_utils) by extension 'colcon_pkg'
[0.096s] Level 1:colcon.colcon_core.package_identification:_identify(src/rosbot_xl_ros/rosbot_utils) by extensions ['colcon_meta']
[0.096s] Level 1:colcon.colcon_core.package_identification:_identify(src/rosbot_xl_ros/rosbot_utils) by extension 'colcon_meta'
[0.096s] Level 1:colcon.colcon_core.package_identification:_identify(src/rosbot_xl_ros/rosbot_utils) by extensions ['ros']
[0.096s] Level 1:colcon.colcon_core.package_identification:_identify(src/rosbot_xl_ros/rosbot_utils) by extension 'ros'
[0.096s] DEBUG:colcon.colcon_core.package_identification:Package 'src/rosbot_xl_ros/rosbot_utils' with type 'ros.ament_python' and name 'rosbot_utils'
[0.096s] Level 1:colcon.colcon_core.package_identification:_identify(src/test) by extensions ['ignore', 'ignore_ament_install']
[0.096s] Level 1:colcon.colcon_core.package_identification:_identify(src/test) by extension 'ignore'
[0.096s] Level 1:colcon.colcon_core.package_identification:_identify(src/test) by extension 'ignore_ament_install'
[0.096s] Level 1:colcon.colcon_core.package_identification:_identify(src/test) by extensions ['colcon_pkg']
[0.096s] Level 1:colcon.colcon_core.package_identification:_identify(src/test) by extension 'colcon_pkg'
[0.096s] Level 1:colcon.colcon_core.package_identification:_identify(src/test) by extensions ['colcon_meta']
[0.096s] Level 1:colcon.colcon_core.package_identification:_identify(src/test) by extension 'colcon_meta'
[0.096s] Level 1:colcon.colcon_core.package_identification:_identify(src/test) by extensions ['ros']
[0.096s] Level 1:colcon.colcon_core.package_identification:_identify(src/test) by extension 'ros'
[0.096s] DEBUG:colcon.colcon_core.package_identification:Package 'src/test' with type 'ros.ament_cmake' and name 'test'
[0.096s] Level 1:colcon.colcon_core.package_identification:_identify(src/tutorial_pkg) by extensions ['ignore', 'ignore_ament_install']
[0.096s] Level 1:colcon.colcon_core.package_identification:_identify(src/tutorial_pkg) by extension 'ignore'
[0.097s] Level 1:colcon.colcon_core.package_identification:_identify(src/tutorial_pkg) by extension 'ignore_ament_install'
[0.097s] Level 1:colcon.colcon_core.package_identification:_identify(src/tutorial_pkg) by extensions ['colcon_pkg']
[0.097s] Level 1:colcon.colcon_core.package_identification:_identify(src/tutorial_pkg) by extension 'colcon_pkg'
[0.097s] Level 1:colcon.colcon_core.package_identification:_identify(src/tutorial_pkg) by extensions ['colcon_meta']
[0.097s] Level 1:colcon.colcon_core.package_identification:_identify(src/tutorial_pkg) by extension 'colcon_meta'
[0.097s] Level 1:colcon.colcon_core.package_identification:_identify(src/tutorial_pkg) by extensions ['ros']
[0.097s] Level 1:colcon.colcon_core.package_identification:_identify(src/tutorial_pkg) by extension 'ros'
[0.097s] DEBUG:colcon.colcon_core.package_identification:Package 'src/tutorial_pkg' with type 'ros.ament_cmake' and name 'tutorial_pkg'
[0.097s] Level 1:colcon.colcon_core.package_discovery:discover_packages(recursive) using defaults
[0.097s] Level 1:colcon.colcon_core.package_discovery:discover_packages(ignore) discover
[0.097s] Level 1:colcon.colcon_core.package_discovery:discover_packages(ignore) using defaults
[0.097s] Level 1:colcon.colcon_core.package_discovery:discover_packages(path) discover
[0.097s] Level 1:colcon.colcon_core.package_discovery:discover_packages(path) using defaults
[0.107s] Level 1:colcon.colcon_core.package_discovery:discover_packages(prefix_path) check parameters
[0.107s] Level 1:colcon.colcon_core.package_discovery:discover_packages(prefix_path) discover
[0.107s] WARNING:colcon.colcon_ros.prefix_path.ament:The path '/home/zhettus/ros2_ws/install/test' in the environment variable AMENT_PREFIX_PATH doesn't exist
[0.107s] WARNING:colcon.colcon_ros.prefix_path.ament:The path '/home/zhettus/ros2_ws/install/rosbot_gazebo' in the environment variable AMENT_PREFIX_PATH doesn't exist
[0.107s] WARNING:colcon.colcon_ros.prefix_path.ament:The path '/home/zhettus/ros2_ws/install/rosbot_bringup' in the environment variable AMENT_PREFIX_PATH doesn't exist
[0.107s] WARNING:colcon.colcon_ros.prefix_path.ament:The path '/home/zhettus/ros2_ws/install/rosbot' in the environment variable AMENT_PREFIX_PATH doesn't exist
[0.107s] WARNING:colcon.colcon_ros.prefix_path.ament:The path '/home/zhettus/ros2_ws/install/rosbot_controller' in the environment variable AMENT_PREFIX_PATH doesn't exist
[0.107s] WARNING:colcon.colcon_ros.prefix_path.ament:The path '/home/zhettus/ros2_ws/install/rosbot_utils' in the environment variable AMENT_PREFIX_PATH doesn't exist
[0.107s] WARNING:colcon.colcon_ros.prefix_path.ament:The path '/home/zhettus/ros2_ws/install/rosbot_moveit' in the environment variable AMENT_PREFIX_PATH doesn't exist
[0.107s] WARNING:colcon.colcon_ros.prefix_path.ament:The path '/home/zhettus/ros2_ws/install/rosbot_localization' in the environment variable AMENT_PREFIX_PATH doesn't exist
[0.107s] WARNING:colcon.colcon_ros.prefix_path.ament:The path '/home/zhettus/ros2_ws/install/rosbot_joy' in the environment variable AMENT_PREFIX_PATH doesn't exist
[0.107s] WARNING:colcon.colcon_ros.prefix_path.ament:The path '/home/zhettus/ros2_ws/install/rosbot_hardware_interfaces' in the environment variable AMENT_PREFIX_PATH doesn't exist
[0.107s] WARNING:colcon.colcon_ros.prefix_path.ament:The path '/home/zhettus/ros2_ws/install/rosbot_description' in the environment variable AMENT_PREFIX_PATH doesn't exist
[0.107s] WARNING:colcon.colcon_ros.prefix_path.catkin:The path '/home/zhettus/ros2_ws/install/test' in the environment variable CMAKE_PREFIX_PATH doesn't exist
[0.107s] WARNING:colcon.colcon_ros.prefix_path.catkin:The path '/home/zhettus/ros2_ws/install/rosbot_gazebo' in the environment variable CMAKE_PREFIX_PATH doesn't exist
[0.107s] WARNING:colcon.colcon_ros.prefix_path.catkin:The path '/home/zhettus/ros2_ws/install/rosbot_bringup' in the environment variable CMAKE_PREFIX_PATH doesn't exist
[0.108s] WARNING:colcon.colcon_ros.prefix_path.catkin:The path '/home/zhettus/ros2_ws/install/rosbot' in the environment variable CMAKE_PREFIX_PATH doesn't exist
[0.108s] WARNING:colcon.colcon_ros.prefix_path.catkin:The path '/home/zhettus/ros2_ws/install/rosbot_controller' in the environment variable CMAKE_PREFIX_PATH doesn't exist
[0.108s] WARNING:colcon.colcon_ros.prefix_path.catkin:The path '/home/zhettus/ros2_ws/install/rosbot_utils' in the environment variable CMAKE_PREFIX_PATH doesn't exist
[0.108s] WARNING:colcon.colcon_ros.prefix_path.catkin:The path '/home/zhettus/ros2_ws/install/rosbot_moveit' in the environment variable CMAKE_PREFIX_PATH doesn't exist
[0.108s] WARNING:colcon.colcon_ros.prefix_path.catkin:The path '/home/zhettus/ros2_ws/install/rosbot_localization' in the environment variable CMAKE_PREFIX_PATH doesn't exist
[0.108s] WARNING:colcon.colcon_ros.prefix_path.catkin:The path '/home/zhettus/ros2_ws/install/rosbot_joy' in the environment variable CMAKE_PREFIX_PATH doesn't exist
[0.108s] WARNING:colcon.colcon_ros.prefix_path.catkin:The path '/home/zhettus/ros2_ws/install/rosbot_hardware_interfaces' in the environment variable CMAKE_PREFIX_PATH doesn't exist
[0.108s] WARNING:colcon.colcon_ros.prefix_path.catkin:The path '/home/zhettus/ros2_ws/install/rosbot_description' in the environment variable CMAKE_PREFIX_PATH doesn't exist
[0.108s] DEBUG:colcon.colcon_installed_package_information.package_discovery:Found 0 installed packages in /home/zhettus/ros2_ws/install
[0.109s] DEBUG:colcon.colcon_installed_package_information.package_discovery:Found 458 installed packages in /opt/ros/jazzy
[0.110s] Level 1:colcon.colcon_core.package_discovery:discover_packages(prefix_path) using defaults
[0.148s] Level 5:colcon.colcon_core.verb:set package 'rosbot' build argument 'cmake_args' from command line to 'None'
[0.148s] Level 5:colcon.colcon_core.verb:set package 'rosbot' build argument 'cmake_target' from command line to 'None'
[0.148s] Level 5:colcon.colcon_core.verb:set package 'rosbot' build argument 'cmake_target_skip_unavailable' from command line to 'False'
[0.148s] Level 5:colcon.colcon_core.verb:set package 'rosbot' build argument 'cmake_clean_cache' from command line to 'False'
[0.148s] Level 5:colcon.colcon_core.verb:set package 'rosbot' build argument 'cmake_clean_first' from command line to 'False'
[0.148s] Level 5:colcon.colcon_core.verb:set package 'rosbot' build argument 'cmake_force_configure' from command line to 'False'
[0.148s] Level 5:colcon.colcon_core.verb:set package 'rosbot' build argument 'ament_cmake_args' from command line to 'None'
[0.148s] Level 5:colcon.colcon_core.verb:set package 'rosbot' build argument 'catkin_cmake_args' from command line to 'None'
[0.148s] Level 5:colcon.colcon_core.verb:set package 'rosbot' build argument 'catkin_skip_building_tests' from command line to 'False'
[0.148s] DEBUG:colcon.colcon_core.verb:Building package 'rosbot' with the following arguments: {'ament_cmake_args': None, 'build_base': '/home/zhettus/ros2_ws/build/rosbot', 'catkin_cmake_args': None, 'catkin_skip_building_tests': False, 'cmake_args': None, 'cmake_clean_cache': False, 'cmake_clean_first': False, 'cmake_force_configure': False, 'cmake_target': None, 'cmake_target_skip_unavailable': False, 'install_base': '/home/zhettus/ros2_ws/install/rosbot', 'merge_install': False, 'path': '/home/zhettus/ros2_ws/src/rosbot_xl_ros/rosbot', 'symlink_install': False, 'test_result_base': None}
[0.149s] Level 5:colcon.colcon_core.verb:set package 'rosbot_bringup' build argument 'cmake_args' from command line to 'None'
[0.149s] Level 5:colcon.colcon_core.verb:set package 'rosbot_bringup' build argument 'cmake_target' from command line to 'None'
[0.149s] Level 5:colcon.colcon_core.verb:set package 'rosbot_bringup' build argument 'cmake_target_skip_unavailable' from command line to 'False'
[0.149s] Level 5:colcon.colcon_core.verb:set package 'rosbot_bringup' build argument 'cmake_clean_cache' from command line to 'False'
[0.149s] Level 5:colcon.colcon_core.verb:set package 'rosbot_bringup' build argument 'cmake_clean_first' from command line to 'False'
[0.149s] Level 5:colcon.colcon_core.verb:set package 'rosbot_bringup' build argument 'cmake_force_configure' from command line to 'False'
[0.149s] Level 5:colcon.colcon_core.verb:set package 'rosbot_bringup' build argument 'ament_cmake_args' from command line to 'None'
[0.149s] Level 5:colcon.colcon_core.verb:set package 'rosbot_bringup' build argument 'catkin_cmake_args' from command line to 'None'
[0.149s] Level 5:colcon.colcon_core.verb:set package 'rosbot_bringup' build argument 'catkin_skip_building_tests' from command line to 'False'
[0.149s] DEBUG:colcon.colcon_core.verb:Building package 'rosbot_bringup' with the following arguments: {'ament_cmake_args': None, 'build_base': '/home/zhettus/ros2_ws/build/rosbot_bringup', 'catkin_cmake_args': None, 'catkin_skip_building_tests': False, 'cmake_args': None, 'cmake_clean_cache': False, 'cmake_clean_first': False, 'cmake_force_configure': False, 'cmake_target': None, 'cmake_target_skip_unavailable': False, 'install_base': '/home/zhettus/ros2_ws/install/rosbot_bringup', 'merge_install': False, 'path': '/home/zhettus/ros2_ws/src/rosbot_xl_ros/rosbot_bringup', 'symlink_install': False, 'test_result_base': None}
[0.149s] Level 5:colcon.colcon_core.verb:set package 'rosbot_description' build argument 'cmake_args' from command line to 'None'
[0.149s] Level 5:colcon.colcon_core.verb:set package 'rosbot_description' build argument 'cmake_target' from command line to 'None'
[0.149s] Level 5:colcon.colcon_core.verb:set package 'rosbot_description' build argument 'cmake_target_skip_unavailable' from command line to 'False'
[0.149s] Level 5:colcon.colcon_core.verb:set package 'rosbot_description' build argument 'cmake_clean_cache' from command line to 'False'
[0.149s] Level 5:colcon.colcon_core.verb:set package 'rosbot_description' build argument 'cmake_clean_first' from command line to 'False'
[0.149s] Level 5:colcon.colcon_core.verb:set package 'rosbot_description' build argument 'cmake_force_configure' from command line to 'False'
[0.149s] Level 5:colcon.colcon_core.verb:set package 'rosbot_description' build argument 'ament_cmake_args' from command line to 'None'
[0.149s] Level 5:colcon.colcon_core.verb:set package 'rosbot_description' build argument 'catkin_cmake_args' from command line to 'None'
[0.149s] Level 5:colcon.colcon_core.verb:set package 'rosbot_description' build argument 'catkin_skip_building_tests' from command line to 'False'
[0.149s] DEBUG:colcon.colcon_core.verb:Building package 'rosbot_description' with the following arguments: {'ament_cmake_args': None, 'build_base': '/home/zhettus/ros2_ws/build/rosbot_description', 'catkin_cmake_args': None, 'catkin_skip_building_tests': False, 'cmake_args': None, 'cmake_clean_cache': False, 'cmake_clean_first': False, 'cmake_force_configure': False, 'cmake_target': None, 'cmake_target_skip_unavailable': False, 'install_base': '/home/zhettus/ros2_ws/install/rosbot_description', 'merge_install': False, 'path': '/home/zhettus/ros2_ws/src/rosbot_xl_ros/rosbot_description', 'symlink_install': False, 'test_result_base': None}
[0.149s] Level 5:colcon.colcon_core.verb:set package 'rosbot_gazebo' build argument 'cmake_args' from command line to 'None'
[0.149s] Level 5:colcon.colcon_core.verb:set package 'rosbot_gazebo' build argument 'cmake_target' from command line to 'None'
[0.149s] Level 5:colcon.colcon_core.verb:set package 'rosbot_gazebo' build argument 'cmake_target_skip_unavailable' from command line to 'False'
[0.149s] Level 5:colcon.colcon_core.verb:set package 'rosbot_gazebo' build argument 'cmake_clean_cache' from command line to 'False'
[0.149s] Level 5:colcon.colcon_core.verb:set package 'rosbot_gazebo' build argument 'cmake_clean_first' from command line to 'False'
[0.149s] Level 5:colcon.colcon_core.verb:set package 'rosbot_gazebo' build argument 'cmake_force_configure' from command line to 'False'
[0.149s] Level 5:colcon.colcon_core.verb:set package 'rosbot_gazebo' build argument 'ament_cmake_args' from command line to 'None'
[0.149s] Level 5:colcon.colcon_core.verb:set package 'rosbot_gazebo' build argument 'catkin_cmake_args' from command line to 'None'
[0.149s] Level 5:colcon.colcon_core.verb:set package 'rosbot_gazebo' build argument 'catkin_skip_building_tests' from command line to 'False'
[0.149s] DEBUG:colcon.colcon_core.verb:Building package 'rosbot_gazebo' with the following arguments: {'ament_cmake_args': None, 'build_base': '/home/zhettus/ros2_ws/build/rosbot_gazebo', 'catkin_cmake_args': None, 'catkin_skip_building_tests': False, 'cmake_args': None, 'cmake_clean_cache': False, 'cmake_clean_first': False, 'cmake_force_configure': False, 'cmake_target': None, 'cmake_target_skip_unavailable': False, 'install_base': '/home/zhettus/ros2_ws/install/rosbot_gazebo', 'merge_install': False, 'path': '/home/zhettus/ros2_ws/src/rosbot_xl_ros/rosbot_gazebo', 'symlink_install': False, 'test_result_base': None}
[0.149s] Level 5:colcon.colcon_core.verb:set package 'rosbot_utils' build argument 'cmake_args' from command line to 'None'
[0.149s] Level 5:colcon.colcon_core.verb:set package 'rosbot_utils' build argument 'cmake_target' from command line to 'None'
[0.149s] Level 5:colcon.colcon_core.verb:set package 'rosbot_utils' build argument 'cmake_target_skip_unavailable' from command line to 'False'
[0.149s] Level 5:colcon.colcon_core.verb:set package 'rosbot_utils' build argument 'cmake_clean_cache' from command line to 'False'
[0.149s] Level 5:colcon.colcon_core.verb:set package 'rosbot_utils' build argument 'cmake_clean_first' from command line to 'False'
[0.149s] Level 5:colcon.colcon_core.verb:set package 'rosbot_utils' build argument 'cmake_force_configure' from command line to 'False'
[0.149s] Level 5:colcon.colcon_core.verb:set package 'rosbot_utils' build argument 'ament_cmake_args' from command line to 'None'
[0.149s] Level 5:colcon.colcon_core.verb:set package 'rosbot_utils' build argument 'catkin_cmake_args' from command line to 'None'
[0.149s] Level 5:colcon.colcon_core.verb:set package 'rosbot_utils' build argument 'catkin_skip_building_tests' from command line to 'False'
[0.149s] DEBUG:colcon.colcon_core.verb:Building package 'rosbot_utils' with the following arguments: {'ament_cmake_args': None, 'build_base': '/home/zhettus/ros2_ws/build/rosbot_utils', 'catkin_cmake_args': None, 'catkin_skip_building_tests': False, 'cmake_args': None, 'cmake_clean_cache': False, 'cmake_clean_first': False, 'cmake_force_configure': False, 'cmake_target': None, 'cmake_target_skip_unavailable': False, 'install_base': '/home/zhettus/ros2_ws/install/rosbot_utils', 'merge_install': False, 'path': '/home/zhettus/ros2_ws/src/rosbot_xl_ros/rosbot_utils', 'symlink_install': False, 'test_result_base': None}
[0.149s] Level 5:colcon.colcon_core.verb:set package 'test' build argument 'cmake_args' from command line to 'None'
[0.149s] Level 5:colcon.colcon_core.verb:set package 'test' build argument 'cmake_target' from command line to 'None'
[0.149s] Level 5:colcon.colcon_core.verb:set package 'test' build argument 'cmake_target_skip_unavailable' from command line to 'False'
[0.149s] Level 5:colcon.colcon_core.verb:set package 'test' build argument 'cmake_clean_cache' from command line to 'False'
[0.149s] Level 5:colcon.colcon_core.verb:set package 'test' build argument 'cmake_clean_first' from command line to 'False'
[0.149s] Level 5:colcon.colcon_core.verb:set package 'test' build argument 'cmake_force_configure' from command line to 'False'
[0.149s] Level 5:colcon.colcon_core.verb:set package 'test' build argument 'ament_cmake_args' from command line to 'None'
[0.149s] Level 5:colcon.colcon_core.verb:set package 'test' build argument 'catkin_cmake_args' from command line to 'None'
[0.149s] Level 5:colcon.colcon_core.verb:set package 'test' build argument 'catkin_skip_building_tests' from command line to 'False'
[0.149s] DEBUG:colcon.colcon_core.verb:Building package 'test' with the following arguments: {'ament_cmake_args': None, 'build_base': '/home/zhettus/ros2_ws/build/test', 'catkin_cmake_args': None, 'catkin_skip_building_tests': False, 'cmake_args': None, 'cmake_clean_cache': False, 'cmake_clean_first': False, 'cmake_force_configure': False, 'cmake_target': None, 'cmake_target_skip_unavailable': False, 'install_base': '/home/zhettus/ros2_ws/install/test', 'merge_install': False, 'path': '/home/zhettus/ros2_ws/src/test', 'symlink_install': False, 'test_result_base': None}
[0.149s] Level 5:colcon.colcon_core.verb:set package 'tutorial_pkg' build argument 'cmake_args' from command line to 'None'
[0.149s] Level 5:colcon.colcon_core.verb:set package 'tutorial_pkg' build argument 'cmake_target' from command line to 'None'
[0.149s] Level 5:colcon.colcon_core.verb:set package 'tutorial_pkg' build argument 'cmake_target_skip_unavailable' from command line to 'False'
[0.149s] Level 5:colcon.colcon_core.verb:set package 'tutorial_pkg' build argument 'cmake_clean_cache' from command line to 'False'
[0.149s] Level 5:colcon.colcon_core.verb:set package 'tutorial_pkg' build argument 'cmake_clean_first' from command line to 'False'
[0.149s] Level 5:colcon.colcon_core.verb:set package 'tutorial_pkg' build argument 'cmake_force_configure' from command line to 'False'
[0.149s] Level 5:colcon.colcon_core.verb:set package 'tutorial_pkg' build argument 'ament_cmake_args' from command line to 'None'
[0.149s] Level 5:colcon.colcon_core.verb:set package 'tutorial_pkg' build argument 'catkin_cmake_args' from command line to 'None'
[0.149s] Level 5:colcon.colcon_core.verb:set package 'tutorial_pkg' build argument 'catkin_skip_building_tests' from command line to 'False'
[0.150s] DEBUG:colcon.colcon_core.verb:Building package 'tutorial_pkg' with the following arguments: {'ament_cmake_args': None, 'build_base': '/home/zhettus/ros2_ws/build/tutorial_pkg', 'catkin_cmake_args': None, 'catkin_skip_building_tests': False, 'cmake_args': None, 'cmake_clean_cache': False, 'cmake_clean_first': False, 'cmake_force_configure': False, 'cmake_target': None, 'cmake_target_skip_unavailable': False, 'install_base': '/home/zhettus/ros2_ws/install/tutorial_pkg', 'merge_install': False, 'path': '/home/zhettus/ros2_ws/src/tutorial_pkg', 'symlink_install': False, 'test_result_base': None}
[0.150s] Level 5:colcon.colcon_core.verb:set package 'rosbot_controller' build argument 'cmake_args' from command line to 'None'
[0.150s] Level 5:colcon.colcon_core.verb:set package 'rosbot_controller' build argument 'cmake_target' from command line to 'None'
[0.150s] Level 5:colcon.colcon_core.verb:set package 'rosbot_controller' build argument 'cmake_target_skip_unavailable' from command line to 'False'
[0.150s] Level 5:colcon.colcon_core.verb:set package 'rosbot_controller' build argument 'cmake_clean_cache' from command line to 'False'
[0.150s] Level 5:colcon.colcon_core.verb:set package 'rosbot_controller' build argument 'cmake_clean_first' from command line to 'False'
[0.150s] Level 5:colcon.colcon_core.verb:set package 'rosbot_controller' build argument 'cmake_force_configure' from command line to 'False'
[0.150s] Level 5:colcon.colcon_core.verb:set package 'rosbot_controller' build argument 'ament_cmake_args' from command line to 'None'
[0.150s] Level 5:colcon.colcon_core.verb:set package 'rosbot_controller' build argument 'catkin_cmake_args' from command line to 'None'
[0.150s] Level 5:colcon.colcon_core.verb:set package 'rosbot_controller' build argument 'catkin_skip_building_tests' from command line to 'False'
[0.150s] DEBUG:colcon.colcon_core.verb:Building package 'rosbot_controller' with the following arguments: {'ament_cmake_args': None, 'build_base': '/home/zhettus/ros2_ws/build/rosbot_controller', 'catkin_cmake_args': None, 'catkin_skip_building_tests': False, 'cmake_args': None, 'cmake_clean_cache': False, 'cmake_clean_first': False, 'cmake_force_configure': False, 'cmake_target': None, 'cmake_target_skip_unavailable': False, 'install_base': '/home/zhettus/ros2_ws/install/rosbot_controller', 'merge_install': False, 'path': '/home/zhettus/ros2_ws/src/rosbot_xl_ros/rosbot_controller', 'symlink_install': False, 'test_result_base': None}
[0.150s] INFO:colcon.colcon_core.executor:Executing jobs using 'parallel' executor
[0.150s] DEBUG:colcon.colcon_parallel_executor.executor.parallel:run_until_complete
[0.150s] INFO:colcon.colcon_ros.task.ament_cmake.build:Building ROS package in '/home/zhettus/ros2_ws/src/rosbot_xl_ros/rosbot_description' with build type 'ament_cmake'
[0.150s] INFO:colcon.colcon_cmake.task.cmake.build:Building CMake package in '/home/zhettus/ros2_ws/src/rosbot_xl_ros/rosbot_description'
[0.152s] INFO:colcon.colcon_core.plugin_system:Skipping extension 'colcon_core.shell.bat': Not used on non-Windows systems
[0.152s] INFO:colcon.colcon_core.shell:Skip shell extension 'powershell' for command environment: Not usable outside of PowerShell
[0.152s] DEBUG:colcon.colcon_core.shell:Skip shell extension 'dsv' for command environment
[0.154s] INFO:colcon.colcon_ros.task.ament_cmake.build:Building ROS package in '/home/zhettus/ros2_ws/src/rosbot_xl_ros/rosbot' with build type 'ament_cmake'
[0.154s] INFO:colcon.colcon_cmake.task.cmake.build:Building CMake package in '/home/zhettus/ros2_ws/src/rosbot_xl_ros/rosbot'
[0.154s] INFO:colcon.colcon_core.shell:Skip shell extension 'powershell' for command environment: Not usable outside of PowerShell
[0.154s] DEBUG:colcon.colcon_core.shell:Skip shell extension 'dsv' for command environment
[0.156s] INFO:colcon.colcon_ros.task.ament_python.build:Building ROS package in '/home/zhettus/ros2_ws/src/rosbot_xl_ros/rosbot_bringup' with build type 'ament_python'
[0.157s] Level 1:colcon.colcon_core.shell:create_environment_hook('rosbot_bringup', 'ament_prefix_path')
[0.157s] INFO:colcon.colcon_core.shell:Creating environment hook '/home/zhettus/ros2_ws/install/rosbot_bringup/share/rosbot_bringup/hook/ament_prefix_path.ps1'
[0.157s] INFO:colcon.colcon_core.shell:Creating environment descriptor '/home/zhettus/ros2_ws/install/rosbot_bringup/share/rosbot_bringup/hook/ament_prefix_path.dsv'
[0.157s] INFO:colcon.colcon_core.shell:Creating environment hook '/home/zhettus/ros2_ws/install/rosbot_bringup/share/rosbot_bringup/hook/ament_prefix_path.sh'
[0.157s] INFO:colcon.colcon_core.shell:Skip shell extension 'powershell' for command environment: Not usable outside of PowerShell
[0.157s] DEBUG:colcon.colcon_core.shell:Skip shell extension 'dsv' for command environment
[0.159s] INFO:colcon.colcon_ros.task.ament_python.build:Building ROS package in '/home/zhettus/ros2_ws/src/rosbot_xl_ros/rosbot_gazebo' with build type 'ament_python'
[0.159s] Level 1:colcon.colcon_core.shell:create_environment_hook('rosbot_gazebo', 'ament_prefix_path')
[0.160s] INFO:colcon.colcon_core.shell:Creating environment hook '/home/zhettus/ros2_ws/install/rosbot_gazebo/share/rosbot_gazebo/hook/ament_prefix_path.ps1'
[0.160s] INFO:colcon.colcon_core.shell:Creating environment descriptor '/home/zhettus/ros2_ws/install/rosbot_gazebo/share/rosbot_gazebo/hook/ament_prefix_path.dsv'
[0.160s] INFO:colcon.colcon_core.shell:Creating environment hook '/home/zhettus/ros2_ws/install/rosbot_gazebo/share/rosbot_gazebo/hook/ament_prefix_path.sh'
[0.160s] INFO:colcon.colcon_core.shell:Skip shell extension 'powershell' for command environment: Not usable outside of PowerShell
[0.160s] DEBUG:colcon.colcon_core.shell:Skip shell extension 'dsv' for command environment
[0.162s] INFO:colcon.colcon_ros.task.ament_python.build:Building ROS package in '/home/zhettus/ros2_ws/src/rosbot_xl_ros/rosbot_utils' with build type 'ament_python'
[0.162s] Level 1:colcon.colcon_core.shell:create_environment_hook('rosbot_utils', 'ament_prefix_path')
[0.163s] INFO:colcon.colcon_core.shell:Creating environment hook '/home/zhettus/ros2_ws/install/rosbot_utils/share/rosbot_utils/hook/ament_prefix_path.ps1'
[0.163s] INFO:colcon.colcon_core.shell:Creating environment descriptor '/home/zhettus/ros2_ws/install/rosbot_utils/share/rosbot_utils/hook/ament_prefix_path.dsv'
[0.163s] INFO:colcon.colcon_core.shell:Creating environment hook '/home/zhettus/ros2_ws/install/rosbot_utils/share/rosbot_utils/hook/ament_prefix_path.sh'
[0.163s] INFO:colcon.colcon_core.shell:Skip shell extension 'powershell' for command environment: Not usable outside of PowerShell
[0.163s] DEBUG:colcon.colcon_core.shell:Skip shell extension 'dsv' for command environment
[0.166s] INFO:colcon.colcon_ros.task.ament_cmake.build:Building ROS package in '/home/zhettus/ros2_ws/src/test' with build type 'ament_cmake'
[0.166s] INFO:colcon.colcon_cmake.task.cmake.build:Building CMake package in '/home/zhettus/ros2_ws/src/test'
[0.166s] INFO:colcon.colcon_core.shell:Skip shell extension 'powershell' for command environment: Not usable outside of PowerShell
[0.166s] DEBUG:colcon.colcon_core.shell:Skip shell extension 'dsv' for command environment
[0.171s] DEBUG:colcon.colcon_core.event_handler.log_command:Invoking command in '/home/zhettus/ros2_ws/build/rosbot_description': CMAKE_PREFIX_PATH=${CMAKE_PREFIX_PATH}:/opt/ros/jazzy /usr/bin/cmake /home/zhettus/ros2_ws/src/rosbot_xl_ros/rosbot_description -DCMAKE_INSTALL_PREFIX=/home/zhettus/ros2_ws/install/rosbot_description
[0.172s] DEBUG:colcon.colcon_core.event_handler.log_command:Invoking command in '/home/zhettus/ros2_ws/build/rosbot': CMAKE_PREFIX_PATH=${CMAKE_PREFIX_PATH}:/opt/ros/jazzy /usr/bin/cmake /home/zhettus/ros2_ws/src/rosbot_xl_ros/rosbot -DCMAKE_INSTALL_PREFIX=/home/zhettus/ros2_ws/install/rosbot
[0.297s] INFO:colcon.colcon_core.task.python.build:Building Python package in '/home/zhettus/ros2_ws/src/rosbot_xl_ros/rosbot_bringup'
[0.297s] INFO:colcon.colcon_core.shell:Skip shell extension 'powershell' for command environment: Not usable outside of PowerShell
[0.297s] DEBUG:colcon.colcon_core.shell:Skip shell extension 'dsv' for command environment
[0.420s] INFO:colcon.colcon_core.task.python.build:Building Python package in '/home/zhettus/ros2_ws/src/rosbot_xl_ros/rosbot_gazebo'
[0.420s] INFO:colcon.colcon_core.shell:Skip shell extension 'powershell' for command environment: Not usable outside of PowerShell
[0.420s] DEBUG:colcon.colcon_core.shell:Skip shell extension 'dsv' for command environment
[0.543s] INFO:colcon.colcon_core.task.python.build:Building Python package in '/home/zhettus/ros2_ws/src/rosbot_xl_ros/rosbot_utils'
[0.543s] INFO:colcon.colcon_core.shell:Skip shell extension 'powershell' for command environment: Not usable outside of PowerShell
[0.543s] DEBUG:colcon.colcon_core.shell:Skip shell extension 'dsv' for command environment
[0.550s] DEBUG:colcon.colcon_core.event_handler.log_command:Invoking command in '/home/zhettus/ros2_ws/build/test': CMAKE_PREFIX_PATH=${CMAKE_PREFIX_PATH}:/opt/ros/jazzy /usr/bin/cmake /home/zhettus/ros2_ws/src/test -DCMAKE_INSTALL_PREFIX=/home/zhettus/ros2_ws/install/test
[0.635s] DEBUG:colcon.colcon_core.event_handler.log_command:Invoked command in '/home/zhettus/ros2_ws/build/rosbot_description' returned '0': CMAKE_PREFIX_PATH=${CMAKE_PREFIX_PATH}:/opt/ros/jazzy /usr/bin/cmake /home/zhettus/ros2_ws/src/rosbot_xl_ros/rosbot_description -DCMAKE_INSTALL_PREFIX=/home/zhettus/ros2_ws/install/rosbot_description
[0.636s] DEBUG:colcon.colcon_core.event_handler.log_command:Invoking command in '/home/zhettus/ros2_ws/build/rosbot_description': CMAKE_PREFIX_PATH=${CMAKE_PREFIX_PATH}:/opt/ros/jazzy /usr/bin/cmake --build /home/zhettus/ros2_ws/build/rosbot_description -- -j6 -l6
[0.638s] DEBUG:colcon.colcon_core.event_handler.log_command:Invoked command in '/home/zhettus/ros2_ws/build/rosbot' returned '0': CMAKE_PREFIX_PATH=${CMAKE_PREFIX_PATH}:/opt/ros/jazzy /usr/bin/cmake /home/zhettus/ros2_ws/src/rosbot_xl_ros/rosbot -DCMAKE_INSTALL_PREFIX=/home/zhettus/ros2_ws/install/rosbot
[0.638s] DEBUG:colcon.colcon_core.event_handler.log_command:Invoking command in '/home/zhettus/ros2_ws/build/rosbot': CMAKE_PREFIX_PATH=${CMAKE_PREFIX_PATH}:/opt/ros/jazzy /usr/bin/cmake --build /home/zhettus/ros2_ws/build/rosbot -- -j6 -l6
[0.663s] DEBUG:colcon.colcon_core.event_handler.log_command:Invoked command in '/home/zhettus/ros2_ws/build/rosbot_description' returned '0': CMAKE_PREFIX_PATH=${CMAKE_PREFIX_PATH}:/opt/ros/jazzy /usr/bin/cmake --build /home/zhettus/ros2_ws/build/rosbot_description -- -j6 -l6
[0.669s] DEBUG:colcon.colcon_core.event_handler.log_command:Invoking command in '/home/zhettus/ros2_ws/build/rosbot_description': CMAKE_PREFIX_PATH=${CMAKE_PREFIX_PATH}:/opt/ros/jazzy /usr/bin/cmake --install /home/zhettus/ros2_ws/build/rosbot_description
[0.669s] DEBUG:colcon.colcon_core.event_handler.log_command:Invoked command in '/home/zhettus/ros2_ws/build/rosbot' returned '0': CMAKE_PREFIX_PATH=${CMAKE_PREFIX_PATH}:/opt/ros/jazzy /usr/bin/cmake --build /home/zhettus/ros2_ws/build/rosbot -- -j6 -l6
[0.670s] DEBUG:colcon.colcon_core.event_handler.log_command:Invoking command in '/home/zhettus/ros2_ws/build/rosbot': CMAKE_PREFIX_PATH=${CMAKE_PREFIX_PATH}:/opt/ros/jazzy /usr/bin/cmake --install /home/zhettus/ros2_ws/build/rosbot
[0.685s] Level 1:colcon.colcon_core.environment:create_environment_scripts_only(rosbot)
[0.685s] DEBUG:colcon.colcon_core.event_handler.log_command:Invoked command in '/home/zhettus/ros2_ws/build/rosbot' returned '0': CMAKE_PREFIX_PATH=${CMAKE_PREFIX_PATH}:/opt/ros/jazzy /usr/bin/cmake --install /home/zhettus/ros2_ws/build/rosbot
[0.688s] Level 1:colcon.colcon_core.environment:checking '/home/zhettus/ros2_ws/install/rosbot' for CMake module files
[0.688s] Level 1:colcon.colcon_core.environment:checking '/home/zhettus/ros2_ws/install/rosbot' for CMake config files
[0.688s] Level 1:colcon.colcon_core.shell:create_environment_hook('rosbot', 'cmake_prefix_path')
[0.688s] INFO:colcon.colcon_core.shell:Creating environment hook '/home/zhettus/ros2_ws/install/rosbot/share/rosbot/hook/cmake_prefix_path.ps1'
[0.688s] INFO:colcon.colcon_core.shell:Creating environment descriptor '/home/zhettus/ros2_ws/install/rosbot/share/rosbot/hook/cmake_prefix_path.dsv'
[0.688s] INFO:colcon.colcon_core.shell:Creating environment hook '/home/zhettus/ros2_ws/install/rosbot/share/rosbot/hook/cmake_prefix_path.sh'
[0.689s] Level 1:colcon.colcon_core.environment:checking '/home/zhettus/ros2_ws/install/rosbot/bin'
[0.689s] Level 1:colcon.colcon_core.environment:checking '/home/zhettus/ros2_ws/install/rosbot/lib/pkgconfig/rosbot.pc'
[0.689s] Level 1:colcon.colcon_core.environment:checking '/home/zhettus/ros2_ws/install/rosbot/lib/python3.12/site-packages'
[0.689s] Level 1:colcon.colcon_core.environment:checking '/home/zhettus/ros2_ws/install/rosbot/bin'
[0.689s] INFO:colcon.colcon_core.shell:Creating package script '/home/zhettus/ros2_ws/install/rosbot/share/rosbot/package.ps1'
[0.690s] INFO:colcon.colcon_core.shell:Creating package descriptor '/home/zhettus/ros2_ws/install/rosbot/share/rosbot/package.dsv'
[0.690s] INFO:colcon.colcon_core.shell:Creating package script '/home/zhettus/ros2_ws/install/rosbot/share/rosbot/package.sh'
[0.690s] INFO:colcon.colcon_core.shell:Creating package script '/home/zhettus/ros2_ws/install/rosbot/share/rosbot/package.bash'
[0.691s] INFO:colcon.colcon_core.shell:Creating package script '/home/zhettus/ros2_ws/install/rosbot/share/rosbot/package.zsh'
[0.691s] Level 1:colcon.colcon_core.environment:create_file_with_runtime_dependencies(/home/zhettus/ros2_ws/install/rosbot/share/colcon-core/packages/rosbot)
[0.691s] Level 1:colcon.colcon_core.environment:create_environment_scripts_only(rosbot)
[0.691s] Level 1:colcon.colcon_core.environment:checking '/home/zhettus/ros2_ws/install/rosbot' for CMake module files
[0.692s] Level 1:colcon.colcon_core.environment:checking '/home/zhettus/ros2_ws/install/rosbot' for CMake config files
[0.692s] Level 1:colcon.colcon_core.shell:create_environment_hook('rosbot', 'cmake_prefix_path')
[0.692s] INFO:colcon.colcon_core.shell:Creating environment hook '/home/zhettus/ros2_ws/install/rosbot/share/rosbot/hook/cmake_prefix_path.ps1'
[0.692s] INFO:colcon.colcon_core.shell:Creating environment descriptor '/home/zhettus/ros2_ws/install/rosbot/share/rosbot/hook/cmake_prefix_path.dsv'
[0.692s] INFO:colcon.colcon_core.shell:Creating environment hook '/home/zhettus/ros2_ws/install/rosbot/share/rosbot/hook/cmake_prefix_path.sh'
[0.692s] Level 1:colcon.colcon_core.environment:checking '/home/zhettus/ros2_ws/install/rosbot/bin'
[0.692s] Level 1:colcon.colcon_core.environment:checking '/home/zhettus/ros2_ws/install/rosbot/lib/pkgconfig/rosbot.pc'
[0.692s] Level 1:colcon.colcon_core.environment:checking '/home/zhettus/ros2_ws/install/rosbot/lib/python3.12/site-packages'
[0.693s] Level 1:colcon.colcon_core.environment:checking '/home/zhettus/ros2_ws/install/rosbot/bin'
[0.693s] INFO:colcon.colcon_core.shell:Creating package script '/home/zhettus/ros2_ws/install/rosbot/share/rosbot/package.ps1'
[0.693s] INFO:colcon.colcon_core.shell:Creating package descriptor '/home/zhettus/ros2_ws/install/rosbot/share/rosbot/package.dsv'
[0.693s] INFO:colcon.colcon_core.shell:Creating package script '/home/zhettus/ros2_ws/install/rosbot/share/rosbot/package.sh'
[0.693s] INFO:colcon.colcon_core.shell:Creating package script '/home/zhettus/ros2_ws/install/rosbot/share/rosbot/package.bash'
[0.694s] INFO:colcon.colcon_core.shell:Creating package script '/home/zhettus/ros2_ws/install/rosbot/share/rosbot/package.zsh'
[0.694s] Level 1:colcon.colcon_core.environment:create_file_with_runtime_dependencies(/home/zhettus/ros2_ws/install/rosbot/share/colcon-core/packages/rosbot)
[0.694s] INFO:colcon.colcon_ros.task.ament_cmake.build:Building ROS package in '/home/zhettus/ros2_ws/src/tutorial_pkg' with build type 'ament_cmake'
[0.694s] INFO:colcon.colcon_cmake.task.cmake.build:Building CMake package in '/home/zhettus/ros2_ws/src/tutorial_pkg'
[0.694s] INFO:colcon.colcon_core.shell:Skip shell extension 'powershell' for command environment: Not usable outside of PowerShell
[0.694s] DEBUG:colcon.colcon_core.shell:Skip shell extension 'dsv' for command environment
[0.698s] Level 1:colcon.colcon_core.environment:create_environment_scripts_only(rosbot_description)
[0.698s] Level 1:colcon.colcon_core.environment:checking '/home/zhettus/ros2_ws/install/rosbot_description' for CMake module files
[0.698s] Level 1:colcon.colcon_core.environment:checking '/home/zhettus/ros2_ws/install/rosbot_description' for CMake config files
[0.698s] Level 1:colcon.colcon_core.shell:create_environment_hook('rosbot_description', 'cmake_prefix_path')
[0.699s] INFO:colcon.colcon_core.shell:Creating environment hook '/home/zhettus/ros2_ws/install/rosbot_description/share/rosbot_description/hook/cmake_prefix_path.ps1'
[0.699s] INFO:colcon.colcon_core.shell:Creating environment descriptor '/home/zhettus/ros2_ws/install/rosbot_description/share/rosbot_description/hook/cmake_prefix_path.dsv'
[0.699s] INFO:colcon.colcon_core.shell:Creating environment hook '/home/zhettus/ros2_ws/install/rosbot_description/share/rosbot_description/hook/cmake_prefix_path.sh'
[0.699s] Level 1:colcon.colcon_core.environment:checking '/home/zhettus/ros2_ws/install/rosbot_description/bin'
[0.699s] Level 1:colcon.colcon_core.environment:checking '/home/zhettus/ros2_ws/install/rosbot_description/lib/pkgconfig/rosbot_description.pc'
[0.699s] Level 1:colcon.colcon_core.environment:checking '/home/zhettus/ros2_ws/install/rosbot_description/lib/python3.12/site-packages'
[0.700s] Level 1:colcon.colcon_core.environment:checking '/home/zhettus/ros2_ws/install/rosbot_description/bin'
[0.700s] INFO:colcon.colcon_core.shell:Creating package script '/home/zhettus/ros2_ws/install/rosbot_description/share/rosbot_description/package.ps1'
[0.700s] INFO:colcon.colcon_core.shell:Creating package descriptor '/home/zhettus/ros2_ws/install/rosbot_description/share/rosbot_description/package.dsv'
[0.700s] INFO:colcon.colcon_core.shell:Creating package script '/home/zhettus/ros2_ws/install/rosbot_description/share/rosbot_description/package.sh'
[0.701s] INFO:colcon.colcon_core.shell:Creating package script '/home/zhettus/ros2_ws/install/rosbot_description/share/rosbot_description/package.bash'
[0.701s] DEBUG:colcon.colcon_core.event_handler.log_command:Invoked command in '/home/zhettus/ros2_ws/build/rosbot_description' returned '0': CMAKE_PREFIX_PATH=${CMAKE_PREFIX_PATH}:/opt/ros/jazzy /usr/bin/cmake --install /home/zhettus/ros2_ws/build/rosbot_description
[0.701s] INFO:colcon.colcon_core.shell:Creating package script '/home/zhettus/ros2_ws/install/rosbot_description/share/rosbot_description/package.zsh'
[0.701s] Level 1:colcon.colcon_core.environment:create_file_with_runtime_dependencies(/home/zhettus/ros2_ws/install/rosbot_description/share/colcon-core/packages/rosbot_description)
[0.701s] Level 1:colcon.colcon_core.environment:create_environment_scripts_only(rosbot_description)
[0.701s] Level 1:colcon.colcon_core.environment:checking '/home/zhettus/ros2_ws/install/rosbot_description' for CMake module files
[0.702s] Level 1:colcon.colcon_core.environment:checking '/home/zhettus/ros2_ws/install/rosbot_description' for CMake config files
[0.702s] Level 1:colcon.colcon_core.shell:create_environment_hook('rosbot_description', 'cmake_prefix_path')
[0.702s] INFO:colcon.colcon_core.shell:Creating environment hook '/home/zhettus/ros2_ws/install/rosbot_description/share/rosbot_description/hook/cmake_prefix_path.ps1'
[0.702s] INFO:colcon.colcon_core.shell:Creating environment descriptor '/home/zhettus/ros2_ws/install/rosbot_description/share/rosbot_description/hook/cmake_prefix_path.dsv'
[0.702s] INFO:colcon.colcon_core.shell:Creating environment hook '/home/zhettus/ros2_ws/install/rosbot_description/share/rosbot_description/hook/cmake_prefix_path.sh'
[0.702s] Level 1:colcon.colcon_core.environment:checking '/home/zhettus/ros2_ws/install/rosbot_description/bin'
[0.702s] Level 1:colcon.colcon_core.environment:checking '/home/zhettus/ros2_ws/install/rosbot_description/lib/pkgconfig/rosbot_description.pc'
[0.703s] Level 1:colcon.colcon_core.environment:checking '/home/zhettus/ros2_ws/install/rosbot_description/lib/python3.12/site-packages'
[0.703s] Level 1:colcon.colcon_core.environment:checking '/home/zhettus/ros2_ws/install/rosbot_description/bin'
[0.703s] INFO:colcon.colcon_core.shell:Creating package script '/home/zhettus/ros2_ws/install/rosbot_description/share/rosbot_description/package.ps1'
[0.703s] INFO:colcon.colcon_core.shell:Creating package descriptor '/home/zhettus/ros2_ws/install/rosbot_description/share/rosbot_description/package.dsv'
[0.703s] INFO:colcon.colcon_core.shell:Creating package script '/home/zhettus/ros2_ws/install/rosbot_description/share/rosbot_description/package.sh'
[0.703s] INFO:colcon.colcon_core.shell:Creating package script '/home/zhettus/ros2_ws/install/rosbot_description/share/rosbot_description/package.bash'
[0.704s] INFO:colcon.colcon_core.shell:Creating package script '/home/zhettus/ros2_ws/install/rosbot_description/share/rosbot_description/package.zsh'
[0.704s] Level 1:colcon.colcon_core.environment:create_file_with_runtime_dependencies(/home/zhettus/ros2_ws/install/rosbot_description/share/colcon-core/packages/rosbot_description)
[0.704s] INFO:colcon.colcon_ros.task.ament_python.build:Building ROS package in '/home/zhettus/ros2_ws/src/rosbot_xl_ros/rosbot_controller' with build type 'ament_python'
[0.704s] Level 1:colcon.colcon_core.shell:create_environment_hook('rosbot_controller', 'ament_prefix_path')
[0.705s] INFO:colcon.colcon_core.shell:Creating environment hook '/home/zhettus/ros2_ws/install/rosbot_controller/share/rosbot_controller/hook/ament_prefix_path.ps1'
[0.705s] INFO:colcon.colcon_core.shell:Creating environment descriptor '/home/zhettus/ros2_ws/install/rosbot_controller/share/rosbot_controller/hook/ament_prefix_path.dsv'
[0.705s] INFO:colcon.colcon_core.shell:Creating environment hook '/home/zhettus/ros2_ws/install/rosbot_controller/share/rosbot_controller/hook/ament_prefix_path.sh'
[0.705s] INFO:colcon.colcon_core.shell:Skip shell extension 'powershell' for command environment: Not usable outside of PowerShell
[0.705s] DEBUG:colcon.colcon_core.shell:Skip shell extension 'dsv' for command environment
[0.708s] DEBUG:colcon.colcon_core.event_handler.log_command:Invoking command in '/home/zhettus/ros2_ws/build/tutorial_pkg': CMAKE_PREFIX_PATH=${CMAKE_PREFIX_PATH}:/opt/ros/jazzy /usr/bin/cmake /home/zhettus/ros2_ws/src/tutorial_pkg -DCMAKE_INSTALL_PREFIX=/home/zhettus/ros2_ws/install/tutorial_pkg
[0.838s] INFO:colcon.colcon_core.task.python.build:Building Python package in '/home/zhettus/ros2_ws/src/rosbot_xl_ros/rosbot_controller'
[0.838s] INFO:colcon.colcon_core.shell:Skip shell extension 'powershell' for command environment: Not usable outside of PowerShell
[0.838s] DEBUG:colcon.colcon_core.shell:Skip shell extension 'dsv' for command environment
[0.940s] DEBUG:colcon.colcon_core.event_handler.log_command:Invoking command in '/home/zhettus/ros2_ws/src/rosbot_xl_ros/rosbot_gazebo': PYTHONPATH=/home/zhettus/ros2_ws/build/rosbot_gazebo/prefix_override:/usr/lib/python3/dist-packages/colcon_core/task/python/colcon_distutils_commands:/home/zhettus/ros2_ws/install/rosbot_gazebo/lib/python3.12/site-packages:${PYTHONPATH} /usr/bin/python3 -W ignore:setup.py install is deprecated -W ignore:easy_install command is deprecated setup.py egg_info --egg-base ../../../build/rosbot_gazebo build --build-base /home/zhettus/ros2_ws/build/rosbot_gazebo/build install --record /home/zhettus/ros2_ws/build/rosbot_gazebo/install.log --single-version-externally-managed install_data
[0.945s] DEBUG:colcon.colcon_core.event_handler.log_command:Invoking command in '/home/zhettus/ros2_ws/src/rosbot_xl_ros/rosbot_bringup': PYTHONPATH=/home/zhettus/ros2_ws/build/rosbot_bringup/prefix_override:/usr/lib/python3/dist-packages/colcon_core/task/python/colcon_distutils_commands:/home/zhettus/ros2_ws/install/rosbot_bringup/lib/python3.12/site-packages:${PYTHONPATH} /usr/bin/python3 -W ignore:setup.py install is deprecated -W ignore:easy_install command is deprecated setup.py egg_info --egg-base ../../../build/rosbot_bringup build --build-base /home/zhettus/ros2_ws/build/rosbot_bringup/build install --record /home/zhettus/ros2_ws/build/rosbot_bringup/install.log --single-version-externally-managed install_data
[0.946s] DEBUG:colcon.colcon_core.event_handler.log_command:Invoking command in '/home/zhettus/ros2_ws/src/rosbot_xl_ros/rosbot_utils': PYTHONPATH=/home/zhettus/ros2_ws/build/rosbot_utils/prefix_override:/usr/lib/python3/dist-packages/colcon_core/task/python/colcon_distutils_commands:/home/zhettus/ros2_ws/install/rosbot_utils/lib/python3.12/site-packages:${PYTHONPATH} /usr/bin/python3 -W ignore:setup.py install is deprecated -W ignore:easy_install command is deprecated setup.py egg_info --egg-base ../../../build/rosbot_utils build --build-base /home/zhettus/ros2_ws/build/rosbot_utils/build install --record /home/zhettus/ros2_ws/build/rosbot_utils/install.log --single-version-externally-managed install_data
[1.199s] DEBUG:colcon.colcon_core.event_handler.log_command:Invoking command in '/home/zhettus/ros2_ws/src/rosbot_xl_ros/rosbot_controller': CMAKE_PREFIX_PATH=/home/zhettus/ros2_ws/install/rosbot_description:/home/zhettus/ros2_ws/install/test:/home/zhettus/ros2_ws/install/rosbot_gazebo:/home/zhettus/ros2_ws/install/rosbot_bringup:/home/zhettus/ros2_ws/install/rosbot:/home/zhettus/ros2_ws/install/rosbot_controller:/home/zhettus/ros2_ws/install/rosbot_utils:/home/zhettus/ros2_ws/install/rosbot_moveit:/home/zhettus/ros2_ws/install/rosbot_localization:/home/zhettus/ros2_ws/install/rosbot_joy:/home/zhettus/ros2_ws/install/rosbot_hardware_interfaces:/opt/ros/jazzy/opt/gz_sim_vendor:/opt/ros/jazzy/opt/gz_sensors_vendor:/opt/ros/jazzy/opt/gz_physics_vendor:/opt/ros/jazzy/opt/sdformat_vendor:/opt/ros/jazzy/opt/gz_gui_vendor:/opt/ros/jazzy/opt/gz_transport_vendor:/opt/ros/jazzy/opt/gz_rendering_vendor:/opt/ros/jazzy/opt/gz_plugin_vendor:/opt/ros/jazzy/opt/gz_fuel_tools_vendor:/opt/ros/jazzy/opt/gz_msgs_vendor:/opt/ros/jazzy/opt/gz_common_vendor:/opt/ros/jazzy/opt/gz_math_vendor:/opt/ros/jazzy/opt/gz_utils_vendor:/opt/ros/jazzy/opt/gz_tools_vendor:/opt/ros/jazzy/opt/gz_ogre_next_vendor:/opt/ros/jazzy/opt/gz_dartsim_vendor:/opt/ros/jazzy/opt/gz_cmake_vendor PYTHONPATH=/home/zhettus/ros2_ws/build/rosbot_controller/prefix_override:/usr/lib/python3/dist-packages/colcon_core/task/python/colcon_distutils_commands:/home/zhettus/ros2_ws/install/rosbot_controller/lib/python3.12/site-packages:${PYTHONPATH} /usr/bin/python3 -W ignore:setup.py install is deprecated -W ignore:easy_install command is deprecated setup.py egg_info --egg-base ../../../build/rosbot_controller build --build-base /home/zhettus/ros2_ws/build/rosbot_controller/build install --record /home/zhettus/ros2_ws/build/rosbot_controller/install.log --single-version-externally-managed install_data
[1.239s] Level 1:colcon.colcon_core.environment:checking '/home/zhettus/ros2_ws/install/rosbot_bringup' for CMake module files
[1.239s] DEBUG:colcon.colcon_core.event_handler.log_command:Invoked command in '/home/zhettus/ros2_ws/src/rosbot_xl_ros/rosbot_bringup' returned '0': PYTHONPATH=/home/zhettus/ros2_ws/build/rosbot_bringup/prefix_override:/usr/lib/python3/dist-packages/colcon_core/task/python/colcon_distutils_commands:/home/zhettus/ros2_ws/install/rosbot_bringup/lib/python3.12/site-packages:${PYTHONPATH} /usr/bin/python3 -W ignore:setup.py install is deprecated -W ignore:easy_install command is deprecated setup.py egg_info --egg-base ../../../build/rosbot_bringup build --build-base /home/zhettus/ros2_ws/build/rosbot_bringup/build install --record /home/zhettus/ros2_ws/build/rosbot_bringup/install.log --single-version-externally-managed install_data
[1.240s] Level 1:colcon.colcon_core.environment:checking '/home/zhettus/ros2_ws/install/rosbot_bringup' for CMake config files
[1.240s] Level 1:colcon.colcon_core.environment:checking '/home/zhettus/ros2_ws/install/rosbot_bringup/lib'
[1.240s] Level 1:colcon.colcon_core.environment:checking '/home/zhettus/ros2_ws/install/rosbot_bringup/bin'
[1.240s] Level 1:colcon.colcon_core.environment:checking '/home/zhettus/ros2_ws/install/rosbot_bringup/lib/pkgconfig/rosbot_bringup.pc'
[1.240s] Level 1:colcon.colcon_core.environment:checking '/home/zhettus/ros2_ws/install/rosbot_bringup/lib/python3.12/site-packages'
[1.240s] Level 1:colcon.colcon_core.shell:create_environment_hook('rosbot_bringup', 'pythonpath')
[1.240s] INFO:colcon.colcon_core.shell:Creating environment hook '/home/zhettus/ros2_ws/install/rosbot_bringup/share/rosbot_bringup/hook/pythonpath.ps1'
[1.240s] INFO:colcon.colcon_core.shell:Creating environment descriptor '/home/zhettus/ros2_ws/install/rosbot_bringup/share/rosbot_bringup/hook/pythonpath.dsv'
[1.241s] INFO:colcon.colcon_core.shell:Creating environment hook '/home/zhettus/ros2_ws/install/rosbot_bringup/share/rosbot_bringup/hook/pythonpath.sh'
[1.241s] Level 1:colcon.colcon_core.environment:checking '/home/zhettus/ros2_ws/install/rosbot_bringup/bin'
[1.241s] Level 1:colcon.colcon_core.environment:create_environment_scripts_only(rosbot_bringup)
[1.241s] INFO:colcon.colcon_core.shell:Creating package script '/home/zhettus/ros2_ws/install/rosbot_bringup/share/rosbot_bringup/package.ps1'
[1.241s] INFO:colcon.colcon_core.shell:Creating package descriptor '/home/zhettus/ros2_ws/install/rosbot_bringup/share/rosbot_bringup/package.dsv'
[1.241s] INFO:colcon.colcon_core.shell:Creating package script '/home/zhettus/ros2_ws/install/rosbot_bringup/share/rosbot_bringup/package.sh'
[1.242s] INFO:colcon.colcon_core.shell:Creating package script '/home/zhettus/ros2_ws/install/rosbot_bringup/share/rosbot_bringup/package.bash'
[1.242s] INFO:colcon.colcon_core.shell:Creating package script '/home/zhettus/ros2_ws/install/rosbot_bringup/share/rosbot_bringup/package.zsh'
[1.242s] Level 1:colcon.colcon_core.environment:create_file_with_runtime_dependencies(/home/zhettus/ros2_ws/install/rosbot_bringup/share/colcon-core/packages/rosbot_bringup)
[1.249s] Level 1:colcon.colcon_core.environment:checking '/home/zhettus/ros2_ws/install/rosbot_gazebo' for CMake module files
[1.249s] DEBUG:colcon.colcon_core.event_handler.log_command:Invoked command in '/home/zhettus/ros2_ws/src/rosbot_xl_ros/rosbot_gazebo' returned '0': PYTHONPATH=/home/zhettus/ros2_ws/build/rosbot_gazebo/prefix_override:/usr/lib/python3/dist-packages/colcon_core/task/python/colcon_distutils_commands:/home/zhettus/ros2_ws/install/rosbot_gazebo/lib/python3.12/site-packages:${PYTHONPATH} /usr/bin/python3 -W ignore:setup.py install is deprecated -W ignore:easy_install command is deprecated setup.py egg_info --egg-base ../../../build/rosbot_gazebo build --build-base /home/zhettus/ros2_ws/build/rosbot_gazebo/build install --record /home/zhettus/ros2_ws/build/rosbot_gazebo/install.log --single-version-externally-managed install_data
[1.250s] Level 1:colcon.colcon_core.environment:checking '/home/zhettus/ros2_ws/install/rosbot_gazebo' for CMake config files
[1.250s] Level 1:colcon.colcon_core.environment:checking '/home/zhettus/ros2_ws/install/rosbot_gazebo/lib'
[1.250s] Level 1:colcon.colcon_core.environment:checking '/home/zhettus/ros2_ws/install/rosbot_gazebo/bin'
[1.250s] Level 1:colcon.colcon_core.environment:checking '/home/zhettus/ros2_ws/install/rosbot_gazebo/lib/pkgconfig/rosbot_gazebo.pc'
[1.250s] Level 1:colcon.colcon_core.environment:checking '/home/zhettus/ros2_ws/install/rosbot_gazebo/lib/python3.12/site-packages'
[1.250s] Level 1:colcon.colcon_core.shell:create_environment_hook('rosbot_gazebo', 'pythonpath')
[1.250s] INFO:colcon.colcon_core.shell:Creating environment hook '/home/zhettus/ros2_ws/install/rosbot_gazebo/share/rosbot_gazebo/hook/pythonpath.ps1'
[1.251s] INFO:colcon.colcon_core.shell:Creating environment descriptor '/home/zhettus/ros2_ws/install/rosbot_gazebo/share/rosbot_gazebo/hook/pythonpath.dsv'
[1.251s] INFO:colcon.colcon_core.shell:Creating environment hook '/home/zhettus/ros2_ws/install/rosbot_gazebo/share/rosbot_gazebo/hook/pythonpath.sh'
[1.251s] Level 1:colcon.colcon_core.environment:checking '/home/zhettus/ros2_ws/install/rosbot_gazebo/bin'
[1.251s] Level 1:colcon.colcon_core.environment:create_environment_scripts_only(rosbot_gazebo)
[1.251s] INFO:colcon.colcon_core.shell:Creating package script '/home/zhettus/ros2_ws/install/rosbot_gazebo/share/rosbot_gazebo/package.ps1'
[1.251s] INFO:colcon.colcon_core.shell:Creating package descriptor '/home/zhettus/ros2_ws/install/rosbot_gazebo/share/rosbot_gazebo/package.dsv'
[1.252s] INFO:colcon.colcon_core.shell:Creating package script '/home/zhettus/ros2_ws/install/rosbot_gazebo/share/rosbot_gazebo/package.sh'
[1.252s] INFO:colcon.colcon_core.shell:Creating package script '/home/zhettus/ros2_ws/install/rosbot_gazebo/share/rosbot_gazebo/package.bash'
[1.252s] INFO:colcon.colcon_core.shell:Creating package script '/home/zhettus/ros2_ws/install/rosbot_gazebo/share/rosbot_gazebo/package.zsh'
[1.252s] Level 1:colcon.colcon_core.environment:create_file_with_runtime_dependencies(/home/zhettus/ros2_ws/install/rosbot_gazebo/share/colcon-core/packages/rosbot_gazebo)
[1.269s] Level 1:colcon.colcon_core.environment:checking '/home/zhettus/ros2_ws/install/rosbot_utils' for CMake module files
[1.269s] Level 1:colcon.colcon_core.environment:checking '/home/zhettus/ros2_ws/install/rosbot_utils' for CMake config files
[1.270s] Level 1:colcon.colcon_core.environment:checking '/home/zhettus/ros2_ws/install/rosbot_utils/lib'
[1.270s] Level 1:colcon.colcon_core.environment:checking '/home/zhettus/ros2_ws/install/rosbot_utils/bin'
[1.270s] Level 1:colcon.colcon_core.environment:checking '/home/zhettus/ros2_ws/install/rosbot_utils/lib/pkgconfig/rosbot_utils.pc'
[1.270s] Level 1:colcon.colcon_core.environment:checking '/home/zhettus/ros2_ws/install/rosbot_utils/lib/python3.12/site-packages'
[1.270s] Level 1:colcon.colcon_core.shell:create_environment_hook('rosbot_utils', 'pythonpath')
[1.270s] INFO:colcon.colcon_core.shell:Creating environment hook '/home/zhettus/ros2_ws/install/rosbot_utils/share/rosbot_utils/hook/pythonpath.ps1'
[1.270s] INFO:colcon.colcon_core.shell:Creating environment descriptor '/home/zhettus/ros2_ws/install/rosbot_utils/share/rosbot_utils/hook/pythonpath.dsv'
[1.271s] DEBUG:colcon.colcon_core.event_handler.log_command:Invoked command in '/home/zhettus/ros2_ws/src/rosbot_xl_ros/rosbot_utils' returned '0': PYTHONPATH=/home/zhettus/ros2_ws/build/rosbot_utils/prefix_override:/usr/lib/python3/dist-packages/colcon_core/task/python/colcon_distutils_commands:/home/zhettus/ros2_ws/install/rosbot_utils/lib/python3.12/site-packages:${PYTHONPATH} /usr/bin/python3 -W ignore:setup.py install is deprecated -W ignore:easy_install command is deprecated setup.py egg_info --egg-base ../../../build/rosbot_utils build --build-base /home/zhettus/ros2_ws/build/rosbot_utils/build install --record /home/zhettus/ros2_ws/build/rosbot_utils/install.log --single-version-externally-managed install_data
[1.271s] INFO:colcon.colcon_core.shell:Creating environment hook '/home/zhettus/ros2_ws/install/rosbot_utils/share/rosbot_utils/hook/pythonpath.sh'
[1.271s] Level 1:colcon.colcon_core.environment:checking '/home/zhettus/ros2_ws/install/rosbot_utils/bin'
[1.271s] Level 1:colcon.colcon_core.environment:create_environment_scripts_only(rosbot_utils)
[1.271s] INFO:colcon.colcon_core.shell:Creating package script '/home/zhettus/ros2_ws/install/rosbot_utils/share/rosbot_utils/package.ps1'
[1.271s] INFO:colcon.colcon_core.shell:Creating package descriptor '/home/zhettus/ros2_ws/install/rosbot_utils/share/rosbot_utils/package.dsv'
[1.272s] INFO:colcon.colcon_core.shell:Creating package script '/home/zhettus/ros2_ws/install/rosbot_utils/share/rosbot_utils/package.sh'
[1.272s] INFO:colcon.colcon_core.shell:Creating package script '/home/zhettus/ros2_ws/install/rosbot_utils/share/rosbot_utils/package.bash'
[1.272s] INFO:colcon.colcon_core.shell:Creating package script '/home/zhettus/ros2_ws/install/rosbot_utils/share/rosbot_utils/package.zsh'
[1.272s] Level 1:colcon.colcon_core.environment:create_file_with_runtime_dependencies(/home/zhettus/ros2_ws/install/rosbot_utils/share/colcon-core/packages/rosbot_utils)
[1.511s] Level 1:colcon.colcon_core.environment:checking '/home/zhettus/ros2_ws/install/rosbot_controller' for CMake module files
[1.511s] Level 1:colcon.colcon_core.environment:checking '/home/zhettus/ros2_ws/install/rosbot_controller' for CMake config files
[1.511s] Level 1:colcon.colcon_core.environment:checking '/home/zhettus/ros2_ws/install/rosbot_controller/lib'
[1.511s] Level 1:colcon.colcon_core.environment:checking '/home/zhettus/ros2_ws/install/rosbot_controller/bin'
[1.511s] Level 1:colcon.colcon_core.environment:checking '/home/zhettus/ros2_ws/install/rosbot_controller/lib/pkgconfig/rosbot_controller.pc'
[1.512s] Level 1:colcon.colcon_core.environment:checking '/home/zhettus/ros2_ws/install/rosbot_controller/lib/python3.12/site-packages'
[1.512s] Level 1:colcon.colcon_core.shell:create_environment_hook('rosbot_controller', 'pythonpath')
[1.512s] INFO:colcon.colcon_core.shell:Creating environment hook '/home/zhettus/ros2_ws/install/rosbot_controller/share/rosbot_controller/hook/pythonpath.ps1'
[1.512s] INFO:colcon.colcon_core.shell:Creating environment descriptor '/home/zhettus/ros2_ws/install/rosbot_controller/share/rosbot_controller/hook/pythonpath.dsv'
[1.512s] INFO:colcon.colcon_core.shell:Creating environment hook '/home/zhettus/ros2_ws/install/rosbot_controller/share/rosbot_controller/hook/pythonpath.sh'
[1.512s] Level 1:colcon.colcon_core.environment:checking '/home/zhettus/ros2_ws/install/rosbot_controller/bin'
[1.512s] Level 1:colcon.colcon_core.environment:create_environment_scripts_only(rosbot_controller)
[1.513s] INFO:colcon.colcon_core.shell:Creating package script '/home/zhettus/ros2_ws/install/rosbot_controller/share/rosbot_controller/package.ps1'
[1.513s] INFO:colcon.colcon_core.shell:Creating package descriptor '/home/zhettus/ros2_ws/install/rosbot_controller/share/rosbot_controller/package.dsv'
[1.513s] INFO:colcon.colcon_core.shell:Creating package script '/home/zhettus/ros2_ws/install/rosbot_controller/share/rosbot_controller/package.sh'
[1.513s] INFO:colcon.colcon_core.shell:Creating package script '/home/zhettus/ros2_ws/install/rosbot_controller/share/rosbot_controller/package.bash'
[1.513s] INFO:colcon.colcon_core.shell:Creating package script '/home/zhettus/ros2_ws/install/rosbot_controller/share/rosbot_controller/package.zsh'
[1.513s] Level 1:colcon.colcon_core.environment:create_file_with_runtime_dependencies(/home/zhettus/ros2_ws/install/rosbot_controller/share/colcon-core/packages/rosbot_controller)
[1.514s] DEBUG:colcon.colcon_core.event_handler.log_command:Invoked command in '/home/zhettus/ros2_ws/src/rosbot_xl_ros/rosbot_controller' returned '0': CMAKE_PREFIX_PATH=/home/zhettus/ros2_ws/install/rosbot_description:/home/zhettus/ros2_ws/install/test:/home/zhettus/ros2_ws/install/rosbot_gazebo:/home/zhettus/ros2_ws/install/rosbot_bringup:/home/zhettus/ros2_ws/install/rosbot:/home/zhettus/ros2_ws/install/rosbot_controller:/home/zhettus/ros2_ws/install/rosbot_utils:/home/zhettus/ros2_ws/install/rosbot_moveit:/home/zhettus/ros2_ws/install/rosbot_localization:/home/zhettus/ros2_ws/install/rosbot_joy:/home/zhettus/ros2_ws/install/rosbot_hardware_interfaces:/opt/ros/jazzy/opt/gz_sim_vendor:/opt/ros/jazzy/opt/gz_sensors_vendor:/opt/ros/jazzy/opt/gz_physics_vendor:/opt/ros/jazzy/opt/sdformat_vendor:/opt/ros/jazzy/opt/gz_gui_vendor:/opt/ros/jazzy/opt/gz_transport_vendor:/opt/ros/jazzy/opt/gz_rendering_vendor:/opt/ros/jazzy/opt/gz_plugin_vendor:/opt/ros/jazzy/opt/gz_fuel_tools_vendor:/opt/ros/jazzy/opt/gz_msgs_vendor:/opt/ros/jazzy/opt/gz_common_vendor:/opt/ros/jazzy/opt/gz_math_vendor:/opt/ros/jazzy/opt/gz_utils_vendor:/opt/ros/jazzy/opt/gz_tools_vendor:/opt/ros/jazzy/opt/gz_ogre_next_vendor:/opt/ros/jazzy/opt/gz_dartsim_vendor:/opt/ros/jazzy/opt/gz_cmake_vendor PYTHONPATH=/home/zhettus/ros2_ws/build/rosbot_controller/prefix_override:/usr/lib/python3/dist-packages/colcon_core/task/python/colcon_distutils_commands:/home/zhettus/ros2_ws/install/rosbot_controller/lib/python3.12/site-packages:${PYTHONPATH} /usr/bin/python3 -W ignore:setup.py install is deprecated -W ignore:easy_install command is deprecated setup.py egg_info --egg-base ../../../build/rosbot_controller build --build-base /home/zhettus/ros2_ws/build/rosbot_controller/build install --record /home/zhettus/ros2_ws/build/rosbot_controller/install.log --single-version-externally-managed install_data
[1.603s] DEBUG:colcon.colcon_core.event_handler.log_command:Invoked command in '/home/zhettus/ros2_ws/build/test' returned '0': CMAKE_PREFIX_PATH=${CMAKE_PREFIX_PATH}:/opt/ros/jazzy /usr/bin/cmake /home/zhettus/ros2_ws/src/test -DCMAKE_INSTALL_PREFIX=/home/zhettus/ros2_ws/install/test
[1.604s] DEBUG:colcon.colcon_core.event_handler.log_command:Invoking command in '/home/zhettus/ros2_ws/build/test': CMAKE_PREFIX_PATH=${CMAKE_PREFIX_PATH}:/opt/ros/jazzy /usr/bin/cmake --build /home/zhettus/ros2_ws/build/test -- -j6 -l6
[1.754s] DEBUG:colcon.colcon_core.event_handler.log_command:Invoked command in '/home/zhettus/ros2_ws/build/tutorial_pkg' returned '0': CMAKE_PREFIX_PATH=${CMAKE_PREFIX_PATH}:/opt/ros/jazzy /usr/bin/cmake /home/zhettus/ros2_ws/src/tutorial_pkg -DCMAKE_INSTALL_PREFIX=/home/zhettus/ros2_ws/install/tutorial_pkg
[1.754s] DEBUG:colcon.colcon_core.event_handler.log_command:Invoking command in '/home/zhettus/ros2_ws/build/tutorial_pkg': CMAKE_PREFIX_PATH=${CMAKE_PREFIX_PATH}:/opt/ros/jazzy /usr/bin/cmake --build /home/zhettus/ros2_ws/build/tutorial_pkg -- -j6 -l6
[4.373s] DEBUG:colcon.colcon_core.event_handler.log_command:Invoked command in '/home/zhettus/ros2_ws/build/test' returned '0': CMAKE_PREFIX_PATH=${CMAKE_PREFIX_PATH}:/opt/ros/jazzy /usr/bin/cmake --build /home/zhettus/ros2_ws/build/test -- -j6 -l6
[4.374s] DEBUG:colcon.colcon_core.event_handler.log_command:Invoking command in '/home/zhettus/ros2_ws/build/test': CMAKE_PREFIX_PATH=${CMAKE_PREFIX_PATH}:/opt/ros/jazzy /usr/bin/cmake --install /home/zhettus/ros2_ws/build/test
[4.381s] Level 1:colcon.colcon_core.environment:create_environment_scripts_only(test)
[4.381s] Level 1:colcon.colcon_core.environment:checking '/home/zhettus/ros2_ws/install/test' for CMake module files
[4.382s] DEBUG:colcon.colcon_core.event_handler.log_command:Invoked command in '/home/zhettus/ros2_ws/build/test' returned '0': CMAKE_PREFIX_PATH=${CMAKE_PREFIX_PATH}:/opt/ros/jazzy /usr/bin/cmake --install /home/zhettus/ros2_ws/build/test
[4.382s] Level 1:colcon.colcon_core.environment:checking '/home/zhettus/ros2_ws/install/test' for CMake config files
[4.382s] Level 1:colcon.colcon_core.shell:create_environment_hook('test', 'cmake_prefix_path')
[4.382s] INFO:colcon.colcon_core.shell:Creating environment hook '/home/zhettus/ros2_ws/install/test/share/test/hook/cmake_prefix_path.ps1'
[4.382s] INFO:colcon.colcon_core.shell:Creating environment descriptor '/home/zhettus/ros2_ws/install/test/share/test/hook/cmake_prefix_path.dsv'
[4.383s] INFO:colcon.colcon_core.shell:Creating environment hook '/home/zhettus/ros2_ws/install/test/share/test/hook/cmake_prefix_path.sh'
[4.383s] Level 1:colcon.colcon_core.environment:checking '/home/zhettus/ros2_ws/install/test/lib'
[4.383s] Level 1:colcon.colcon_core.environment:checking '/home/zhettus/ros2_ws/install/test/bin'
[4.383s] Level 1:colcon.colcon_core.environment:checking '/home/zhettus/ros2_ws/install/test/lib/pkgconfig/test.pc'
[4.383s] Level 1:colcon.colcon_core.environment:checking '/home/zhettus/ros2_ws/install/test/lib/python3.12/site-packages'
[4.383s] Level 1:colcon.colcon_core.environment:checking '/home/zhettus/ros2_ws/install/test/bin'
[4.383s] INFO:colcon.colcon_core.shell:Creating package script '/home/zhettus/ros2_ws/install/test/share/test/package.ps1'
[4.384s] INFO:colcon.colcon_core.shell:Creating package descriptor '/home/zhettus/ros2_ws/install/test/share/test/package.dsv'
[4.384s] INFO:colcon.colcon_core.shell:Creating package script '/home/zhettus/ros2_ws/install/test/share/test/package.sh'
[4.384s] INFO:colcon.colcon_core.shell:Creating package script '/home/zhettus/ros2_ws/install/test/share/test/package.bash'
[4.384s] INFO:colcon.colcon_core.shell:Creating package script '/home/zhettus/ros2_ws/install/test/share/test/package.zsh'
[4.384s] Level 1:colcon.colcon_core.environment:create_file_with_runtime_dependencies(/home/zhettus/ros2_ws/install/test/share/colcon-core/packages/test)
[4.385s] Level 1:colcon.colcon_core.environment:create_environment_scripts_only(test)
[4.385s] Level 1:colcon.colcon_core.environment:checking '/home/zhettus/ros2_ws/install/test' for CMake module files
[4.385s] Level 1:colcon.colcon_core.environment:checking '/home/zhettus/ros2_ws/install/test' for CMake config files
[4.385s] Level 1:colcon.colcon_core.shell:create_environment_hook('test', 'cmake_prefix_path')
[4.385s] INFO:colcon.colcon_core.shell:Creating environment hook '/home/zhettus/ros2_ws/install/test/share/test/hook/cmake_prefix_path.ps1'
[4.385s] INFO:colcon.colcon_core.shell:Creating environment descriptor '/home/zhettus/ros2_ws/install/test/share/test/hook/cmake_prefix_path.dsv'
[4.385s] INFO:colcon.colcon_core.shell:Creating environment hook '/home/zhettus/ros2_ws/install/test/share/test/hook/cmake_prefix_path.sh'
[4.386s] Level 1:colcon.colcon_core.environment:checking '/home/zhettus/ros2_ws/install/test/lib'
[4.386s] Level 1:colcon.colcon_core.environment:checking '/home/zhettus/ros2_ws/install/test/bin'
[4.386s] Level 1:colcon.colcon_core.environment:checking '/home/zhettus/ros2_ws/install/test/lib/pkgconfig/test.pc'
[4.386s] Level 1:colcon.colcon_core.environment:checking '/home/zhettus/ros2_ws/install/test/lib/python3.12/site-packages'
[4.386s] Level 1:colcon.colcon_core.environment:checking '/home/zhettus/ros2_ws/install/test/bin'
[4.386s] INFO:colcon.colcon_core.shell:Creating package script '/home/zhettus/ros2_ws/install/test/share/test/package.ps1'
[4.386s] INFO:colcon.colcon_core.shell:Creating package descriptor '/home/zhettus/ros2_ws/install/test/share/test/package.dsv'
[4.387s] INFO:colcon.colcon_core.shell:Creating package script '/home/zhettus/ros2_ws/install/test/share/test/package.sh'
[4.387s] INFO:colcon.colcon_core.shell:Creating package script '/home/zhettus/ros2_ws/install/test/share/test/package.bash'
[4.387s] INFO:colcon.colcon_core.shell:Creating package script '/home/zhettus/ros2_ws/install/test/share/test/package.zsh'
[4.387s] Level 1:colcon.colcon_core.environment:create_file_with_runtime_dependencies(/home/zhettus/ros2_ws/install/test/share/colcon-core/packages/test)
[7.101s] DEBUG:colcon.colcon_core.event_handler.log_command:Invoked command in '/home/zhettus/ros2_ws/build/tutorial_pkg' returned '2': CMAKE_PREFIX_PATH=${CMAKE_PREFIX_PATH}:/opt/ros/jazzy /usr/bin/cmake --build /home/zhettus/ros2_ws/build/tutorial_pkg -- -j6 -l6
[7.101s] Level 1:colcon.colcon_core.environment:create_environment_scripts_only(tutorial_pkg)
[7.101s] Level 1:colcon.colcon_core.environment:checking '/home/zhettus/ros2_ws/install/tutorial_pkg' for CMake module files
[7.101s] Level 1:colcon.colcon_core.environment:checking '/home/zhettus/ros2_ws/install/tutorial_pkg' for CMake config files
[7.102s] Level 1:colcon.colcon_core.environment:checking '/home/zhettus/ros2_ws/install/tutorial_pkg/bin'
[7.102s] Level 1:colcon.colcon_core.environment:checking '/home/zhettus/ros2_ws/install/tutorial_pkg/lib/pkgconfig/tutorial_pkg.pc'
[7.102s] Level 1:colcon.colcon_core.environment:checking '/home/zhettus/ros2_ws/install/tutorial_pkg/lib/python3.12/site-packages'
[7.102s] Level 1:colcon.colcon_core.environment:checking '/home/zhettus/ros2_ws/install/tutorial_pkg/bin'
[7.102s] INFO:colcon.colcon_core.shell:Creating package script '/home/zhettus/ros2_ws/install/tutorial_pkg/share/tutorial_pkg/package.ps1'
[7.102s] INFO:colcon.colcon_core.shell:Creating package descriptor '/home/zhettus/ros2_ws/install/tutorial_pkg/share/tutorial_pkg/package.dsv'
[7.103s] INFO:colcon.colcon_core.shell:Creating package script '/home/zhettus/ros2_ws/install/tutorial_pkg/share/tutorial_pkg/package.sh'
[7.103s] INFO:colcon.colcon_core.shell:Creating package script '/home/zhettus/ros2_ws/install/tutorial_pkg/share/tutorial_pkg/package.bash'
[7.103s] INFO:colcon.colcon_core.shell:Creating package script '/home/zhettus/ros2_ws/install/tutorial_pkg/share/tutorial_pkg/package.zsh'
[7.103s] Level 1:colcon.colcon_core.environment:create_file_with_runtime_dependencies(/home/zhettus/ros2_ws/install/tutorial_pkg/share/colcon-core/packages/tutorial_pkg)
[7.113s] DEBUG:colcon.colcon_parallel_executor.executor.parallel:closing loop
[7.113s] DEBUG:colcon.colcon_parallel_executor.executor.parallel:loop closed
[7.113s] DEBUG:colcon.colcon_parallel_executor.executor.parallel:run_until_complete finished with '2'
[7.114s] DEBUG:colcon.colcon_core.event_reactor:joining thread
[7.118s] INFO:colcon.colcon_core.plugin_system:Skipping extension 'colcon_notification.desktop_notification.terminal_notifier': Not used on non-Darwin systems
[7.118s] INFO:colcon.colcon_core.plugin_system:Skipping extension 'colcon_notification.desktop_notification.win32': Not used on non-Windows systems
[7.118s] INFO:colcon.colcon_notification.desktop_notification:Sending desktop notification using 'notify2'
[7.122s] DEBUG:colcon.colcon_core.event_reactor:joined thread
[7.122s] INFO:colcon.colcon_core.shell:Creating prefix script '/home/zhettus/ros2_ws/install/local_setup.ps1'
[7.123s] INFO:colcon.colcon_core.shell:Creating prefix util module '/home/zhettus/ros2_ws/install/_local_setup_util_ps1.py'
[7.124s] INFO:colcon.colcon_core.shell:Creating prefix chain script '/home/zhettus/ros2_ws/install/setup.ps1'
[7.124s] INFO:colcon.colcon_core.shell:Creating prefix script '/home/zhettus/ros2_ws/install/local_setup.sh'
[7.125s] INFO:colcon.colcon_core.shell:Creating prefix util module '/home/zhettus/ros2_ws/install/_local_setup_util_sh.py'
[7.125s] INFO:colcon.colcon_core.shell:Creating prefix chain script '/home/zhettus/ros2_ws/install/setup.sh'
[7.125s] INFO:colcon.colcon_core.shell:Creating prefix script '/home/zhettus/ros2_ws/install/local_setup.bash'
[7.126s] INFO:colcon.colcon_core.shell:Creating prefix chain script '/home/zhettus/ros2_ws/install/setup.bash'
[7.126s] INFO:colcon.colcon_core.shell:Creating prefix script '/home/zhettus/ros2_ws/install/local_setup.zsh'
[7.126s] INFO:colcon.colcon_core.shell:Creating prefix chain script '/home/zhettus/ros2_ws/install/setup.zsh'
