-- Found ament_cmake: 2.5.6 (/opt/ros/jazzy/share/ament_cmake/cmake)
-- Override CMake install command with custom implementation using symlinks instead of copying resources
-- Found rclcpp: 28.1.18 (/opt/ros/jazzy/share/rclcpp/cmake)
-- Found rosidl_generator_c: 4.6.7 (/opt/ros/jazzy/share/rosidl_generator_c/cmake)
-- Found rosidl_generator_cpp: 4.6.7 (/opt/ros/jazzy/share/rosidl_generator_cpp/cmake)
-- Using all available rosidl_typesupport_c: rosidl_typesupport_fastrtps_c;rosidl_typesupport_introspection_c
-- Using all available rosidl_typesupport_cpp: rosidl_typesupport_fastrtps_cpp;rosidl_typesupport_introspection_cpp
-- Found rmw_implementation_cmake: 7.3.3 (/opt/ros/jazzy/share/rmw_implementation_cmake/cmake)
-- Found rmw_fastrtps_cpp: 8.4.3 (/opt/ros/jazzy/share/rmw_fastrtps_cpp/cmake)
-- Using RMW implementation 'rmw_fastrtps_cpp' as default
-- Found ament_lint_auto: 0.17.5 (/opt/ros/jazzy/share/ament_lint_auto/cmake)
-- Added test 'flake8' to check Python code syntax and style conventions
-- Configured 'flake8' exclude dirs and/or files: 
-- Added test 'lint_cmake' to check CMake code style
-- Added test 'pep257' to check Python code against some of the docstring style conventions in PEP 257
-- Added test 'xmllint' to check XML markup files
-- Configuring done (1.2s)
-- Generating done (0.0s)
-- Build files have been written to: /home/zhettus/ros2_ws/build/tutorial_pkg
-- Install configuration: ""
-- Execute custom install script
-- Symlinking: /home/zhettus/ros2_ws/install/tutorial_pkg/share/tutorial_pkg/launch/amcl.launch.py
-- Symlinking: /home/zhettus/ros2_ws/install/tutorial_pkg/share/tutorial_pkg/launch/config.amcl.yaml
-- Up-to-date symlink: /home/zhettus/ros2_ws/install/tutorial_pkg/share/tutorial_pkg/launch/slam.launch.py
-- Symlinking: /home/zhettus/ros2_ws/install/tutorial_pkg/share/tutorial_pkg/maps/map.pgm
-- Symlinking: /home/zhettus/ros2_ws/install/tutorial_pkg/share/tutorial_pkg/maps/map.yaml
-- Up-to-date symlink: /home/zhettus/ros2_ws/install/tutorial_pkg/share/tutorial_pkg/config/slam.yaml
-- Up-to-date symlink: /home/zhettus/ros2_ws/install/tutorial_pkg/share/ament_index/resource_index/package_run_dependencies/tutorial_pkg
-- Up-to-date symlink: /home/zhettus/ros2_ws/install/tutorial_pkg/share/ament_index/resource_index/parent_prefix_path/tutorial_pkg
-- Up-to-date symlink: /home/zhettus/ros2_ws/install/tutorial_pkg/share/tutorial_pkg/environment/ament_prefix_path.sh
-- Up-to-date symlink: /home/zhettus/ros2_ws/install/tutorial_pkg/share/tutorial_pkg/environment/ament_prefix_path.dsv
-- Up-to-date symlink: /home/zhettus/ros2_ws/install/tutorial_pkg/share/tutorial_pkg/environment/path.sh
-- Up-to-date symlink: /home/zhettus/ros2_ws/install/tutorial_pkg/share/tutorial_pkg/environment/path.dsv
-- Up-to-date symlink: /home/zhettus/ros2_ws/install/tutorial_pkg/share/tutorial_pkg/local_setup.bash
-- Up-to-date symlink: /home/zhettus/ros2_ws/install/tutorial_pkg/share/tutorial_pkg/local_setup.sh
-- Up-to-date symlink: /home/zhettus/ros2_ws/install/tutorial_pkg/share/tutorial_pkg/local_setup.zsh
-- Up-to-date symlink: /home/zhettus/ros2_ws/install/tutorial_pkg/share/tutorial_pkg/local_setup.dsv
-- Symlinking: /home/zhettus/ros2_ws/install/tutorial_pkg/share/tutorial_pkg/package.dsv
-- Up-to-date symlink: /home/zhettus/ros2_ws/install/tutorial_pkg/share/ament_index/resource_index/packages/tutorial_pkg
-- Up-to-date symlink: /home/zhettus/ros2_ws/install/tutorial_pkg/share/tutorial_pkg/cmake/tutorial_pkgConfig.cmake
-- Up-to-date symlink: /home/zhettus/ros2_ws/install/tutorial_pkg/share/tutorial_pkg/cmake/tutorial_pkgConfig-version.cmake
-- Up-to-date symlink: /home/zhettus/ros2_ws/install/tutorial_pkg/share/tutorial_pkg/package.xml
