[0.038s] Invoking command in '/home/zhettus/ros2_ws/build/tutorial_pkg': CMAKE_PREFIX_PATH=${CMAKE_PREFIX_PATH}:/home/zhettus/rosbot_ws/install/rosbot_controller:/home/zhettus/rosbot_ws/install/rosbot_utils:/home/zhettus/rosbot_ws/install/rosbot_gazebo:/home/zhettus/rosbot_ws/install/rosbot_bringup:/home/zhettus/ros2_ws/install/rosbot_utils:/home/zhettus/ros2_ws/install/rosbot_gazebo:/home/zhettus/ros2_ws/install/rosbot_controller:/home/zhettus/ros2_ws/install/rosbot_bringup:/opt/ros/jazzy /usr/bin/cmake /home/zhettus/ros2_ws/src/tutorial_pkg -DCMAKE_INSTALL_PREFIX=/home/zhettus/ros2_ws/install/tutorial_pkg
[0.061s] -- Found ament_cmake: 2.5.6 (/opt/ros/jazzy/share/ament_cmake/cmake)
[0.355s] -- Override CMake install command with custom implementation using symlinks instead of copying resources
[0.409s] -- Found rclcpp: 28.1.18 (/opt/ros/jazzy/share/rclcpp/cmake)
[0.526s] -- Found rosidl_generator_c: 4.6.7 (/opt/ros/jazzy/share/rosidl_generator_c/cmake)
[0.553s] -- Found rosidl_generator_cpp: 4.6.7 (/opt/ros/jazzy/share/rosidl_generator_cpp/cmake)
[0.588s] -- Using all available rosidl_typesupport_c: rosidl_typesupport_fastrtps_c;rosidl_typesupport_introspection_c
[0.646s] -- Using all available rosidl_typesupport_cpp: rosidl_typesupport_fastrtps_cpp;rosidl_typesupport_introspection_cpp
[0.781s] -- Found rmw_implementation_cmake: 7.3.3 (/opt/ros/jazzy/share/rmw_implementation_cmake/cmake)
[0.781s] -- Found rmw_fastrtps_cpp: 8.4.3 (/opt/ros/jazzy/share/rmw_fastrtps_cpp/cmake)
[0.949s] -- Using RMW implementation 'rmw_fastrtps_cpp' as default
[1.123s] -- Found ament_lint_auto: 0.17.5 (/opt/ros/jazzy/share/ament_lint_auto/cmake)
[1.212s] -- Added test 'flake8' to check Python code syntax and style conventions
[1.212s] -- Configured 'flake8' exclude dirs and/or files: 
[1.212s] -- Added test 'lint_cmake' to check CMake code style
[1.212s] -- Added test 'pep257' to check Python code against some of the docstring style conventions in PEP 257
[1.213s] -- Added test 'xmllint' to check XML markup files
[1.217s] -- Configuring done (1.2s)
[1.226s] -- Generating done (0.0s)
[1.228s] -- Build files have been written to: /home/zhettus/ros2_ws/build/tutorial_pkg
[1.239s] Invoked command in '/home/zhettus/ros2_ws/build/tutorial_pkg' returned '0': CMAKE_PREFIX_PATH=${CMAKE_PREFIX_PATH}:/home/zhettus/rosbot_ws/install/rosbot_controller:/home/zhettus/rosbot_ws/install/rosbot_utils:/home/zhettus/rosbot_ws/install/rosbot_gazebo:/home/zhettus/rosbot_ws/install/rosbot_bringup:/home/zhettus/ros2_ws/install/rosbot_utils:/home/zhettus/ros2_ws/install/rosbot_gazebo:/home/zhettus/ros2_ws/install/rosbot_controller:/home/zhettus/ros2_ws/install/rosbot_bringup:/opt/ros/jazzy /usr/bin/cmake /home/zhettus/ros2_ws/src/tutorial_pkg -DCMAKE_INSTALL_PREFIX=/home/zhettus/ros2_ws/install/tutorial_pkg
[1.239s] Invoking command in '/home/zhettus/ros2_ws/build/tutorial_pkg': CMAKE_PREFIX_PATH=${CMAKE_PREFIX_PATH}:/home/zhettus/rosbot_ws/install/rosbot_controller:/home/zhettus/rosbot_ws/install/rosbot_utils:/home/zhettus/rosbot_ws/install/rosbot_gazebo:/home/zhettus/rosbot_ws/install/rosbot_bringup:/home/zhettus/ros2_ws/install/rosbot_utils:/home/zhettus/ros2_ws/install/rosbot_gazebo:/home/zhettus/ros2_ws/install/rosbot_controller:/home/zhettus/ros2_ws/install/rosbot_bringup:/opt/ros/jazzy /usr/bin/cmake --build /home/zhettus/ros2_ws/build/tutorial_pkg -- -j6 -l6
[1.286s] Invoked command in '/home/zhettus/ros2_ws/build/tutorial_pkg' returned '0': CMAKE_PREFIX_PATH=${CMAKE_PREFIX_PATH}:/home/zhettus/rosbot_ws/install/rosbot_controller:/home/zhettus/rosbot_ws/install/rosbot_utils:/home/zhettus/rosbot_ws/install/rosbot_gazebo:/home/zhettus/rosbot_ws/install/rosbot_bringup:/home/zhettus/ros2_ws/install/rosbot_utils:/home/zhettus/ros2_ws/install/rosbot_gazebo:/home/zhettus/ros2_ws/install/rosbot_controller:/home/zhettus/ros2_ws/install/rosbot_bringup:/opt/ros/jazzy /usr/bin/cmake --build /home/zhettus/ros2_ws/build/tutorial_pkg -- -j6 -l6
[1.288s] Invoking command in '/home/zhettus/ros2_ws/build/tutorial_pkg': CMAKE_PREFIX_PATH=${CMAKE_PREFIX_PATH}:/home/zhettus/rosbot_ws/install/rosbot_controller:/home/zhettus/rosbot_ws/install/rosbot_utils:/home/zhettus/rosbot_ws/install/rosbot_gazebo:/home/zhettus/rosbot_ws/install/rosbot_bringup:/home/zhettus/ros2_ws/install/rosbot_utils:/home/zhettus/ros2_ws/install/rosbot_gazebo:/home/zhettus/ros2_ws/install/rosbot_controller:/home/zhettus/ros2_ws/install/rosbot_bringup:/opt/ros/jazzy /usr/bin/cmake --install /home/zhettus/ros2_ws/build/tutorial_pkg
[1.307s] -- Install configuration: ""
[1.308s] -- Execute custom install script
[1.308s] -- Symlinking: /home/zhettus/ros2_ws/install/tutorial_pkg/share/tutorial_pkg/launch/amcl.launch.py
[1.321s] -- Symlinking: /home/zhettus/ros2_ws/install/tutorial_pkg/share/tutorial_pkg/launch/config.amcl.yaml
[1.336s] -- Up-to-date symlink: /home/zhettus/ros2_ws/install/tutorial_pkg/share/tutorial_pkg/launch/slam.launch.py
[1.336s] -- Symlinking: /home/zhettus/ros2_ws/install/tutorial_pkg/share/tutorial_pkg/maps/map.pgm
[1.345s] -- Symlinking: /home/zhettus/ros2_ws/install/tutorial_pkg/share/tutorial_pkg/maps/map.yaml
[1.355s] -- Up-to-date symlink: /home/zhettus/ros2_ws/install/tutorial_pkg/share/tutorial_pkg/config/slam.yaml
[1.356s] -- Up-to-date symlink: /home/zhettus/ros2_ws/install/tutorial_pkg/share/ament_index/resource_index/package_run_dependencies/tutorial_pkg
[1.356s] -- Up-to-date symlink: /home/zhettus/ros2_ws/install/tutorial_pkg/share/ament_index/resource_index/parent_prefix_path/tutorial_pkg
[1.356s] -- Up-to-date symlink: /home/zhettus/ros2_ws/install/tutorial_pkg/share/tutorial_pkg/environment/ament_prefix_path.sh
[1.356s] -- Up-to-date symlink: /home/zhettus/ros2_ws/install/tutorial_pkg/share/tutorial_pkg/environment/ament_prefix_path.dsv
[1.357s] -- Up-to-date symlink: /home/zhettus/ros2_ws/install/tutorial_pkg/share/tutorial_pkg/environment/path.sh
[1.357s] -- Up-to-date symlink: /home/zhettus/ros2_ws/install/tutorial_pkg/share/tutorial_pkg/environment/path.dsv
[1.357s] -- Up-to-date symlink: /home/zhettus/ros2_ws/install/tutorial_pkg/share/tutorial_pkg/local_setup.bash
[1.357s] -- Up-to-date symlink: /home/zhettus/ros2_ws/install/tutorial_pkg/share/tutorial_pkg/local_setup.sh
[1.358s] -- Up-to-date symlink: /home/zhettus/ros2_ws/install/tutorial_pkg/share/tutorial_pkg/local_setup.zsh
[1.358s] -- Up-to-date symlink: /home/zhettus/ros2_ws/install/tutorial_pkg/share/tutorial_pkg/local_setup.dsv
[1.359s] -- Symlinking: /home/zhettus/ros2_ws/install/tutorial_pkg/share/tutorial_pkg/package.dsv
[1.367s] -- Up-to-date symlink: /home/zhettus/ros2_ws/install/tutorial_pkg/share/ament_index/resource_index/packages/tutorial_pkg
[1.368s] -- Up-to-date symlink: /home/zhettus/ros2_ws/install/tutorial_pkg/share/tutorial_pkg/cmake/tutorial_pkgConfig.cmake
[1.369s] -- Up-to-date symlink: /home/zhettus/ros2_ws/install/tutorial_pkg/share/tutorial_pkg/cmake/tutorial_pkgConfig-version.cmake
[1.369s] -- Up-to-date symlink: /home/zhettus/ros2_ws/install/tutorial_pkg/share/tutorial_pkg/package.xml
[1.371s] Invoked command in '/home/zhettus/ros2_ws/build/tutorial_pkg' returned '0': CMAKE_PREFIX_PATH=${CMAKE_PREFIX_PATH}:/home/zhettus/rosbot_ws/install/rosbot_controller:/home/zhettus/rosbot_ws/install/rosbot_utils:/home/zhettus/rosbot_ws/install/rosbot_gazebo:/home/zhettus/rosbot_ws/install/rosbot_bringup:/home/zhettus/ros2_ws/install/rosbot_utils:/home/zhettus/ros2_ws/install/rosbot_gazebo:/home/zhettus/ros2_ws/install/rosbot_controller:/home/zhettus/ros2_ws/install/rosbot_bringup:/opt/ros/jazzy /usr/bin/cmake --install /home/zhettus/ros2_ws/build/tutorial_pkg
