[0.110s] DEBUG:colcon:Command line arguments: ['/usr/bin/colcon', 'build']
[0.110s] DEBUG:colcon:Parsed command line arguments: Namespace(log_base=None, log_level=None, verb_name='build', build_base='build', install_base='install', merge_install=False, symlink_install=False, test_result_base=None, continue_on_error=False, executor='parallel', parallel_workers=6, event_handlers=None, ignore_user_meta=False, metas=['./colcon.meta'], base_paths=['.'], packages_ignore=None, packages_ignore_regex=None, paths=None, packages_up_to=None, packages_up_to_regex=None, packages_above=None, packages_above_and_dependencies=None, packages_above_depth=None, packages_select_by_dep=None, packages_skip_by_dep=None, packages_skip_up_to=None, packages_select_build_failed=False, packages_skip_build_finished=False, packages_select_test_failures=False, packages_skip_test_passed=False, packages_select=None, packages_skip=None, packages_select_regex=None, packages_skip_regex=None, packages_start=None, packages_end=None, allow_overriding=[], cmake_args=None, cmake_target=None, cmake_target_skip_unavailable=False, cmake_clean_cache=False, cmake_clean_first=False, cmake_force_configure=False, ament_cmake_args=None, catkin_cmake_args=None, catkin_skip_building_tests=False, verb_parser=<colcon_defaults.argument_parser.defaults.DefaultArgumentsDecorator object at 0xe6d792f28290>, verb_extension=<colcon_core.verb.build.BuildVerb object at 0xe6d792ef7980>, main=<bound method BuildVerb.main of <colcon_core.verb.build.BuildVerb object at 0xe6d792ef7980>>)
[0.142s] Level 1:colcon.colcon_core.package_discovery:discover_packages(colcon_meta) check parameters
[0.142s] Level 1:colcon.colcon_core.package_discovery:discover_packages(recursive) check parameters
[0.142s] Level 1:colcon.colcon_core.package_discovery:discover_packages(ignore) check parameters
[0.142s] Level 1:colcon.colcon_core.package_discovery:discover_packages(path) check parameters
[0.142s] Level 1:colcon.colcon_core.package_discovery:discover_packages(colcon_meta) discover
[0.142s] Level 1:colcon.colcon_core.package_discovery:discover_packages(recursive) discover
[0.142s] INFO:colcon.colcon_core.package_discovery:Crawling recursively for packages in '/home/zhettus/ros2_ws'
[0.142s] Level 1:colcon.colcon_core.package_identification:_identify(.) by extensions ['ignore', 'ignore_ament_install']
[0.142s] Level 1:colcon.colcon_core.package_identification:_identify(.) by extension 'ignore'
[0.143s] Level 1:colcon.colcon_core.package_identification:_identify(.) by extension 'ignore_ament_install'
[0.143s] Level 1:colcon.colcon_core.package_identification:_identify(.) by extensions ['colcon_pkg']
[0.143s] Level 1:colcon.colcon_core.package_identification:_identify(.) by extension 'colcon_pkg'
[0.143s] Level 1:colcon.colcon_core.package_identification:_identify(.) by extensions ['colcon_meta']
[0.143s] Level 1:colcon.colcon_core.package_identification:_identify(.) by extension 'colcon_meta'
[0.143s] Level 1:colcon.colcon_core.package_identification:_identify(.) by extensions ['ros']
[0.143s] Level 1:colcon.colcon_core.package_identification:_identify(.) by extension 'ros'
[0.163s] Level 1:colcon.colcon_core.package_identification:_identify(.) by extensions ['cmake', 'python']
[0.163s] Level 1:colcon.colcon_core.package_identification:_identify(.) by extension 'cmake'
[0.163s] Level 1:colcon.colcon_core.package_identification:_identify(.) by extension 'python'
[0.163s] Level 1:colcon.colcon_core.package_identification:_identify(.) by extensions ['python_setup_py']
[0.163s] Level 1:colcon.colcon_core.package_identification:_identify(.) by extension 'python_setup_py'
[0.163s] Level 1:colcon.colcon_core.package_identification:_identify(__pycache__) by extensions ['ignore', 'ignore_ament_install']
[0.163s] Level 1:colcon.colcon_core.package_identification:_identify(__pycache__) by extension 'ignore'
[0.163s] Level 1:colcon.colcon_core.package_identification:_identify(__pycache__) by extension 'ignore_ament_install'
[0.163s] Level 1:colcon.colcon_core.package_identification:_identify(__pycache__) by extensions ['colcon_pkg']
[0.163s] Level 1:colcon.colcon_core.package_identification:_identify(__pycache__) by extension 'colcon_pkg'
[0.163s] Level 1:colcon.colcon_core.package_identification:_identify(__pycache__) by extensions ['colcon_meta']
[0.163s] Level 1:colcon.colcon_core.package_identification:_identify(__pycache__) by extension 'colcon_meta'
[0.163s] Level 1:colcon.colcon_core.package_identification:_identify(__pycache__) by extensions ['ros']
[0.163s] Level 1:colcon.colcon_core.package_identification:_identify(__pycache__) by extension 'ros'
[0.163s] Level 1:colcon.colcon_core.package_identification:_identify(__pycache__) by extensions ['cmake', 'python']
[0.163s] Level 1:colcon.colcon_core.package_identification:_identify(__pycache__) by extension 'cmake'
[0.164s] Level 1:colcon.colcon_core.package_identification:_identify(__pycache__) by extension 'python'
[0.164s] Level 1:colcon.colcon_core.package_identification:_identify(__pycache__) by extensions ['python_setup_py']
[0.164s] Level 1:colcon.colcon_core.package_identification:_identify(__pycache__) by extension 'python_setup_py'
[0.164s] Level 1:colcon.colcon_core.package_identification:_identify(build) by extensions ['ignore', 'ignore_ament_install']
[0.164s] Level 1:colcon.colcon_core.package_identification:_identify(build) by extension 'ignore'
[0.164s] Level 1:colcon.colcon_core.package_identification:_identify(build) ignored
[0.164s] Level 1:colcon.colcon_core.package_identification:_identify(install) by extensions ['ignore', 'ignore_ament_install']
[0.164s] Level 1:colcon.colcon_core.package_identification:_identify(install) by extension 'ignore'
[0.164s] Level 1:colcon.colcon_core.package_identification:_identify(install) ignored
[0.164s] Level 1:colcon.colcon_core.package_identification:_identify(log) by extensions ['ignore', 'ignore_ament_install']
[0.164s] Level 1:colcon.colcon_core.package_identification:_identify(log) by extension 'ignore'
[0.164s] Level 1:colcon.colcon_core.package_identification:_identify(log) ignored
[0.164s] Level 1:colcon.colcon_core.package_identification:_identify(src) by extensions ['ignore', 'ignore_ament_install']
[0.164s] Level 1:colcon.colcon_core.package_identification:_identify(src) by extension 'ignore'
[0.164s] Level 1:colcon.colcon_core.package_identification:_identify(src) by extension 'ignore_ament_install'
[0.164s] Level 1:colcon.colcon_core.package_identification:_identify(src) by extensions ['colcon_pkg']
[0.164s] Level 1:colcon.colcon_core.package_identification:_identify(src) by extension 'colcon_pkg'
[0.164s] Level 1:colcon.colcon_core.package_identification:_identify(src) by extensions ['colcon_meta']
[0.164s] Level 1:colcon.colcon_core.package_identification:_identify(src) by extension 'colcon_meta'
[0.164s] Level 1:colcon.colcon_core.package_identification:_identify(src) by extensions ['ros']
[0.164s] Level 1:colcon.colcon_core.package_identification:_identify(src) by extension 'ros'
[0.164s] Level 1:colcon.colcon_core.package_identification:_identify(src) by extensions ['cmake', 'python']
[0.164s] Level 1:colcon.colcon_core.package_identification:_identify(src) by extension 'cmake'
[0.164s] Level 1:colcon.colcon_core.package_identification:_identify(src) by extension 'python'
[0.164s] Level 1:colcon.colcon_core.package_identification:_identify(src) by extensions ['python_setup_py']
[0.164s] Level 1:colcon.colcon_core.package_identification:_identify(src) by extension 'python_setup_py'
[0.164s] Level 1:colcon.colcon_core.package_identification:_identify(src/husarion_gz_worlds) by extensions ['ignore', 'ignore_ament_install']
[0.164s] Level 1:colcon.colcon_core.package_identification:_identify(src/husarion_gz_worlds) by extension 'ignore'
[0.164s] Level 1:colcon.colcon_core.package_identification:_identify(src/husarion_gz_worlds) by extension 'ignore_ament_install'
[0.164s] Level 1:colcon.colcon_core.package_identification:_identify(src/husarion_gz_worlds) by extensions ['colcon_pkg']
[0.164s] Level 1:colcon.colcon_core.package_identification:_identify(src/husarion_gz_worlds) by extension 'colcon_pkg'
[0.164s] Level 1:colcon.colcon_core.package_identification:_identify(src/husarion_gz_worlds) by extensions ['colcon_meta']
[0.164s] Level 1:colcon.colcon_core.package_identification:_identify(src/husarion_gz_worlds) by extension 'colcon_meta'
[0.164s] Level 1:colcon.colcon_core.package_identification:_identify(src/husarion_gz_worlds) by extensions ['ros']
[0.164s] Level 1:colcon.colcon_core.package_identification:_identify(src/husarion_gz_worlds) by extension 'ros'
[0.167s] DEBUG:colcon.colcon_core.package_identification:Package 'src/husarion_gz_worlds' with type 'ros.ament_cmake' and name 'husarion_gz_worlds'
[0.167s] Level 1:colcon.colcon_core.package_identification:_identify(src/rosbot_xl_ros) by extensions ['ignore', 'ignore_ament_install']
[0.167s] Level 1:colcon.colcon_core.package_identification:_identify(src/rosbot_xl_ros) by extension 'ignore'
[0.167s] Level 1:colcon.colcon_core.package_identification:_identify(src/rosbot_xl_ros) by extension 'ignore_ament_install'
[0.167s] Level 1:colcon.colcon_core.package_identification:_identify(src/rosbot_xl_ros) by extensions ['colcon_pkg']
[0.167s] Level 1:colcon.colcon_core.package_identification:_identify(src/rosbot_xl_ros) by extension 'colcon_pkg'
[0.167s] Level 1:colcon.colcon_core.package_identification:_identify(src/rosbot_xl_ros) by extensions ['colcon_meta']
[0.167s] Level 1:colcon.colcon_core.package_identification:_identify(src/rosbot_xl_ros) by extension 'colcon_meta'
[0.167s] Level 1:colcon.colcon_core.package_identification:_identify(src/rosbot_xl_ros) by extensions ['ros']
[0.167s] Level 1:colcon.colcon_core.package_identification:_identify(src/rosbot_xl_ros) by extension 'ros'
[0.167s] Level 1:colcon.colcon_core.package_identification:_identify(src/rosbot_xl_ros) by extensions ['cmake', 'python']
[0.167s] Level 1:colcon.colcon_core.package_identification:_identify(src/rosbot_xl_ros) by extension 'cmake'
[0.167s] Level 1:colcon.colcon_core.package_identification:_identify(src/rosbot_xl_ros) by extension 'python'
[0.167s] Level 1:colcon.colcon_core.package_identification:_identify(src/rosbot_xl_ros) by extensions ['python_setup_py']
[0.167s] Level 1:colcon.colcon_core.package_identification:_identify(src/rosbot_xl_ros) by extension 'python_setup_py'
[0.167s] Level 1:colcon.colcon_core.package_identification:_identify(src/rosbot_xl_ros/docker) by extensions ['ignore', 'ignore_ament_install']
[0.167s] Level 1:colcon.colcon_core.package_identification:_identify(src/rosbot_xl_ros/docker) by extension 'ignore'
[0.167s] Level 1:colcon.colcon_core.package_identification:_identify(src/rosbot_xl_ros/docker) by extension 'ignore_ament_install'
[0.167s] Level 1:colcon.colcon_core.package_identification:_identify(src/rosbot_xl_ros/docker) by extensions ['colcon_pkg']
[0.167s] Level 1:colcon.colcon_core.package_identification:_identify(src/rosbot_xl_ros/docker) by extension 'colcon_pkg'
[0.167s] Level 1:colcon.colcon_core.package_identification:_identify(src/rosbot_xl_ros/docker) by extensions ['colcon_meta']
[0.167s] Level 1:colcon.colcon_core.package_identification:_identify(src/rosbot_xl_ros/docker) by extension 'colcon_meta'
[0.167s] Level 1:colcon.colcon_core.package_identification:_identify(src/rosbot_xl_ros/docker) by extensions ['ros']
[0.168s] Level 1:colcon.colcon_core.package_identification:_identify(src/rosbot_xl_ros/docker) by extension 'ros'
[0.168s] Level 1:colcon.colcon_core.package_identification:_identify(src/rosbot_xl_ros/docker) by extensions ['cmake', 'python']
[0.168s] Level 1:colcon.colcon_core.package_identification:_identify(src/rosbot_xl_ros/docker) by extension 'cmake'
[0.168s] Level 1:colcon.colcon_core.package_identification:_identify(src/rosbot_xl_ros/docker) by extension 'python'
[0.168s] Level 1:colcon.colcon_core.package_identification:_identify(src/rosbot_xl_ros/docker) by extensions ['python_setup_py']
[0.168s] Level 1:colcon.colcon_core.package_identification:_identify(src/rosbot_xl_ros/docker) by extension 'python_setup_py'
[0.168s] Level 1:colcon.colcon_core.package_identification:_identify(src/rosbot_xl_ros/rosbot) by extensions ['ignore', 'ignore_ament_install']
[0.168s] Level 1:colcon.colcon_core.package_identification:_identify(src/rosbot_xl_ros/rosbot) by extension 'ignore'
[0.168s] Level 1:colcon.colcon_core.package_identification:_identify(src/rosbot_xl_ros/rosbot) by extension 'ignore_ament_install'
[0.168s] Level 1:colcon.colcon_core.package_identification:_identify(src/rosbot_xl_ros/rosbot) by extensions ['colcon_pkg']
[0.168s] Level 1:colcon.colcon_core.package_identification:_identify(src/rosbot_xl_ros/rosbot) by extension 'colcon_pkg'
[0.168s] Level 1:colcon.colcon_core.package_identification:_identify(src/rosbot_xl_ros/rosbot) by extensions ['colcon_meta']
[0.168s] Level 1:colcon.colcon_core.package_identification:_identify(src/rosbot_xl_ros/rosbot) by extension 'colcon_meta'
[0.168s] Level 1:colcon.colcon_core.package_identification:_identify(src/rosbot_xl_ros/rosbot) by extensions ['ros']
[0.168s] Level 1:colcon.colcon_core.package_identification:_identify(src/rosbot_xl_ros/rosbot) by extension 'ros'
[0.171s] DEBUG:colcon.colcon_core.package_identification:Package 'src/rosbot_xl_ros/rosbot' with type 'ros.ament_cmake' and name 'rosbot'
[0.171s] Level 1:colcon.colcon_core.package_identification:_identify(src/rosbot_xl_ros/rosbot_bringup) by extensions ['ignore', 'ignore_ament_install']
[0.171s] Level 1:colcon.colcon_core.package_identification:_identify(src/rosbot_xl_ros/rosbot_bringup) by extension 'ignore'
[0.171s] Level 1:colcon.colcon_core.package_identification:_identify(src/rosbot_xl_ros/rosbot_bringup) by extension 'ignore_ament_install'
[0.171s] Level 1:colcon.colcon_core.package_identification:_identify(src/rosbot_xl_ros/rosbot_bringup) by extensions ['colcon_pkg']
[0.171s] Level 1:colcon.colcon_core.package_identification:_identify(src/rosbot_xl_ros/rosbot_bringup) by extension 'colcon_pkg'
[0.171s] Level 1:colcon.colcon_core.package_identification:_identify(src/rosbot_xl_ros/rosbot_bringup) by extensions ['colcon_meta']
[0.171s] Level 1:colcon.colcon_core.package_identification:_identify(src/rosbot_xl_ros/rosbot_bringup) by extension 'colcon_meta'
[0.171s] Level 1:colcon.colcon_core.package_identification:_identify(src/rosbot_xl_ros/rosbot_bringup) by extensions ['ros']
[0.171s] Level 1:colcon.colcon_core.package_identification:_identify(src/rosbot_xl_ros/rosbot_bringup) by extension 'ros'
[0.173s] DEBUG:colcon.colcon_core.package_identification:Package 'src/rosbot_xl_ros/rosbot_bringup' with type 'ros.ament_python' and name 'rosbot_bringup'
[0.173s] Level 1:colcon.colcon_core.package_identification:_identify(src/rosbot_xl_ros/rosbot_controller) by extensions ['ignore', 'ignore_ament_install']
[0.173s] Level 1:colcon.colcon_core.package_identification:_identify(src/rosbot_xl_ros/rosbot_controller) by extension 'ignore'
[0.174s] Level 1:colcon.colcon_core.package_identification:_identify(src/rosbot_xl_ros/rosbot_controller) by extension 'ignore_ament_install'
[0.174s] Level 1:colcon.colcon_core.package_identification:_identify(src/rosbot_xl_ros/rosbot_controller) by extensions ['colcon_pkg']
[0.174s] Level 1:colcon.colcon_core.package_identification:_identify(src/rosbot_xl_ros/rosbot_controller) by extension 'colcon_pkg'
[0.174s] Level 1:colcon.colcon_core.package_identification:_identify(src/rosbot_xl_ros/rosbot_controller) by extensions ['colcon_meta']
[0.174s] Level 1:colcon.colcon_core.package_identification:_identify(src/rosbot_xl_ros/rosbot_controller) by extension 'colcon_meta'
[0.174s] Level 1:colcon.colcon_core.package_identification:_identify(src/rosbot_xl_ros/rosbot_controller) by extensions ['ros']
[0.174s] Level 1:colcon.colcon_core.package_identification:_identify(src/rosbot_xl_ros/rosbot_controller) by extension 'ros'
[0.175s] DEBUG:colcon.colcon_core.package_identification:Package 'src/rosbot_xl_ros/rosbot_controller' with type 'ros.ament_python' and name 'rosbot_controller'
[0.175s] Level 1:colcon.colcon_core.package_identification:_identify(src/rosbot_xl_ros/rosbot_description) by extensions ['ignore', 'ignore_ament_install']
[0.175s] Level 1:colcon.colcon_core.package_identification:_identify(src/rosbot_xl_ros/rosbot_description) by extension 'ignore'
[0.175s] Level 1:colcon.colcon_core.package_identification:_identify(src/rosbot_xl_ros/rosbot_description) by extension 'ignore_ament_install'
[0.175s] Level 1:colcon.colcon_core.package_identification:_identify(src/rosbot_xl_ros/rosbot_description) by extensions ['colcon_pkg']
[0.175s] Level 1:colcon.colcon_core.package_identification:_identify(src/rosbot_xl_ros/rosbot_description) by extension 'colcon_pkg'
[0.175s] Level 1:colcon.colcon_core.package_identification:_identify(src/rosbot_xl_ros/rosbot_description) by extensions ['colcon_meta']
[0.175s] Level 1:colcon.colcon_core.package_identification:_identify(src/rosbot_xl_ros/rosbot_description) by extension 'colcon_meta'
[0.175s] Level 1:colcon.colcon_core.package_identification:_identify(src/rosbot_xl_ros/rosbot_description) by extensions ['ros']
[0.175s] Level 1:colcon.colcon_core.package_identification:_identify(src/rosbot_xl_ros/rosbot_description) by extension 'ros'
[0.176s] DEBUG:colcon.colcon_core.package_identification:Package 'src/rosbot_xl_ros/rosbot_description' with type 'ros.ament_cmake' and name 'rosbot_description'
[0.176s] Level 1:colcon.colcon_core.package_identification:_identify(src/rosbot_xl_ros/rosbot_gazebo) by extensions ['ignore', 'ignore_ament_install']
[0.176s] Level 1:colcon.colcon_core.package_identification:_identify(src/rosbot_xl_ros/rosbot_gazebo) by extension 'ignore'
[0.176s] Level 1:colcon.colcon_core.package_identification:_identify(src/rosbot_xl_ros/rosbot_gazebo) by extension 'ignore_ament_install'
[0.176s] Level 1:colcon.colcon_core.package_identification:_identify(src/rosbot_xl_ros/rosbot_gazebo) by extensions ['colcon_pkg']
[0.176s] Level 1:colcon.colcon_core.package_identification:_identify(src/rosbot_xl_ros/rosbot_gazebo) by extension 'colcon_pkg'
[0.176s] Level 1:colcon.colcon_core.package_identification:_identify(src/rosbot_xl_ros/rosbot_gazebo) by extensions ['colcon_meta']
[0.176s] Level 1:colcon.colcon_core.package_identification:_identify(src/rosbot_xl_ros/rosbot_gazebo) by extension 'colcon_meta'
[0.176s] Level 1:colcon.colcon_core.package_identification:_identify(src/rosbot_xl_ros/rosbot_gazebo) by extensions ['ros']
[0.176s] Level 1:colcon.colcon_core.package_identification:_identify(src/rosbot_xl_ros/rosbot_gazebo) by extension 'ros'
[0.179s] DEBUG:colcon.colcon_core.package_identification:Package 'src/rosbot_xl_ros/rosbot_gazebo' with type 'ros.ament_python' and name 'rosbot_gazebo'
[0.179s] Level 1:colcon.colcon_core.package_identification:_identify(src/rosbot_xl_ros/rosbot_utils) by extensions ['ignore', 'ignore_ament_install']
[0.179s] Level 1:colcon.colcon_core.package_identification:_identify(src/rosbot_xl_ros/rosbot_utils) by extension 'ignore'
[0.179s] Level 1:colcon.colcon_core.package_identification:_identify(src/rosbot_xl_ros/rosbot_utils) by extension 'ignore_ament_install'
[0.179s] Level 1:colcon.colcon_core.package_identification:_identify(src/rosbot_xl_ros/rosbot_utils) by extensions ['colcon_pkg']
[0.179s] Level 1:colcon.colcon_core.package_identification:_identify(src/rosbot_xl_ros/rosbot_utils) by extension 'colcon_pkg'
[0.179s] Level 1:colcon.colcon_core.package_identification:_identify(src/rosbot_xl_ros/rosbot_utils) by extensions ['colcon_meta']
[0.179s] Level 1:colcon.colcon_core.package_identification:_identify(src/rosbot_xl_ros/rosbot_utils) by extension 'colcon_meta'
[0.179s] Level 1:colcon.colcon_core.package_identification:_identify(src/rosbot_xl_ros/rosbot_utils) by extensions ['ros']
[0.179s] Level 1:colcon.colcon_core.package_identification:_identify(src/rosbot_xl_ros/rosbot_utils) by extension 'ros'
[0.179s] DEBUG:colcon.colcon_core.package_identification:Package 'src/rosbot_xl_ros/rosbot_utils' with type 'ros.ament_python' and name 'rosbot_utils'
[0.179s] Level 1:colcon.colcon_core.package_identification:_identify(src/slam_tutorial) by extensions ['ignore', 'ignore_ament_install']
[0.180s] Level 1:colcon.colcon_core.package_identification:_identify(src/slam_tutorial) by extension 'ignore'
[0.180s] Level 1:colcon.colcon_core.package_identification:_identify(src/slam_tutorial) by extension 'ignore_ament_install'
[0.180s] Level 1:colcon.colcon_core.package_identification:_identify(src/slam_tutorial) by extensions ['colcon_pkg']
[0.180s] Level 1:colcon.colcon_core.package_identification:_identify(src/slam_tutorial) by extension 'colcon_pkg'
[0.180s] Level 1:colcon.colcon_core.package_identification:_identify(src/slam_tutorial) by extensions ['colcon_meta']
[0.180s] Level 1:colcon.colcon_core.package_identification:_identify(src/slam_tutorial) by extension 'colcon_meta'
[0.180s] Level 1:colcon.colcon_core.package_identification:_identify(src/slam_tutorial) by extensions ['ros']
[0.180s] Level 1:colcon.colcon_core.package_identification:_identify(src/slam_tutorial) by extension 'ros'
[0.180s] Level 1:colcon.colcon_core.package_identification:_identify(src/slam_tutorial) by extensions ['cmake', 'python']
[0.180s] Level 1:colcon.colcon_core.package_identification:_identify(src/slam_tutorial) by extension 'cmake'
[0.180s] Level 1:colcon.colcon_core.package_identification:_identify(src/slam_tutorial) by extension 'python'
[0.180s] Level 1:colcon.colcon_core.package_identification:_identify(src/slam_tutorial) by extensions ['python_setup_py']
[0.180s] Level 1:colcon.colcon_core.package_identification:_identify(src/slam_tutorial) by extension 'python_setup_py'
[0.180s] Level 1:colcon.colcon_core.package_identification:_identify(src/slam_tutorial/config) by extensions ['ignore', 'ignore_ament_install']
[0.180s] Level 1:colcon.colcon_core.package_identification:_identify(src/slam_tutorial/config) by extension 'ignore'
[0.180s] Level 1:colcon.colcon_core.package_identification:_identify(src/slam_tutorial/config) by extension 'ignore_ament_install'
[0.180s] Level 1:colcon.colcon_core.package_identification:_identify(src/slam_tutorial/config) by extensions ['colcon_pkg']
[0.180s] Level 1:colcon.colcon_core.package_identification:_identify(src/slam_tutorial/config) by extension 'colcon_pkg'
[0.180s] Level 1:colcon.colcon_core.package_identification:_identify(src/slam_tutorial/config) by extensions ['colcon_meta']
[0.180s] Level 1:colcon.colcon_core.package_identification:_identify(src/slam_tutorial/config) by extension 'colcon_meta'
[0.181s] Level 1:colcon.colcon_core.package_identification:_identify(src/slam_tutorial/config) by extensions ['ros']
[0.181s] Level 1:colcon.colcon_core.package_identification:_identify(src/slam_tutorial/config) by extension 'ros'
[0.181s] Level 1:colcon.colcon_core.package_identification:_identify(src/slam_tutorial/config) by extensions ['cmake', 'python']
[0.181s] Level 1:colcon.colcon_core.package_identification:_identify(src/slam_tutorial/config) by extension 'cmake'
[0.181s] Level 1:colcon.colcon_core.package_identification:_identify(src/slam_tutorial/config) by extension 'python'
[0.181s] Level 1:colcon.colcon_core.package_identification:_identify(src/slam_tutorial/config) by extensions ['python_setup_py']
[0.181s] Level 1:colcon.colcon_core.package_identification:_identify(src/slam_tutorial/config) by extension 'python_setup_py'
[0.181s] Level 1:colcon.colcon_core.package_identification:_identify(src/slam_tutorial/launch) by extensions ['ignore', 'ignore_ament_install']
[0.181s] Level 1:colcon.colcon_core.package_identification:_identify(src/slam_tutorial/launch) by extension 'ignore'
[0.181s] Level 1:colcon.colcon_core.package_identification:_identify(src/slam_tutorial/launch) by extension 'ignore_ament_install'
[0.181s] Level 1:colcon.colcon_core.package_identification:_identify(src/slam_tutorial/launch) by extensions ['colcon_pkg']
[0.181s] Level 1:colcon.colcon_core.package_identification:_identify(src/slam_tutorial/launch) by extension 'colcon_pkg'
[0.181s] Level 1:colcon.colcon_core.package_identification:_identify(src/slam_tutorial/launch) by extensions ['colcon_meta']
[0.182s] Level 1:colcon.colcon_core.package_identification:_identify(src/slam_tutorial/launch) by extension 'colcon_meta'
[0.182s] Level 1:colcon.colcon_core.package_identification:_identify(src/slam_tutorial/launch) by extensions ['ros']
[0.182s] Level 1:colcon.colcon_core.package_identification:_identify(src/slam_tutorial/launch) by extension 'ros'
[0.182s] Level 1:colcon.colcon_core.package_identification:_identify(src/slam_tutorial/launch) by extensions ['cmake', 'python']
[0.182s] Level 1:colcon.colcon_core.package_identification:_identify(src/slam_tutorial/launch) by extension 'cmake'
[0.182s] Level 1:colcon.colcon_core.package_identification:_identify(src/slam_tutorial/launch) by extension 'python'
[0.182s] Level 1:colcon.colcon_core.package_identification:_identify(src/slam_tutorial/launch) by extensions ['python_setup_py']
[0.182s] Level 1:colcon.colcon_core.package_identification:_identify(src/slam_tutorial/launch) by extension 'python_setup_py'
[0.182s] Level 1:colcon.colcon_core.package_identification:_identify(src/test) by extensions ['ignore', 'ignore_ament_install']
[0.182s] Level 1:colcon.colcon_core.package_identification:_identify(src/test) by extension 'ignore'
[0.182s] Level 1:colcon.colcon_core.package_identification:_identify(src/test) by extension 'ignore_ament_install'
[0.182s] Level 1:colcon.colcon_core.package_identification:_identify(src/test) by extensions ['colcon_pkg']
[0.182s] Level 1:colcon.colcon_core.package_identification:_identify(src/test) by extension 'colcon_pkg'
[0.182s] Level 1:colcon.colcon_core.package_identification:_identify(src/test) by extensions ['colcon_meta']
[0.182s] Level 1:colcon.colcon_core.package_identification:_identify(src/test) by extension 'colcon_meta'
[0.182s] Level 1:colcon.colcon_core.package_identification:_identify(src/test) by extensions ['ros']
[0.182s] Level 1:colcon.colcon_core.package_identification:_identify(src/test) by extension 'ros'
[0.183s] DEBUG:colcon.colcon_core.package_identification:Package 'src/test' with type 'ros.ament_cmake' and name 'test'
[0.183s] Level 1:colcon.colcon_core.package_identification:_identify(src/tutorial_pkg) by extensions ['ignore', 'ignore_ament_install']
[0.183s] Level 1:colcon.colcon_core.package_identification:_identify(src/tutorial_pkg) by extension 'ignore'
[0.183s] Level 1:colcon.colcon_core.package_identification:_identify(src/tutorial_pkg) by extension 'ignore_ament_install'
[0.183s] Level 1:colcon.colcon_core.package_identification:_identify(src/tutorial_pkg) by extensions ['colcon_pkg']
[0.183s] Level 1:colcon.colcon_core.package_identification:_identify(src/tutorial_pkg) by extension 'colcon_pkg'
[0.183s] Level 1:colcon.colcon_core.package_identification:_identify(src/tutorial_pkg) by extensions ['colcon_meta']
[0.183s] Level 1:colcon.colcon_core.package_identification:_identify(src/tutorial_pkg) by extension 'colcon_meta'
[0.183s] Level 1:colcon.colcon_core.package_identification:_identify(src/tutorial_pkg) by extensions ['ros']
[0.183s] Level 1:colcon.colcon_core.package_identification:_identify(src/tutorial_pkg) by extension 'ros'
[0.183s] DEBUG:colcon.colcon_core.package_identification:Package 'src/tutorial_pkg' with type 'ros.ament_cmake' and name 'tutorial_pkg'
[0.183s] Level 1:colcon.colcon_core.package_discovery:discover_packages(recursive) using defaults
[0.184s] Level 1:colcon.colcon_core.package_discovery:discover_packages(ignore) discover
[0.184s] Level 1:colcon.colcon_core.package_discovery:discover_packages(ignore) using defaults
[0.184s] Level 1:colcon.colcon_core.package_discovery:discover_packages(path) discover
[0.184s] Level 1:colcon.colcon_core.package_discovery:discover_packages(path) using defaults
[0.200s] Level 1:colcon.colcon_core.package_discovery:discover_packages(prefix_path) check parameters
[0.200s] Level 1:colcon.colcon_core.package_discovery:discover_packages(prefix_path) discover
[0.201s] DEBUG:colcon.colcon_installed_package_information.package_discovery:Found 10 installed packages in /home/zhettus/rosbot_ws/install
[0.202s] DEBUG:colcon.colcon_installed_package_information.package_discovery:Found 9 installed packages in /home/zhettus/ros2_ws/install
[0.203s] DEBUG:colcon.colcon_installed_package_information.package_discovery:Found 459 installed packages in /opt/ros/jazzy
[0.205s] Level 1:colcon.colcon_core.package_discovery:discover_packages(prefix_path) using defaults
[0.258s] Level 5:colcon.colcon_core.verb:set package 'husarion_gz_worlds' build argument 'cmake_args' from command line to 'None'
[0.258s] Level 5:colcon.colcon_core.verb:set package 'husarion_gz_worlds' build argument 'cmake_target' from command line to 'None'
[0.258s] Level 5:colcon.colcon_core.verb:set package 'husarion_gz_worlds' build argument 'cmake_target_skip_unavailable' from command line to 'False'
[0.258s] Level 5:colcon.colcon_core.verb:set package 'husarion_gz_worlds' build argument 'cmake_clean_cache' from command line to 'False'
[0.258s] Level 5:colcon.colcon_core.verb:set package 'husarion_gz_worlds' build argument 'cmake_clean_first' from command line to 'False'
[0.258s] Level 5:colcon.colcon_core.verb:set package 'husarion_gz_worlds' build argument 'cmake_force_configure' from command line to 'False'
[0.258s] Level 5:colcon.colcon_core.verb:set package 'husarion_gz_worlds' build argument 'ament_cmake_args' from command line to 'None'
[0.258s] Level 5:colcon.colcon_core.verb:set package 'husarion_gz_worlds' build argument 'catkin_cmake_args' from command line to 'None'
[0.258s] Level 5:colcon.colcon_core.verb:set package 'husarion_gz_worlds' build argument 'catkin_skip_building_tests' from command line to 'False'
[0.258s] DEBUG:colcon.colcon_core.verb:Building package 'husarion_gz_worlds' with the following arguments: {'ament_cmake_args': None, 'build_base': '/home/zhettus/ros2_ws/build/husarion_gz_worlds', 'catkin_cmake_args': None, 'catkin_skip_building_tests': False, 'cmake_args': None, 'cmake_clean_cache': False, 'cmake_clean_first': False, 'cmake_force_configure': False, 'cmake_target': None, 'cmake_target_skip_unavailable': False, 'install_base': '/home/zhettus/ros2_ws/install/husarion_gz_worlds', 'merge_install': False, 'path': '/home/zhettus/ros2_ws/src/husarion_gz_worlds', 'symlink_install': False, 'test_result_base': None}
[0.258s] Level 5:colcon.colcon_core.verb:set package 'rosbot' build argument 'cmake_args' from command line to 'None'
[0.258s] Level 5:colcon.colcon_core.verb:set package 'rosbot' build argument 'cmake_target' from command line to 'None'
[0.258s] Level 5:colcon.colcon_core.verb:set package 'rosbot' build argument 'cmake_target_skip_unavailable' from command line to 'False'
[0.258s] Level 5:colcon.colcon_core.verb:set package 'rosbot' build argument 'cmake_clean_cache' from command line to 'False'
[0.258s] Level 5:colcon.colcon_core.verb:set package 'rosbot' build argument 'cmake_clean_first' from command line to 'False'
[0.258s] Level 5:colcon.colcon_core.verb:set package 'rosbot' build argument 'cmake_force_configure' from command line to 'False'
[0.258s] Level 5:colcon.colcon_core.verb:set package 'rosbot' build argument 'ament_cmake_args' from command line to 'None'
[0.258s] Level 5:colcon.colcon_core.verb:set package 'rosbot' build argument 'catkin_cmake_args' from command line to 'None'
[0.258s] Level 5:colcon.colcon_core.verb:set package 'rosbot' build argument 'catkin_skip_building_tests' from command line to 'False'
[0.258s] DEBUG:colcon.colcon_core.verb:Building package 'rosbot' with the following arguments: {'ament_cmake_args': None, 'build_base': '/home/zhettus/ros2_ws/build/rosbot', 'catkin_cmake_args': None, 'catkin_skip_building_tests': False, 'cmake_args': None, 'cmake_clean_cache': False, 'cmake_clean_first': False, 'cmake_force_configure': False, 'cmake_target': None, 'cmake_target_skip_unavailable': False, 'install_base': '/home/zhettus/ros2_ws/install/rosbot', 'merge_install': False, 'path': '/home/zhettus/ros2_ws/src/rosbot_xl_ros/rosbot', 'symlink_install': False, 'test_result_base': None}
[0.258s] Level 5:colcon.colcon_core.verb:set package 'rosbot_bringup' build argument 'cmake_args' from command line to 'None'
[0.258s] Level 5:colcon.colcon_core.verb:set package 'rosbot_bringup' build argument 'cmake_target' from command line to 'None'
[0.258s] Level 5:colcon.colcon_core.verb:set package 'rosbot_bringup' build argument 'cmake_target_skip_unavailable' from command line to 'False'
[0.258s] Level 5:colcon.colcon_core.verb:set package 'rosbot_bringup' build argument 'cmake_clean_cache' from command line to 'False'
[0.258s] Level 5:colcon.colcon_core.verb:set package 'rosbot_bringup' build argument 'cmake_clean_first' from command line to 'False'
[0.258s] Level 5:colcon.colcon_core.verb:set package 'rosbot_bringup' build argument 'cmake_force_configure' from command line to 'False'
[0.259s] Level 5:colcon.colcon_core.verb:set package 'rosbot_bringup' build argument 'ament_cmake_args' from command line to 'None'
[0.259s] Level 5:colcon.colcon_core.verb:set package 'rosbot_bringup' build argument 'catkin_cmake_args' from command line to 'None'
[0.259s] Level 5:colcon.colcon_core.verb:set package 'rosbot_bringup' build argument 'catkin_skip_building_tests' from command line to 'False'
[0.259s] DEBUG:colcon.colcon_core.verb:Building package 'rosbot_bringup' with the following arguments: {'ament_cmake_args': None, 'build_base': '/home/zhettus/ros2_ws/build/rosbot_bringup', 'catkin_cmake_args': None, 'catkin_skip_building_tests': False, 'cmake_args': None, 'cmake_clean_cache': False, 'cmake_clean_first': False, 'cmake_force_configure': False, 'cmake_target': None, 'cmake_target_skip_unavailable': False, 'install_base': '/home/zhettus/ros2_ws/install/rosbot_bringup', 'merge_install': False, 'path': '/home/zhettus/ros2_ws/src/rosbot_xl_ros/rosbot_bringup', 'symlink_install': False, 'test_result_base': None}
[0.259s] Level 5:colcon.colcon_core.verb:set package 'rosbot_description' build argument 'cmake_args' from command line to 'None'
[0.259s] Level 5:colcon.colcon_core.verb:set package 'rosbot_description' build argument 'cmake_target' from command line to 'None'
[0.259s] Level 5:colcon.colcon_core.verb:set package 'rosbot_description' build argument 'cmake_target_skip_unavailable' from command line to 'False'
[0.259s] Level 5:colcon.colcon_core.verb:set package 'rosbot_description' build argument 'cmake_clean_cache' from command line to 'False'
[0.259s] Level 5:colcon.colcon_core.verb:set package 'rosbot_description' build argument 'cmake_clean_first' from command line to 'False'
[0.259s] Level 5:colcon.colcon_core.verb:set package 'rosbot_description' build argument 'cmake_force_configure' from command line to 'False'
[0.259s] Level 5:colcon.colcon_core.verb:set package 'rosbot_description' build argument 'ament_cmake_args' from command line to 'None'
[0.259s] Level 5:colcon.colcon_core.verb:set package 'rosbot_description' build argument 'catkin_cmake_args' from command line to 'None'
[0.259s] Level 5:colcon.colcon_core.verb:set package 'rosbot_description' build argument 'catkin_skip_building_tests' from command line to 'False'
[0.259s] DEBUG:colcon.colcon_core.verb:Building package 'rosbot_description' with the following arguments: {'ament_cmake_args': None, 'build_base': '/home/zhettus/ros2_ws/build/rosbot_description', 'catkin_cmake_args': None, 'catkin_skip_building_tests': False, 'cmake_args': None, 'cmake_clean_cache': False, 'cmake_clean_first': False, 'cmake_force_configure': False, 'cmake_target': None, 'cmake_target_skip_unavailable': False, 'install_base': '/home/zhettus/ros2_ws/install/rosbot_description', 'merge_install': False, 'path': '/home/zhettus/ros2_ws/src/rosbot_xl_ros/rosbot_description', 'symlink_install': False, 'test_result_base': None}
[0.259s] Level 5:colcon.colcon_core.verb:set package 'rosbot_gazebo' build argument 'cmake_args' from command line to 'None'
[0.259s] Level 5:colcon.colcon_core.verb:set package 'rosbot_gazebo' build argument 'cmake_target' from command line to 'None'
[0.259s] Level 5:colcon.colcon_core.verb:set package 'rosbot_gazebo' build argument 'cmake_target_skip_unavailable' from command line to 'False'
[0.259s] Level 5:colcon.colcon_core.verb:set package 'rosbot_gazebo' build argument 'cmake_clean_cache' from command line to 'False'
[0.259s] Level 5:colcon.colcon_core.verb:set package 'rosbot_gazebo' build argument 'cmake_clean_first' from command line to 'False'
[0.259s] Level 5:colcon.colcon_core.verb:set package 'rosbot_gazebo' build argument 'cmake_force_configure' from command line to 'False'
[0.259s] Level 5:colcon.colcon_core.verb:set package 'rosbot_gazebo' build argument 'ament_cmake_args' from command line to 'None'
[0.259s] Level 5:colcon.colcon_core.verb:set package 'rosbot_gazebo' build argument 'catkin_cmake_args' from command line to 'None'
[0.259s] Level 5:colcon.colcon_core.verb:set package 'rosbot_gazebo' build argument 'catkin_skip_building_tests' from command line to 'False'
[0.259s] DEBUG:colcon.colcon_core.verb:Building package 'rosbot_gazebo' with the following arguments: {'ament_cmake_args': None, 'build_base': '/home/zhettus/ros2_ws/build/rosbot_gazebo', 'catkin_cmake_args': None, 'catkin_skip_building_tests': False, 'cmake_args': None, 'cmake_clean_cache': False, 'cmake_clean_first': False, 'cmake_force_configure': False, 'cmake_target': None, 'cmake_target_skip_unavailable': False, 'install_base': '/home/zhettus/ros2_ws/install/rosbot_gazebo', 'merge_install': False, 'path': '/home/zhettus/ros2_ws/src/rosbot_xl_ros/rosbot_gazebo', 'symlink_install': False, 'test_result_base': None}
[0.260s] Level 5:colcon.colcon_core.verb:set package 'rosbot_utils' build argument 'cmake_args' from command line to 'None'
[0.260s] Level 5:colcon.colcon_core.verb:set package 'rosbot_utils' build argument 'cmake_target' from command line to 'None'
[0.260s] Level 5:colcon.colcon_core.verb:set package 'rosbot_utils' build argument 'cmake_target_skip_unavailable' from command line to 'False'
[0.260s] Level 5:colcon.colcon_core.verb:set package 'rosbot_utils' build argument 'cmake_clean_cache' from command line to 'False'
[0.260s] Level 5:colcon.colcon_core.verb:set package 'rosbot_utils' build argument 'cmake_clean_first' from command line to 'False'
[0.260s] Level 5:colcon.colcon_core.verb:set package 'rosbot_utils' build argument 'cmake_force_configure' from command line to 'False'
[0.260s] Level 5:colcon.colcon_core.verb:set package 'rosbot_utils' build argument 'ament_cmake_args' from command line to 'None'
[0.260s] Level 5:colcon.colcon_core.verb:set package 'rosbot_utils' build argument 'catkin_cmake_args' from command line to 'None'
[0.260s] Level 5:colcon.colcon_core.verb:set package 'rosbot_utils' build argument 'catkin_skip_building_tests' from command line to 'False'
[0.260s] DEBUG:colcon.colcon_core.verb:Building package 'rosbot_utils' with the following arguments: {'ament_cmake_args': None, 'build_base': '/home/zhettus/ros2_ws/build/rosbot_utils', 'catkin_cmake_args': None, 'catkin_skip_building_tests': False, 'cmake_args': None, 'cmake_clean_cache': False, 'cmake_clean_first': False, 'cmake_force_configure': False, 'cmake_target': None, 'cmake_target_skip_unavailable': False, 'install_base': '/home/zhettus/ros2_ws/install/rosbot_utils', 'merge_install': False, 'path': '/home/zhettus/ros2_ws/src/rosbot_xl_ros/rosbot_utils', 'symlink_install': False, 'test_result_base': None}
[0.260s] Level 5:colcon.colcon_core.verb:set package 'test' build argument 'cmake_args' from command line to 'None'
[0.260s] Level 5:colcon.colcon_core.verb:set package 'test' build argument 'cmake_target' from command line to 'None'
[0.260s] Level 5:colcon.colcon_core.verb:set package 'test' build argument 'cmake_target_skip_unavailable' from command line to 'False'
[0.260s] Level 5:colcon.colcon_core.verb:set package 'test' build argument 'cmake_clean_cache' from command line to 'False'
[0.260s] Level 5:colcon.colcon_core.verb:set package 'test' build argument 'cmake_clean_first' from command line to 'False'
[0.260s] Level 5:colcon.colcon_core.verb:set package 'test' build argument 'cmake_force_configure' from command line to 'False'
[0.260s] Level 5:colcon.colcon_core.verb:set package 'test' build argument 'ament_cmake_args' from command line to 'None'
[0.260s] Level 5:colcon.colcon_core.verb:set package 'test' build argument 'catkin_cmake_args' from command line to 'None'
[0.260s] Level 5:colcon.colcon_core.verb:set package 'test' build argument 'catkin_skip_building_tests' from command line to 'False'
[0.260s] DEBUG:colcon.colcon_core.verb:Building package 'test' with the following arguments: {'ament_cmake_args': None, 'build_base': '/home/zhettus/ros2_ws/build/test', 'catkin_cmake_args': None, 'catkin_skip_building_tests': False, 'cmake_args': None, 'cmake_clean_cache': False, 'cmake_clean_first': False, 'cmake_force_configure': False, 'cmake_target': None, 'cmake_target_skip_unavailable': False, 'install_base': '/home/zhettus/ros2_ws/install/test', 'merge_install': False, 'path': '/home/zhettus/ros2_ws/src/test', 'symlink_install': False, 'test_result_base': None}
[0.260s] Level 5:colcon.colcon_core.verb:set package 'tutorial_pkg' build argument 'cmake_args' from command line to 'None'
[0.260s] Level 5:colcon.colcon_core.verb:set package 'tutorial_pkg' build argument 'cmake_target' from command line to 'None'
[0.260s] Level 5:colcon.colcon_core.verb:set package 'tutorial_pkg' build argument 'cmake_target_skip_unavailable' from command line to 'False'
[0.260s] Level 5:colcon.colcon_core.verb:set package 'tutorial_pkg' build argument 'cmake_clean_cache' from command line to 'False'
[0.260s] Level 5:colcon.colcon_core.verb:set package 'tutorial_pkg' build argument 'cmake_clean_first' from command line to 'False'
[0.260s] Level 5:colcon.colcon_core.verb:set package 'tutorial_pkg' build argument 'cmake_force_configure' from command line to 'False'
[0.260s] Level 5:colcon.colcon_core.verb:set package 'tutorial_pkg' build argument 'ament_cmake_args' from command line to 'None'
[0.260s] Level 5:colcon.colcon_core.verb:set package 'tutorial_pkg' build argument 'catkin_cmake_args' from command line to 'None'
[0.260s] Level 5:colcon.colcon_core.verb:set package 'tutorial_pkg' build argument 'catkin_skip_building_tests' from command line to 'False'
[0.261s] DEBUG:colcon.colcon_core.verb:Building package 'tutorial_pkg' with the following arguments: {'ament_cmake_args': None, 'build_base': '/home/zhettus/ros2_ws/build/tutorial_pkg', 'catkin_cmake_args': None, 'catkin_skip_building_tests': False, 'cmake_args': None, 'cmake_clean_cache': False, 'cmake_clean_first': False, 'cmake_force_configure': False, 'cmake_target': None, 'cmake_target_skip_unavailable': False, 'install_base': '/home/zhettus/ros2_ws/install/tutorial_pkg', 'merge_install': False, 'path': '/home/zhettus/ros2_ws/src/tutorial_pkg', 'symlink_install': False, 'test_result_base': None}
[0.261s] Level 5:colcon.colcon_core.verb:set package 'rosbot_controller' build argument 'cmake_args' from command line to 'None'
[0.261s] Level 5:colcon.colcon_core.verb:set package 'rosbot_controller' build argument 'cmake_target' from command line to 'None'
[0.261s] Level 5:colcon.colcon_core.verb:set package 'rosbot_controller' build argument 'cmake_target_skip_unavailable' from command line to 'False'
[0.261s] Level 5:colcon.colcon_core.verb:set package 'rosbot_controller' build argument 'cmake_clean_cache' from command line to 'False'
[0.261s] Level 5:colcon.colcon_core.verb:set package 'rosbot_controller' build argument 'cmake_clean_first' from command line to 'False'
[0.261s] Level 5:colcon.colcon_core.verb:set package 'rosbot_controller' build argument 'cmake_force_configure' from command line to 'False'
[0.261s] Level 5:colcon.colcon_core.verb:set package 'rosbot_controller' build argument 'ament_cmake_args' from command line to 'None'
[0.261s] Level 5:colcon.colcon_core.verb:set package 'rosbot_controller' build argument 'catkin_cmake_args' from command line to 'None'
[0.261s] Level 5:colcon.colcon_core.verb:set package 'rosbot_controller' build argument 'catkin_skip_building_tests' from command line to 'False'
[0.261s] DEBUG:colcon.colcon_core.verb:Building package 'rosbot_controller' with the following arguments: {'ament_cmake_args': None, 'build_base': '/home/zhettus/ros2_ws/build/rosbot_controller', 'catkin_cmake_args': None, 'catkin_skip_building_tests': False, 'cmake_args': None, 'cmake_clean_cache': False, 'cmake_clean_first': False, 'cmake_force_configure': False, 'cmake_target': None, 'cmake_target_skip_unavailable': False, 'install_base': '/home/zhettus/ros2_ws/install/rosbot_controller', 'merge_install': False, 'path': '/home/zhettus/ros2_ws/src/rosbot_xl_ros/rosbot_controller', 'symlink_install': False, 'test_result_base': None}
[0.261s] INFO:colcon.colcon_core.executor:Executing jobs using 'parallel' executor
[0.262s] DEBUG:colcon.colcon_parallel_executor.executor.parallel:run_until_complete
[0.263s] INFO:colcon.colcon_ros.task.ament_cmake.build:Building ROS package in '/home/zhettus/ros2_ws/src/rosbot_xl_ros/rosbot_description' with build type 'ament_cmake'
[0.263s] INFO:colcon.colcon_cmake.task.cmake.build:Building CMake package in '/home/zhettus/ros2_ws/src/rosbot_xl_ros/rosbot_description'
[0.264s] INFO:colcon.colcon_core.plugin_system:Skipping extension 'colcon_core.shell.bat': Not used on non-Windows systems
[0.264s] INFO:colcon.colcon_core.shell:Skip shell extension 'powershell' for command environment: Not usable outside of PowerShell
[0.264s] DEBUG:colcon.colcon_core.shell:Skip shell extension 'dsv' for command environment
[0.269s] INFO:colcon.colcon_ros.task.ament_cmake.build:Building ROS package in '/home/zhettus/ros2_ws/src/husarion_gz_worlds' with build type 'ament_cmake'
[0.269s] INFO:colcon.colcon_cmake.task.cmake.build:Building CMake package in '/home/zhettus/ros2_ws/src/husarion_gz_worlds'
[0.269s] INFO:colcon.colcon_core.shell:Skip shell extension 'powershell' for command environment: Not usable outside of PowerShell
[0.269s] DEBUG:colcon.colcon_core.shell:Skip shell extension 'dsv' for command environment
[0.273s] INFO:colcon.colcon_ros.task.ament_cmake.build:Building ROS package in '/home/zhettus/ros2_ws/src/rosbot_xl_ros/rosbot' with build type 'ament_cmake'
[0.273s] INFO:colcon.colcon_cmake.task.cmake.build:Building CMake package in '/home/zhettus/ros2_ws/src/rosbot_xl_ros/rosbot'
[0.273s] INFO:colcon.colcon_core.shell:Skip shell extension 'powershell' for command environment: Not usable outside of PowerShell
[0.273s] DEBUG:colcon.colcon_core.shell:Skip shell extension 'dsv' for command environment
[0.277s] INFO:colcon.colcon_ros.task.ament_python.build:Building ROS package in '/home/zhettus/ros2_ws/src/rosbot_xl_ros/rosbot_bringup' with build type 'ament_python'
[0.277s] Level 1:colcon.colcon_core.shell:create_environment_hook('rosbot_bringup', 'ament_prefix_path')
[0.277s] INFO:colcon.colcon_core.shell:Creating environment hook '/home/zhettus/ros2_ws/install/rosbot_bringup/share/rosbot_bringup/hook/ament_prefix_path.ps1'
[0.279s] INFO:colcon.colcon_core.shell:Creating environment descriptor '/home/zhettus/ros2_ws/install/rosbot_bringup/share/rosbot_bringup/hook/ament_prefix_path.dsv'
[0.280s] INFO:colcon.colcon_core.shell:Creating environment hook '/home/zhettus/ros2_ws/install/rosbot_bringup/share/rosbot_bringup/hook/ament_prefix_path.sh'
[0.280s] INFO:colcon.colcon_core.shell:Skip shell extension 'powershell' for command environment: Not usable outside of PowerShell
[0.281s] DEBUG:colcon.colcon_core.shell:Skip shell extension 'dsv' for command environment
[0.291s] INFO:colcon.colcon_ros.task.ament_python.build:Building ROS package in '/home/zhettus/ros2_ws/src/rosbot_xl_ros/rosbot_gazebo' with build type 'ament_python'
[0.291s] Level 1:colcon.colcon_core.shell:create_environment_hook('rosbot_gazebo', 'ament_prefix_path')
[0.291s] INFO:colcon.colcon_core.shell:Creating environment hook '/home/zhettus/ros2_ws/install/rosbot_gazebo/share/rosbot_gazebo/hook/ament_prefix_path.ps1'
[0.292s] INFO:colcon.colcon_core.shell:Creating environment descriptor '/home/zhettus/ros2_ws/install/rosbot_gazebo/share/rosbot_gazebo/hook/ament_prefix_path.dsv'
[0.293s] INFO:colcon.colcon_core.shell:Creating environment hook '/home/zhettus/ros2_ws/install/rosbot_gazebo/share/rosbot_gazebo/hook/ament_prefix_path.sh'
[0.293s] INFO:colcon.colcon_core.shell:Skip shell extension 'powershell' for command environment: Not usable outside of PowerShell
[0.294s] DEBUG:colcon.colcon_core.shell:Skip shell extension 'dsv' for command environment
[0.302s] INFO:colcon.colcon_ros.task.ament_python.build:Building ROS package in '/home/zhettus/ros2_ws/src/rosbot_xl_ros/rosbot_utils' with build type 'ament_python'
[0.302s] Level 1:colcon.colcon_core.shell:create_environment_hook('rosbot_utils', 'ament_prefix_path')
[0.303s] INFO:colcon.colcon_core.shell:Creating environment hook '/home/zhettus/ros2_ws/install/rosbot_utils/share/rosbot_utils/hook/ament_prefix_path.ps1'
[0.307s] INFO:colcon.colcon_core.shell:Creating environment descriptor '/home/zhettus/ros2_ws/install/rosbot_utils/share/rosbot_utils/hook/ament_prefix_path.dsv'
[0.308s] INFO:colcon.colcon_core.shell:Creating environment hook '/home/zhettus/ros2_ws/install/rosbot_utils/share/rosbot_utils/hook/ament_prefix_path.sh'
[0.309s] INFO:colcon.colcon_core.shell:Skip shell extension 'powershell' for command environment: Not usable outside of PowerShell
[0.309s] DEBUG:colcon.colcon_core.shell:Skip shell extension 'dsv' for command environment
[0.324s] DEBUG:colcon.colcon_core.event_handler.log_command:Invoking command in '/home/zhettus/ros2_ws/build/rosbot_description': CMAKE_PREFIX_PATH=${CMAKE_PREFIX_PATH}:/home/zhettus/rosbot_ws/install/rosbot_controller:/home/zhettus/rosbot_ws/install/rosbot_utils:/home/zhettus/rosbot_ws/install/rosbot_gazebo:/home/zhettus/rosbot_ws/install/rosbot_bringup:/home/zhettus/ros2_ws/install/rosbot_utils:/home/zhettus/ros2_ws/install/rosbot_gazebo:/home/zhettus/ros2_ws/install/rosbot_controller:/home/zhettus/ros2_ws/install/rosbot_bringup:/opt/ros/jazzy /usr/bin/cmake --build /home/zhettus/ros2_ws/build/rosbot_description -- -j6 -l6
[0.327s] DEBUG:colcon.colcon_core.event_handler.log_command:Invoking command in '/home/zhettus/ros2_ws/build/husarion_gz_worlds': CMAKE_PREFIX_PATH=${CMAKE_PREFIX_PATH}:/home/zhettus/rosbot_ws/install/rosbot_controller:/home/zhettus/rosbot_ws/install/rosbot_utils:/home/zhettus/rosbot_ws/install/rosbot_gazebo:/home/zhettus/rosbot_ws/install/rosbot_bringup:/home/zhettus/ros2_ws/install/rosbot_utils:/home/zhettus/ros2_ws/install/rosbot_gazebo:/home/zhettus/ros2_ws/install/rosbot_controller:/home/zhettus/ros2_ws/install/rosbot_bringup:/opt/ros/jazzy /usr/bin/cmake --build /home/zhettus/ros2_ws/build/husarion_gz_worlds -- -j6 -l6
[0.329s] DEBUG:colcon.colcon_core.event_handler.log_command:Invoking command in '/home/zhettus/ros2_ws/build/rosbot': CMAKE_PREFIX_PATH=${CMAKE_PREFIX_PATH}:/home/zhettus/rosbot_ws/install/rosbot_controller:/home/zhettus/rosbot_ws/install/rosbot_utils:/home/zhettus/rosbot_ws/install/rosbot_gazebo:/home/zhettus/rosbot_ws/install/rosbot_bringup:/home/zhettus/ros2_ws/install/rosbot_utils:/home/zhettus/ros2_ws/install/rosbot_gazebo:/home/zhettus/ros2_ws/install/rosbot_controller:/home/zhettus/ros2_ws/install/rosbot_bringup:/opt/ros/jazzy /usr/bin/cmake --build /home/zhettus/ros2_ws/build/rosbot -- -j6 -l6
[0.500s] INFO:colcon.colcon_core.task.python.build:Building Python package in '/home/zhettus/ros2_ws/src/rosbot_xl_ros/rosbot_bringup'
[0.501s] INFO:colcon.colcon_core.shell:Skip shell extension 'powershell' for command environment: Not usable outside of PowerShell
[0.501s] DEBUG:colcon.colcon_core.shell:Skip shell extension 'dsv' for command environment
[0.661s] INFO:colcon.colcon_core.task.python.build:Building Python package in '/home/zhettus/ros2_ws/src/rosbot_xl_ros/rosbot_gazebo'
[0.662s] INFO:colcon.colcon_core.shell:Skip shell extension 'powershell' for command environment: Not usable outside of PowerShell
[0.662s] DEBUG:colcon.colcon_core.shell:Skip shell extension 'dsv' for command environment
[0.679s] DEBUG:colcon.colcon_core.event_handler.log_command:Invoked command in '/home/zhettus/ros2_ws/build/rosbot_description' returned '0': CMAKE_PREFIX_PATH=${CMAKE_PREFIX_PATH}:/home/zhettus/rosbot_ws/install/rosbot_controller:/home/zhettus/rosbot_ws/install/rosbot_utils:/home/zhettus/rosbot_ws/install/rosbot_gazebo:/home/zhettus/rosbot_ws/install/rosbot_bringup:/home/zhettus/ros2_ws/install/rosbot_utils:/home/zhettus/ros2_ws/install/rosbot_gazebo:/home/zhettus/ros2_ws/install/rosbot_controller:/home/zhettus/ros2_ws/install/rosbot_bringup:/opt/ros/jazzy /usr/bin/cmake --build /home/zhettus/ros2_ws/build/rosbot_description -- -j6 -l6
[0.694s] DEBUG:colcon.colcon_core.event_handler.log_command:Invoking command in '/home/zhettus/ros2_ws/build/rosbot_description': CMAKE_PREFIX_PATH=${CMAKE_PREFIX_PATH}:/home/zhettus/rosbot_ws/install/rosbot_controller:/home/zhettus/rosbot_ws/install/rosbot_utils:/home/zhettus/rosbot_ws/install/rosbot_gazebo:/home/zhettus/rosbot_ws/install/rosbot_bringup:/home/zhettus/ros2_ws/install/rosbot_utils:/home/zhettus/ros2_ws/install/rosbot_gazebo:/home/zhettus/ros2_ws/install/rosbot_controller:/home/zhettus/ros2_ws/install/rosbot_bringup:/opt/ros/jazzy /usr/bin/cmake --install /home/zhettus/ros2_ws/build/rosbot_description
[0.696s] DEBUG:colcon.colcon_core.event_handler.log_command:Invoked command in '/home/zhettus/ros2_ws/build/husarion_gz_worlds' returned '0': CMAKE_PREFIX_PATH=${CMAKE_PREFIX_PATH}:/home/zhettus/rosbot_ws/install/rosbot_controller:/home/zhettus/rosbot_ws/install/rosbot_utils:/home/zhettus/rosbot_ws/install/rosbot_gazebo:/home/zhettus/rosbot_ws/install/rosbot_bringup:/home/zhettus/ros2_ws/install/rosbot_utils:/home/zhettus/ros2_ws/install/rosbot_gazebo:/home/zhettus/ros2_ws/install/rosbot_controller:/home/zhettus/ros2_ws/install/rosbot_bringup:/opt/ros/jazzy /usr/bin/cmake --build /home/zhettus/ros2_ws/build/husarion_gz_worlds -- -j6 -l6
[0.697s] DEBUG:colcon.colcon_core.event_handler.log_command:Invoking command in '/home/zhettus/ros2_ws/build/husarion_gz_worlds': CMAKE_PREFIX_PATH=${CMAKE_PREFIX_PATH}:/home/zhettus/rosbot_ws/install/rosbot_controller:/home/zhettus/rosbot_ws/install/rosbot_utils:/home/zhettus/rosbot_ws/install/rosbot_gazebo:/home/zhettus/rosbot_ws/install/rosbot_bringup:/home/zhettus/ros2_ws/install/rosbot_utils:/home/zhettus/ros2_ws/install/rosbot_gazebo:/home/zhettus/ros2_ws/install/rosbot_controller:/home/zhettus/ros2_ws/install/rosbot_bringup:/opt/ros/jazzy /usr/bin/cmake --install /home/zhettus/ros2_ws/build/husarion_gz_worlds
[0.920s] INFO:colcon.colcon_core.task.python.build:Building Python package in '/home/zhettus/ros2_ws/src/rosbot_xl_ros/rosbot_utils'
[0.921s] INFO:colcon.colcon_core.shell:Skip shell extension 'powershell' for command environment: Not usable outside of PowerShell
[0.921s] DEBUG:colcon.colcon_core.shell:Skip shell extension 'dsv' for command environment
[0.936s] Level 1:colcon.colcon_core.environment:create_environment_scripts_only(rosbot_description)
[0.952s] Level 1:colcon.colcon_core.environment:checking '/home/zhettus/ros2_ws/install/rosbot_description' for CMake module files
[0.953s] Level 1:colcon.colcon_core.environment:checking '/home/zhettus/ros2_ws/install/rosbot_description' for CMake config files
[0.954s] Level 1:colcon.colcon_core.shell:create_environment_hook('rosbot_description', 'cmake_prefix_path')
[0.956s] INFO:colcon.colcon_core.shell:Creating environment hook '/home/zhettus/ros2_ws/install/rosbot_description/share/rosbot_description/hook/cmake_prefix_path.ps1'
[0.957s] INFO:colcon.colcon_core.shell:Creating environment descriptor '/home/zhettus/ros2_ws/install/rosbot_description/share/rosbot_description/hook/cmake_prefix_path.dsv'
[0.959s] INFO:colcon.colcon_core.shell:Creating environment hook '/home/zhettus/ros2_ws/install/rosbot_description/share/rosbot_description/hook/cmake_prefix_path.sh'
[0.960s] Level 1:colcon.colcon_core.environment:checking '/home/zhettus/ros2_ws/install/rosbot_description/bin'
[0.960s] Level 1:colcon.colcon_core.environment:checking '/home/zhettus/ros2_ws/install/rosbot_description/lib/pkgconfig/rosbot_description.pc'
[0.961s] Level 1:colcon.colcon_core.environment:checking '/home/zhettus/ros2_ws/install/rosbot_description/lib/python3.12/site-packages'
[0.961s] Level 1:colcon.colcon_core.environment:checking '/home/zhettus/ros2_ws/install/rosbot_description/bin'
[0.961s] INFO:colcon.colcon_core.shell:Creating package script '/home/zhettus/ros2_ws/install/rosbot_description/share/rosbot_description/package.ps1'
[0.962s] INFO:colcon.colcon_core.shell:Creating package descriptor '/home/zhettus/ros2_ws/install/rosbot_description/share/rosbot_description/package.dsv'
[0.963s] DEBUG:colcon.colcon_core.event_handler.log_command:Invoked command in '/home/zhettus/ros2_ws/build/rosbot' returned '0': CMAKE_PREFIX_PATH=${CMAKE_PREFIX_PATH}:/home/zhettus/rosbot_ws/install/rosbot_controller:/home/zhettus/rosbot_ws/install/rosbot_utils:/home/zhettus/rosbot_ws/install/rosbot_gazebo:/home/zhettus/rosbot_ws/install/rosbot_bringup:/home/zhettus/ros2_ws/install/rosbot_utils:/home/zhettus/ros2_ws/install/rosbot_gazebo:/home/zhettus/ros2_ws/install/rosbot_controller:/home/zhettus/ros2_ws/install/rosbot_bringup:/opt/ros/jazzy /usr/bin/cmake --build /home/zhettus/ros2_ws/build/rosbot -- -j6 -l6
[0.963s] DEBUG:colcon.colcon_core.event_handler.log_command:Invoking command in '/home/zhettus/ros2_ws/build/rosbot': CMAKE_PREFIX_PATH=${CMAKE_PREFIX_PATH}:/home/zhettus/rosbot_ws/install/rosbot_controller:/home/zhettus/rosbot_ws/install/rosbot_utils:/home/zhettus/rosbot_ws/install/rosbot_gazebo:/home/zhettus/rosbot_ws/install/rosbot_bringup:/home/zhettus/ros2_ws/install/rosbot_utils:/home/zhettus/ros2_ws/install/rosbot_gazebo:/home/zhettus/ros2_ws/install/rosbot_controller:/home/zhettus/ros2_ws/install/rosbot_bringup:/opt/ros/jazzy /usr/bin/cmake --install /home/zhettus/ros2_ws/build/rosbot
[0.963s] INFO:colcon.colcon_core.shell:Creating package script '/home/zhettus/ros2_ws/install/rosbot_description/share/rosbot_description/package.sh'
[0.964s] INFO:colcon.colcon_core.shell:Creating package script '/home/zhettus/ros2_ws/install/rosbot_description/share/rosbot_description/package.bash'
[0.965s] INFO:colcon.colcon_core.shell:Creating package script '/home/zhettus/ros2_ws/install/rosbot_description/share/rosbot_description/package.zsh'
[0.965s] Level 1:colcon.colcon_core.environment:create_file_with_runtime_dependencies(/home/zhettus/ros2_ws/install/rosbot_description/share/colcon-core/packages/rosbot_description)
[0.966s] Level 1:colcon.colcon_core.environment:create_environment_scripts_only(rosbot_description)
[0.966s] Level 1:colcon.colcon_core.environment:checking '/home/zhettus/ros2_ws/install/rosbot_description' for CMake module files
[0.967s] Level 1:colcon.colcon_core.environment:checking '/home/zhettus/ros2_ws/install/rosbot_description' for CMake config files
[0.967s] DEBUG:colcon.colcon_core.event_handler.log_command:Invoked command in '/home/zhettus/ros2_ws/build/rosbot_description' returned '0': CMAKE_PREFIX_PATH=${CMAKE_PREFIX_PATH}:/home/zhettus/rosbot_ws/install/rosbot_controller:/home/zhettus/rosbot_ws/install/rosbot_utils:/home/zhettus/rosbot_ws/install/rosbot_gazebo:/home/zhettus/rosbot_ws/install/rosbot_bringup:/home/zhettus/ros2_ws/install/rosbot_utils:/home/zhettus/ros2_ws/install/rosbot_gazebo:/home/zhettus/ros2_ws/install/rosbot_controller:/home/zhettus/ros2_ws/install/rosbot_bringup:/opt/ros/jazzy /usr/bin/cmake --install /home/zhettus/ros2_ws/build/rosbot_description
[0.967s] Level 1:colcon.colcon_core.shell:create_environment_hook('rosbot_description', 'cmake_prefix_path')
[0.967s] INFO:colcon.colcon_core.shell:Creating environment hook '/home/zhettus/ros2_ws/install/rosbot_description/share/rosbot_description/hook/cmake_prefix_path.ps1'
[0.967s] INFO:colcon.colcon_core.shell:Creating environment descriptor '/home/zhettus/ros2_ws/install/rosbot_description/share/rosbot_description/hook/cmake_prefix_path.dsv'
[0.968s] INFO:colcon.colcon_core.shell:Creating environment hook '/home/zhettus/ros2_ws/install/rosbot_description/share/rosbot_description/hook/cmake_prefix_path.sh'
[0.968s] Level 1:colcon.colcon_core.environment:checking '/home/zhettus/ros2_ws/install/rosbot_description/bin'
[0.968s] Level 1:colcon.colcon_core.environment:checking '/home/zhettus/ros2_ws/install/rosbot_description/lib/pkgconfig/rosbot_description.pc'
[0.968s] Level 1:colcon.colcon_core.environment:checking '/home/zhettus/ros2_ws/install/rosbot_description/lib/python3.12/site-packages'
[0.969s] Level 1:colcon.colcon_core.environment:checking '/home/zhettus/ros2_ws/install/rosbot_description/bin'
[0.969s] INFO:colcon.colcon_core.shell:Creating package script '/home/zhettus/ros2_ws/install/rosbot_description/share/rosbot_description/package.ps1'
[0.969s] INFO:colcon.colcon_core.shell:Creating package descriptor '/home/zhettus/ros2_ws/install/rosbot_description/share/rosbot_description/package.dsv'
[0.970s] INFO:colcon.colcon_core.shell:Creating package script '/home/zhettus/ros2_ws/install/rosbot_description/share/rosbot_description/package.sh'
[0.970s] INFO:colcon.colcon_core.shell:Creating package script '/home/zhettus/ros2_ws/install/rosbot_description/share/rosbot_description/package.bash'
[0.970s] INFO:colcon.colcon_core.shell:Creating package script '/home/zhettus/ros2_ws/install/rosbot_description/share/rosbot_description/package.zsh'
[0.971s] Level 1:colcon.colcon_core.environment:create_file_with_runtime_dependencies(/home/zhettus/ros2_ws/install/rosbot_description/share/colcon-core/packages/rosbot_description)
[0.971s] INFO:colcon.colcon_ros.task.ament_cmake.build:Building ROS package in '/home/zhettus/ros2_ws/src/test' with build type 'ament_cmake'
[0.972s] INFO:colcon.colcon_cmake.task.cmake.build:Building CMake package in '/home/zhettus/ros2_ws/src/test'
[0.972s] INFO:colcon.colcon_core.shell:Skip shell extension 'powershell' for command environment: Not usable outside of PowerShell
[0.972s] DEBUG:colcon.colcon_core.shell:Skip shell extension 'dsv' for command environment
[0.978s] Level 1:colcon.colcon_core.environment:create_environment_scripts_only(husarion_gz_worlds)
[0.978s] DEBUG:colcon.colcon_core.event_handler.log_command:Invoked command in '/home/zhettus/ros2_ws/build/husarion_gz_worlds' returned '0': CMAKE_PREFIX_PATH=${CMAKE_PREFIX_PATH}:/home/zhettus/rosbot_ws/install/rosbot_controller:/home/zhettus/rosbot_ws/install/rosbot_utils:/home/zhettus/rosbot_ws/install/rosbot_gazebo:/home/zhettus/rosbot_ws/install/rosbot_bringup:/home/zhettus/ros2_ws/install/rosbot_utils:/home/zhettus/ros2_ws/install/rosbot_gazebo:/home/zhettus/ros2_ws/install/rosbot_controller:/home/zhettus/ros2_ws/install/rosbot_bringup:/opt/ros/jazzy /usr/bin/cmake --install /home/zhettus/ros2_ws/build/husarion_gz_worlds
[0.978s] Level 1:colcon.colcon_core.environment:checking '/home/zhettus/ros2_ws/install/husarion_gz_worlds' for CMake module files
[0.978s] Level 1:colcon.colcon_core.environment:checking '/home/zhettus/ros2_ws/install/husarion_gz_worlds' for CMake config files
[0.979s] Level 1:colcon.colcon_core.shell:create_environment_hook('husarion_gz_worlds', 'cmake_prefix_path')
[0.979s] INFO:colcon.colcon_core.shell:Creating environment hook '/home/zhettus/ros2_ws/install/husarion_gz_worlds/share/husarion_gz_worlds/hook/cmake_prefix_path.ps1'
[0.979s] INFO:colcon.colcon_core.shell:Creating environment descriptor '/home/zhettus/ros2_ws/install/husarion_gz_worlds/share/husarion_gz_worlds/hook/cmake_prefix_path.dsv'
[0.979s] INFO:colcon.colcon_core.shell:Creating environment hook '/home/zhettus/ros2_ws/install/husarion_gz_worlds/share/husarion_gz_worlds/hook/cmake_prefix_path.sh'
[0.980s] Level 1:colcon.colcon_core.environment:checking '/home/zhettus/ros2_ws/install/husarion_gz_worlds/bin'
[0.980s] Level 1:colcon.colcon_core.environment:checking '/home/zhettus/ros2_ws/install/husarion_gz_worlds/lib/pkgconfig/husarion_gz_worlds.pc'
[0.980s] Level 1:colcon.colcon_core.environment:checking '/home/zhettus/ros2_ws/install/husarion_gz_worlds/lib/python3.12/site-packages'
[0.980s] Level 1:colcon.colcon_core.environment:checking '/home/zhettus/ros2_ws/install/husarion_gz_worlds/bin'
[0.980s] INFO:colcon.colcon_core.shell:Creating package script '/home/zhettus/ros2_ws/install/husarion_gz_worlds/share/husarion_gz_worlds/package.ps1'
[0.980s] INFO:colcon.colcon_core.shell:Creating package descriptor '/home/zhettus/ros2_ws/install/husarion_gz_worlds/share/husarion_gz_worlds/package.dsv'
[0.981s] INFO:colcon.colcon_core.shell:Creating package script '/home/zhettus/ros2_ws/install/husarion_gz_worlds/share/husarion_gz_worlds/package.sh'
[0.981s] INFO:colcon.colcon_core.shell:Creating package script '/home/zhettus/ros2_ws/install/husarion_gz_worlds/share/husarion_gz_worlds/package.bash'
[0.981s] INFO:colcon.colcon_core.shell:Creating package script '/home/zhettus/ros2_ws/install/husarion_gz_worlds/share/husarion_gz_worlds/package.zsh'
[0.982s] Level 1:colcon.colcon_core.environment:create_file_with_runtime_dependencies(/home/zhettus/ros2_ws/install/husarion_gz_worlds/share/colcon-core/packages/husarion_gz_worlds)
[0.982s] Level 1:colcon.colcon_core.environment:create_environment_scripts_only(husarion_gz_worlds)
[0.982s] Level 1:colcon.colcon_core.environment:checking '/home/zhettus/ros2_ws/install/husarion_gz_worlds' for CMake module files
[0.982s] Level 1:colcon.colcon_core.environment:checking '/home/zhettus/ros2_ws/install/husarion_gz_worlds' for CMake config files
[0.983s] Level 1:colcon.colcon_core.shell:create_environment_hook('husarion_gz_worlds', 'cmake_prefix_path')
[0.983s] INFO:colcon.colcon_core.shell:Creating environment hook '/home/zhettus/ros2_ws/install/husarion_gz_worlds/share/husarion_gz_worlds/hook/cmake_prefix_path.ps1'
[0.983s] INFO:colcon.colcon_core.shell:Creating environment descriptor '/home/zhettus/ros2_ws/install/husarion_gz_worlds/share/husarion_gz_worlds/hook/cmake_prefix_path.dsv'
[0.983s] INFO:colcon.colcon_core.shell:Creating environment hook '/home/zhettus/ros2_ws/install/husarion_gz_worlds/share/husarion_gz_worlds/hook/cmake_prefix_path.sh'
[0.983s] Level 1:colcon.colcon_core.environment:checking '/home/zhettus/ros2_ws/install/husarion_gz_worlds/bin'
[0.983s] Level 1:colcon.colcon_core.environment:checking '/home/zhettus/ros2_ws/install/husarion_gz_worlds/lib/pkgconfig/husarion_gz_worlds.pc'
[0.984s] Level 1:colcon.colcon_core.environment:checking '/home/zhettus/ros2_ws/install/husarion_gz_worlds/lib/python3.12/site-packages'
[0.984s] Level 1:colcon.colcon_core.environment:checking '/home/zhettus/ros2_ws/install/husarion_gz_worlds/bin'
[0.984s] INFO:colcon.colcon_core.shell:Creating package script '/home/zhettus/ros2_ws/install/husarion_gz_worlds/share/husarion_gz_worlds/package.ps1'
[0.985s] INFO:colcon.colcon_core.shell:Creating package descriptor '/home/zhettus/ros2_ws/install/husarion_gz_worlds/share/husarion_gz_worlds/package.dsv'
[0.985s] INFO:colcon.colcon_core.shell:Creating package script '/home/zhettus/ros2_ws/install/husarion_gz_worlds/share/husarion_gz_worlds/package.sh'
[0.985s] INFO:colcon.colcon_core.shell:Creating package script '/home/zhettus/ros2_ws/install/husarion_gz_worlds/share/husarion_gz_worlds/package.bash'
[0.985s] INFO:colcon.colcon_core.shell:Creating package script '/home/zhettus/ros2_ws/install/husarion_gz_worlds/share/husarion_gz_worlds/package.zsh'
[0.985s] Level 1:colcon.colcon_core.environment:create_file_with_runtime_dependencies(/home/zhettus/ros2_ws/install/husarion_gz_worlds/share/colcon-core/packages/husarion_gz_worlds)
[0.986s] Level 1:colcon.colcon_core.environment:create_environment_scripts_only(rosbot)
[0.986s] DEBUG:colcon.colcon_core.event_handler.log_command:Invoked command in '/home/zhettus/ros2_ws/build/rosbot' returned '0': CMAKE_PREFIX_PATH=${CMAKE_PREFIX_PATH}:/home/zhettus/rosbot_ws/install/rosbot_controller:/home/zhettus/rosbot_ws/install/rosbot_utils:/home/zhettus/rosbot_ws/install/rosbot_gazebo:/home/zhettus/rosbot_ws/install/rosbot_bringup:/home/zhettus/ros2_ws/install/rosbot_utils:/home/zhettus/ros2_ws/install/rosbot_gazebo:/home/zhettus/ros2_ws/install/rosbot_controller:/home/zhettus/ros2_ws/install/rosbot_bringup:/opt/ros/jazzy /usr/bin/cmake --install /home/zhettus/ros2_ws/build/rosbot
[0.986s] Level 1:colcon.colcon_core.environment:checking '/home/zhettus/ros2_ws/install/rosbot' for CMake module files
[0.987s] Level 1:colcon.colcon_core.environment:checking '/home/zhettus/ros2_ws/install/rosbot' for CMake config files
[0.987s] Level 1:colcon.colcon_core.shell:create_environment_hook('rosbot', 'cmake_prefix_path')
[0.987s] INFO:colcon.colcon_core.shell:Creating environment hook '/home/zhettus/ros2_ws/install/rosbot/share/rosbot/hook/cmake_prefix_path.ps1'
[0.987s] INFO:colcon.colcon_core.shell:Creating environment descriptor '/home/zhettus/ros2_ws/install/rosbot/share/rosbot/hook/cmake_prefix_path.dsv'
[0.988s] INFO:colcon.colcon_core.shell:Creating environment hook '/home/zhettus/ros2_ws/install/rosbot/share/rosbot/hook/cmake_prefix_path.sh'
[0.988s] Level 1:colcon.colcon_core.environment:checking '/home/zhettus/ros2_ws/install/rosbot/bin'
[0.988s] Level 1:colcon.colcon_core.environment:checking '/home/zhettus/ros2_ws/install/rosbot/lib/pkgconfig/rosbot.pc'
[0.988s] Level 1:colcon.colcon_core.environment:checking '/home/zhettus/ros2_ws/install/rosbot/lib/python3.12/site-packages'
[0.989s] Level 1:colcon.colcon_core.environment:checking '/home/zhettus/ros2_ws/install/rosbot/bin'
[0.989s] INFO:colcon.colcon_core.shell:Creating package script '/home/zhettus/ros2_ws/install/rosbot/share/rosbot/package.ps1'
[0.989s] INFO:colcon.colcon_core.shell:Creating package descriptor '/home/zhettus/ros2_ws/install/rosbot/share/rosbot/package.dsv'
[0.989s] INFO:colcon.colcon_core.shell:Creating package script '/home/zhettus/ros2_ws/install/rosbot/share/rosbot/package.sh'
[0.990s] INFO:colcon.colcon_core.shell:Creating package script '/home/zhettus/ros2_ws/install/rosbot/share/rosbot/package.bash'
[0.990s] INFO:colcon.colcon_core.shell:Creating package script '/home/zhettus/ros2_ws/install/rosbot/share/rosbot/package.zsh'
[0.991s] Level 1:colcon.colcon_core.environment:create_file_with_runtime_dependencies(/home/zhettus/ros2_ws/install/rosbot/share/colcon-core/packages/rosbot)
[0.991s] Level 1:colcon.colcon_core.environment:create_environment_scripts_only(rosbot)
[0.991s] Level 1:colcon.colcon_core.environment:checking '/home/zhettus/ros2_ws/install/rosbot' for CMake module files
[0.991s] Level 1:colcon.colcon_core.environment:checking '/home/zhettus/ros2_ws/install/rosbot' for CMake config files
[0.991s] Level 1:colcon.colcon_core.shell:create_environment_hook('rosbot', 'cmake_prefix_path')
[0.991s] INFO:colcon.colcon_core.shell:Creating environment hook '/home/zhettus/ros2_ws/install/rosbot/share/rosbot/hook/cmake_prefix_path.ps1'
[0.992s] INFO:colcon.colcon_core.shell:Creating environment descriptor '/home/zhettus/ros2_ws/install/rosbot/share/rosbot/hook/cmake_prefix_path.dsv'
[0.992s] INFO:colcon.colcon_core.shell:Creating environment hook '/home/zhettus/ros2_ws/install/rosbot/share/rosbot/hook/cmake_prefix_path.sh'
[0.992s] Level 1:colcon.colcon_core.environment:checking '/home/zhettus/ros2_ws/install/rosbot/bin'
[0.992s] Level 1:colcon.colcon_core.environment:checking '/home/zhettus/ros2_ws/install/rosbot/lib/pkgconfig/rosbot.pc'
[0.992s] Level 1:colcon.colcon_core.environment:checking '/home/zhettus/ros2_ws/install/rosbot/lib/python3.12/site-packages'
[0.993s] Level 1:colcon.colcon_core.environment:checking '/home/zhettus/ros2_ws/install/rosbot/bin'
[0.993s] INFO:colcon.colcon_core.shell:Creating package script '/home/zhettus/ros2_ws/install/rosbot/share/rosbot/package.ps1'
[0.993s] INFO:colcon.colcon_core.shell:Creating package descriptor '/home/zhettus/ros2_ws/install/rosbot/share/rosbot/package.dsv'
[0.993s] INFO:colcon.colcon_core.shell:Creating package script '/home/zhettus/ros2_ws/install/rosbot/share/rosbot/package.sh'
[0.994s] INFO:colcon.colcon_core.shell:Creating package script '/home/zhettus/ros2_ws/install/rosbot/share/rosbot/package.bash'
[0.994s] INFO:colcon.colcon_core.shell:Creating package script '/home/zhettus/ros2_ws/install/rosbot/share/rosbot/package.zsh'
[0.994s] Level 1:colcon.colcon_core.environment:create_file_with_runtime_dependencies(/home/zhettus/ros2_ws/install/rosbot/share/colcon-core/packages/rosbot)
[0.995s] INFO:colcon.colcon_ros.task.ament_cmake.build:Building ROS package in '/home/zhettus/ros2_ws/src/tutorial_pkg' with build type 'ament_cmake'
[0.995s] INFO:colcon.colcon_cmake.task.cmake.build:Building CMake package in '/home/zhettus/ros2_ws/src/tutorial_pkg'
[0.995s] INFO:colcon.colcon_core.shell:Skip shell extension 'powershell' for command environment: Not usable outside of PowerShell
[0.995s] DEBUG:colcon.colcon_core.shell:Skip shell extension 'dsv' for command environment
[0.999s] INFO:colcon.colcon_ros.task.ament_python.build:Building ROS package in '/home/zhettus/ros2_ws/src/rosbot_xl_ros/rosbot_controller' with build type 'ament_python'
[1.000s] Level 1:colcon.colcon_core.shell:create_environment_hook('rosbot_controller', 'ament_prefix_path')
[1.000s] INFO:colcon.colcon_core.shell:Creating environment hook '/home/zhettus/ros2_ws/install/rosbot_controller/share/rosbot_controller/hook/ament_prefix_path.ps1'
[1.001s] INFO:colcon.colcon_core.shell:Creating environment descriptor '/home/zhettus/ros2_ws/install/rosbot_controller/share/rosbot_controller/hook/ament_prefix_path.dsv'
[1.001s] INFO:colcon.colcon_core.shell:Creating environment hook '/home/zhettus/ros2_ws/install/rosbot_controller/share/rosbot_controller/hook/ament_prefix_path.sh'
[1.002s] INFO:colcon.colcon_core.shell:Skip shell extension 'powershell' for command environment: Not usable outside of PowerShell
[1.002s] DEBUG:colcon.colcon_core.shell:Skip shell extension 'dsv' for command environment
[1.008s] DEBUG:colcon.colcon_core.event_handler.log_command:Invoking command in '/home/zhettus/ros2_ws/build/test': CMAKE_PREFIX_PATH=${CMAKE_PREFIX_PATH}:/home/zhettus/rosbot_ws/install/rosbot_controller:/home/zhettus/rosbot_ws/install/rosbot_utils:/home/zhettus/rosbot_ws/install/rosbot_gazebo:/home/zhettus/rosbot_ws/install/rosbot_bringup:/home/zhettus/ros2_ws/install/rosbot_utils:/home/zhettus/ros2_ws/install/rosbot_gazebo:/home/zhettus/ros2_ws/install/rosbot_controller:/home/zhettus/ros2_ws/install/rosbot_bringup:/opt/ros/jazzy /usr/bin/cmake --build /home/zhettus/ros2_ws/build/test -- -j6 -l6
[1.011s] DEBUG:colcon.colcon_core.event_handler.log_command:Invoking command in '/home/zhettus/ros2_ws/build/tutorial_pkg': CMAKE_PREFIX_PATH=${CMAKE_PREFIX_PATH}:/home/zhettus/rosbot_ws/install/rosbot_controller:/home/zhettus/rosbot_ws/install/rosbot_utils:/home/zhettus/rosbot_ws/install/rosbot_gazebo:/home/zhettus/rosbot_ws/install/rosbot_bringup:/home/zhettus/ros2_ws/install/rosbot_utils:/home/zhettus/ros2_ws/install/rosbot_gazebo:/home/zhettus/ros2_ws/install/rosbot_controller:/home/zhettus/ros2_ws/install/rosbot_bringup:/opt/ros/jazzy /usr/bin/cmake --build /home/zhettus/ros2_ws/build/tutorial_pkg -- -j6 -l6
[1.267s] INFO:colcon.colcon_core.task.python.build:Building Python package in '/home/zhettus/ros2_ws/src/rosbot_xl_ros/rosbot_controller'
[1.274s] INFO:colcon.colcon_core.shell:Skip shell extension 'powershell' for command environment: Not usable outside of PowerShell
[1.279s] DEBUG:colcon.colcon_core.shell:Skip shell extension 'dsv' for command environment
[1.297s] DEBUG:colcon.colcon_core.event_handler.log_command:Invoked command in '/home/zhettus/ros2_ws/build/test' returned '0': CMAKE_PREFIX_PATH=${CMAKE_PREFIX_PATH}:/home/zhettus/rosbot_ws/install/rosbot_controller:/home/zhettus/rosbot_ws/install/rosbot_utils:/home/zhettus/rosbot_ws/install/rosbot_gazebo:/home/zhettus/rosbot_ws/install/rosbot_bringup:/home/zhettus/ros2_ws/install/rosbot_utils:/home/zhettus/ros2_ws/install/rosbot_gazebo:/home/zhettus/ros2_ws/install/rosbot_controller:/home/zhettus/ros2_ws/install/rosbot_bringup:/opt/ros/jazzy /usr/bin/cmake --build /home/zhettus/ros2_ws/build/test -- -j6 -l6
[1.297s] DEBUG:colcon.colcon_core.event_handler.log_command:Invoking command in '/home/zhettus/ros2_ws/build/test': CMAKE_PREFIX_PATH=${CMAKE_PREFIX_PATH}:/home/zhettus/rosbot_ws/install/rosbot_controller:/home/zhettus/rosbot_ws/install/rosbot_utils:/home/zhettus/rosbot_ws/install/rosbot_gazebo:/home/zhettus/rosbot_ws/install/rosbot_bringup:/home/zhettus/ros2_ws/install/rosbot_utils:/home/zhettus/ros2_ws/install/rosbot_gazebo:/home/zhettus/ros2_ws/install/rosbot_controller:/home/zhettus/ros2_ws/install/rosbot_bringup:/opt/ros/jazzy /usr/bin/cmake --install /home/zhettus/ros2_ws/build/test
[1.320s] Level 1:colcon.colcon_core.environment:create_environment_scripts_only(test)
[1.321s] Level 1:colcon.colcon_core.environment:checking '/home/zhettus/ros2_ws/install/test' for CMake module files
[1.322s] Level 1:colcon.colcon_core.environment:checking '/home/zhettus/ros2_ws/install/test' for CMake config files
[1.325s] Level 1:colcon.colcon_core.shell:create_environment_hook('test', 'cmake_prefix_path')
[1.325s] INFO:colcon.colcon_core.shell:Creating environment hook '/home/zhettus/ros2_ws/install/test/share/test/hook/cmake_prefix_path.ps1'
[1.326s] INFO:colcon.colcon_core.shell:Creating environment descriptor '/home/zhettus/ros2_ws/install/test/share/test/hook/cmake_prefix_path.dsv'
[1.320s] DEBUG:colcon.colcon_core.event_handler.log_command:Invoked command in '/home/zhettus/ros2_ws/build/test' returned '0': CMAKE_PREFIX_PATH=${CMAKE_PREFIX_PATH}:/home/zhettus/rosbot_ws/install/rosbot_controller:/home/zhettus/rosbot_ws/install/rosbot_utils:/home/zhettus/rosbot_ws/install/rosbot_gazebo:/home/zhettus/rosbot_ws/install/rosbot_bringup:/home/zhettus/ros2_ws/install/rosbot_utils:/home/zhettus/ros2_ws/install/rosbot_gazebo:/home/zhettus/ros2_ws/install/rosbot_controller:/home/zhettus/ros2_ws/install/rosbot_bringup:/opt/ros/jazzy /usr/bin/cmake --install /home/zhettus/ros2_ws/build/test
[1.329s] INFO:colcon.colcon_core.shell:Creating environment hook '/home/zhettus/ros2_ws/install/test/share/test/hook/cmake_prefix_path.sh'
[1.329s] Level 1:colcon.colcon_core.environment:checking '/home/zhettus/ros2_ws/install/test/lib'
[1.330s] Level 1:colcon.colcon_core.environment:checking '/home/zhettus/ros2_ws/install/test/bin'
[1.330s] Level 1:colcon.colcon_core.environment:checking '/home/zhettus/ros2_ws/install/test/lib/pkgconfig/test.pc'
[1.330s] Level 1:colcon.colcon_core.environment:checking '/home/zhettus/ros2_ws/install/test/lib/python3.12/site-packages'
[1.330s] Level 1:colcon.colcon_core.environment:checking '/home/zhettus/ros2_ws/install/test/bin'
[1.330s] INFO:colcon.colcon_core.shell:Creating package script '/home/zhettus/ros2_ws/install/test/share/test/package.ps1'
[1.331s] INFO:colcon.colcon_core.shell:Creating package descriptor '/home/zhettus/ros2_ws/install/test/share/test/package.dsv'
[1.331s] INFO:colcon.colcon_core.shell:Creating package script '/home/zhettus/ros2_ws/install/test/share/test/package.sh'
[1.331s] INFO:colcon.colcon_core.shell:Creating package script '/home/zhettus/ros2_ws/install/test/share/test/package.bash'
[1.331s] INFO:colcon.colcon_core.shell:Creating package script '/home/zhettus/ros2_ws/install/test/share/test/package.zsh'
[1.331s] Level 1:colcon.colcon_core.environment:create_file_with_runtime_dependencies(/home/zhettus/ros2_ws/install/test/share/colcon-core/packages/test)
[1.332s] Level 1:colcon.colcon_core.environment:create_environment_scripts_only(test)
[1.332s] Level 1:colcon.colcon_core.environment:checking '/home/zhettus/ros2_ws/install/test' for CMake module files
[1.333s] Level 1:colcon.colcon_core.environment:checking '/home/zhettus/ros2_ws/install/test' for CMake config files
[1.334s] Level 1:colcon.colcon_core.shell:create_environment_hook('test', 'cmake_prefix_path')
[1.334s] INFO:colcon.colcon_core.shell:Creating environment hook '/home/zhettus/ros2_ws/install/test/share/test/hook/cmake_prefix_path.ps1'
[1.334s] INFO:colcon.colcon_core.shell:Creating environment descriptor '/home/zhettus/ros2_ws/install/test/share/test/hook/cmake_prefix_path.dsv'
[1.335s] INFO:colcon.colcon_core.shell:Creating environment hook '/home/zhettus/ros2_ws/install/test/share/test/hook/cmake_prefix_path.sh'
[1.336s] Level 1:colcon.colcon_core.environment:checking '/home/zhettus/ros2_ws/install/test/lib'
[1.336s] Level 1:colcon.colcon_core.environment:checking '/home/zhettus/ros2_ws/install/test/bin'
[1.336s] Level 1:colcon.colcon_core.environment:checking '/home/zhettus/ros2_ws/install/test/lib/pkgconfig/test.pc'
[1.336s] Level 1:colcon.colcon_core.environment:checking '/home/zhettus/ros2_ws/install/test/lib/python3.12/site-packages'
[1.336s] Level 1:colcon.colcon_core.environment:checking '/home/zhettus/ros2_ws/install/test/bin'
[1.336s] INFO:colcon.colcon_core.shell:Creating package script '/home/zhettus/ros2_ws/install/test/share/test/package.ps1'
[1.338s] INFO:colcon.colcon_core.shell:Creating package descriptor '/home/zhettus/ros2_ws/install/test/share/test/package.dsv'
[1.338s] INFO:colcon.colcon_core.shell:Creating package script '/home/zhettus/ros2_ws/install/test/share/test/package.sh'
[1.338s] INFO:colcon.colcon_core.shell:Creating package script '/home/zhettus/ros2_ws/install/test/share/test/package.bash'
[1.339s] INFO:colcon.colcon_core.shell:Creating package script '/home/zhettus/ros2_ws/install/test/share/test/package.zsh'
[1.340s] Level 1:colcon.colcon_core.environment:create_file_with_runtime_dependencies(/home/zhettus/ros2_ws/install/test/share/colcon-core/packages/test)
[1.689s] Level 1:colcon.colcon_core.environment:create_environment_scripts_only(tutorial_pkg)
[1.691s] Level 1:colcon.colcon_core.environment:checking '/home/zhettus/ros2_ws/install/tutorial_pkg' for CMake module files
[1.691s] Level 1:colcon.colcon_core.environment:checking '/home/zhettus/ros2_ws/install/tutorial_pkg' for CMake config files
[1.691s] Level 1:colcon.colcon_core.environment:checking '/home/zhettus/ros2_ws/install/tutorial_pkg/bin'
[1.691s] Level 1:colcon.colcon_core.environment:checking '/home/zhettus/ros2_ws/install/tutorial_pkg/lib/pkgconfig/tutorial_pkg.pc'
[1.691s] Level 1:colcon.colcon_core.environment:checking '/home/zhettus/ros2_ws/install/tutorial_pkg/lib/python3.12/site-packages'
[1.689s] DEBUG:colcon.colcon_core.event_handler.log_command:Invoked command in '/home/zhettus/ros2_ws/build/tutorial_pkg' returned '2': CMAKE_PREFIX_PATH=${CMAKE_PREFIX_PATH}:/home/zhettus/rosbot_ws/install/rosbot_controller:/home/zhettus/rosbot_ws/install/rosbot_utils:/home/zhettus/rosbot_ws/install/rosbot_gazebo:/home/zhettus/rosbot_ws/install/rosbot_bringup:/home/zhettus/ros2_ws/install/rosbot_utils:/home/zhettus/ros2_ws/install/rosbot_gazebo:/home/zhettus/ros2_ws/install/rosbot_controller:/home/zhettus/ros2_ws/install/rosbot_bringup:/opt/ros/jazzy /usr/bin/cmake --build /home/zhettus/ros2_ws/build/tutorial_pkg -- -j6 -l6
[1.692s] Level 1:colcon.colcon_core.environment:checking '/home/zhettus/ros2_ws/install/tutorial_pkg/bin'
[1.692s] INFO:colcon.colcon_core.shell:Creating package script '/home/zhettus/ros2_ws/install/tutorial_pkg/share/tutorial_pkg/package.ps1'
[1.702s] INFO:colcon.colcon_core.shell:Creating package descriptor '/home/zhettus/ros2_ws/install/tutorial_pkg/share/tutorial_pkg/package.dsv'
[1.704s] INFO:colcon.colcon_core.shell:Creating package script '/home/zhettus/ros2_ws/install/tutorial_pkg/share/tutorial_pkg/package.sh'
[1.704s] INFO:colcon.colcon_core.shell:Creating package script '/home/zhettus/ros2_ws/install/tutorial_pkg/share/tutorial_pkg/package.bash'
[1.707s] INFO:colcon.colcon_core.shell:Creating package script '/home/zhettus/ros2_ws/install/tutorial_pkg/share/tutorial_pkg/package.zsh'
[1.707s] Level 1:colcon.colcon_core.environment:create_file_with_runtime_dependencies(/home/zhettus/ros2_ws/install/tutorial_pkg/share/colcon-core/packages/tutorial_pkg)
[1.983s] DEBUG:colcon.colcon_parallel_executor.executor.parallel:closing loop
[1.983s] DEBUG:colcon.colcon_parallel_executor.executor.parallel:loop closed
[1.983s] DEBUG:colcon.colcon_parallel_executor.executor.parallel:run_until_complete finished with '2'
[1.983s] DEBUG:colcon.colcon_core.event_reactor:joining thread
[1.987s] INFO:colcon.colcon_core.plugin_system:Skipping extension 'colcon_notification.desktop_notification.terminal_notifier': Not used on non-Darwin systems
[1.987s] INFO:colcon.colcon_core.plugin_system:Skipping extension 'colcon_notification.desktop_notification.win32': Not used on non-Windows systems
[1.987s] INFO:colcon.colcon_notification.desktop_notification:Sending desktop notification using 'notify2'
[1.997s] DEBUG:colcon.colcon_core.event_reactor:joined thread
[1.997s] INFO:colcon.colcon_core.shell:Creating prefix script '/home/zhettus/ros2_ws/install/local_setup.ps1'
[1.999s] INFO:colcon.colcon_core.shell:Creating prefix util module '/home/zhettus/ros2_ws/install/_local_setup_util_ps1.py'
[2.001s] INFO:colcon.colcon_core.shell:Creating prefix chain script '/home/zhettus/ros2_ws/install/setup.ps1'
[2.006s] INFO:colcon.colcon_core.shell:Creating prefix script '/home/zhettus/ros2_ws/install/local_setup.sh'
[2.008s] INFO:colcon.colcon_core.shell:Creating prefix util module '/home/zhettus/ros2_ws/install/_local_setup_util_sh.py'
[2.009s] INFO:colcon.colcon_core.shell:Creating prefix chain script '/home/zhettus/ros2_ws/install/setup.sh'
[2.010s] INFO:colcon.colcon_core.shell:Creating prefix script '/home/zhettus/ros2_ws/install/local_setup.bash'
[2.011s] INFO:colcon.colcon_core.shell:Creating prefix chain script '/home/zhettus/ros2_ws/install/setup.bash'
[2.012s] INFO:colcon.colcon_core.shell:Creating prefix script '/home/zhettus/ros2_ws/install/local_setup.zsh'
[2.013s] INFO:colcon.colcon_core.shell:Creating prefix chain script '/home/zhettus/ros2_ws/install/setup.zsh'
