[1.512s] Invoking command in '/home/zhettus/ros2_ws/src/rosbot_xl_ros/rosbot_utils': PYTHONPATH=/home/zhettus/ros2_ws/build/rosbot_utils/prefix_override:/usr/lib/python3/dist-packages/colcon_core/task/python/colcon_distutils_commands:/home/zhettus/ros2_ws/install/rosbot_utils/lib/python3.12/site-packages:${PYTHONPATH} /usr/bin/python3 -W ignore:setup.py install is deprecated -W ignore:easy_install command is deprecated setup.py egg_info --egg-base ../../../build/rosbot_utils build --build-base /home/zhettus/ros2_ws/build/rosbot_utils/build install --record /home/zhettus/ros2_ws/build/rosbot_utils/install.log --single-version-externally-managed install_data
[1.831s] running egg_info
[1.850s] writing ../../../build/rosbot_utils/rosbot_utils.egg-info/PKG-INFO
[1.850s] writing dependency_links to ../../../build/rosbot_utils/rosbot_utils.egg-info/dependency_links.txt
[1.851s] writing entry points to ../../../build/rosbot_utils/rosbot_utils.egg-info/entry_points.txt
[1.851s] writing requirements to ../../../build/rosbot_utils/rosbot_utils.egg-info/requires.txt
[1.852s] writing top-level names to ../../../build/rosbot_utils/rosbot_utils.egg-info/top_level.txt
[1.899s] reading manifest file '../../../build/rosbot_utils/rosbot_utils.egg-info/SOURCES.txt'
[1.903s] writing manifest file '../../../build/rosbot_utils/rosbot_utils.egg-info/SOURCES.txt'
[1.903s] running build
[1.903s] running build_py
[1.904s] running install
[1.913s] running install_lib
[1.927s] running install_data
[1.927s] running install_egg_info
[1.950s] removing '/home/zhettus/ros2_ws/install/rosbot_utils/lib/python3.12/site-packages/rosbot_utils-0.0.0-py3.12.egg-info' (and everything under it)
[1.950s] Copying ../../../build/rosbot_utils/rosbot_utils.egg-info to /home/zhettus/ros2_ws/install/rosbot_utils/lib/python3.12/site-packages/rosbot_utils-0.0.0-py3.12.egg-info
[1.952s] running install_scripts
[2.071s] Installing flash_firmware script to /home/zhettus/ros2_ws/install/rosbot_utils/lib/rosbot_utils
[2.077s] writing list of installed files to '/home/zhettus/ros2_ws/build/rosbot_utils/install.log'
[2.112s] Invoked command in '/home/zhettus/ros2_ws/src/rosbot_xl_ros/rosbot_utils' returned '0': PYTHONPATH=/home/zhettus/ros2_ws/build/rosbot_utils/prefix_override:/usr/lib/python3/dist-packages/colcon_core/task/python/colcon_distutils_commands:/home/zhettus/ros2_ws/install/rosbot_utils/lib/python3.12/site-packages:${PYTHONPATH} /usr/bin/python3 -W ignore:setup.py install is deprecated -W ignore:easy_install command is deprecated setup.py egg_info --egg-base ../../../build/rosbot_utils build --build-base /home/zhettus/ros2_ws/build/rosbot_utils/build install --record /home/zhettus/ros2_ws/build/rosbot_utils/install.log --single-version-externally-managed install_data
