[0.008s] Invoking command in '/home/zhettus/ros2_ws/build/tutorial_pkg': CMAKE_PREFIX_PATH=${CMAKE_PREFIX_PATH}:/home/zhettus/rosbot_ws/install/rosbot_controller:/home/zhettus/rosbot_ws/install/rosbot_utils:/home/zhettus/rosbot_ws/install/rosbot_gazebo:/home/zhettus/rosbot_ws/install/rosbot_bringup:/home/zhettus/ros2_ws/install/rosbot_utils:/home/zhettus/ros2_ws/install/rosbot_gazebo:/home/zhettus/ros2_ws/install/rosbot_controller:/home/zhettus/ros2_ws/install/rosbot_bringup:/opt/ros/jazzy /usr/bin/cmake --build /home/zhettus/ros2_ws/build/tutorial_pkg -- -j6 -l6
[0.043s] Invoked command in '/home/zhettus/ros2_ws/build/tutorial_pkg' returned '0': CMAKE_PREFIX_PATH=${CMAKE_PREFIX_PATH}:/home/zhettus/rosbot_ws/install/rosbot_controller:/home/zhettus/rosbot_ws/install/rosbot_utils:/home/zhettus/rosbot_ws/install/rosbot_gazebo:/home/zhettus/rosbot_ws/install/rosbot_bringup:/home/zhettus/ros2_ws/install/rosbot_utils:/home/zhettus/ros2_ws/install/rosbot_gazebo:/home/zhettus/ros2_ws/install/rosbot_controller:/home/zhettus/ros2_ws/install/rosbot_bringup:/opt/ros/jazzy /usr/bin/cmake --build /home/zhettus/ros2_ws/build/tutorial_pkg -- -j6 -l6
[0.049s] Invoking command in '/home/zhettus/ros2_ws/build/tutorial_pkg': CMAKE_PREFIX_PATH=${CMAKE_PREFIX_PATH}:/home/zhettus/rosbot_ws/install/rosbot_controller:/home/zhettus/rosbot_ws/install/rosbot_utils:/home/zhettus/rosbot_ws/install/rosbot_gazebo:/home/zhettus/rosbot_ws/install/rosbot_bringup:/home/zhettus/ros2_ws/install/rosbot_utils:/home/zhettus/ros2_ws/install/rosbot_gazebo:/home/zhettus/ros2_ws/install/rosbot_controller:/home/zhettus/ros2_ws/install/rosbot_bringup:/opt/ros/jazzy /usr/bin/cmake --install /home/zhettus/ros2_ws/build/tutorial_pkg
[0.055s] -- Install configuration: ""
[0.055s] -- Execute custom install script
[0.056s] -- Up-to-date symlink: /home/zhettus/ros2_ws/install/tutorial_pkg/share/tutorial_pkg/launch/slam.launch.py
[0.056s] -- Symlinking: /home/zhettus/ros2_ws/install/tutorial_pkg/share/tutorial_pkg/config/slam.yaml
[0.067s] -- Up-to-date symlink: /home/zhettus/ros2_ws/install/tutorial_pkg/share/ament_index/resource_index/package_run_dependencies/tutorial_pkg
[0.067s] -- Up-to-date symlink: /home/zhettus/ros2_ws/install/tutorial_pkg/share/ament_index/resource_index/parent_prefix_path/tutorial_pkg
[0.067s] -- Up-to-date symlink: /home/zhettus/ros2_ws/install/tutorial_pkg/share/tutorial_pkg/environment/ament_prefix_path.sh
[0.067s] -- Up-to-date symlink: /home/zhettus/ros2_ws/install/tutorial_pkg/share/tutorial_pkg/environment/ament_prefix_path.dsv
[0.067s] -- Up-to-date symlink: /home/zhettus/ros2_ws/install/tutorial_pkg/share/tutorial_pkg/environment/path.sh
[0.067s] -- Up-to-date symlink: /home/zhettus/ros2_ws/install/tutorial_pkg/share/tutorial_pkg/environment/path.dsv
[0.067s] -- Up-to-date symlink: /home/zhettus/ros2_ws/install/tutorial_pkg/share/tutorial_pkg/local_setup.bash
[0.067s] -- Up-to-date symlink: /home/zhettus/ros2_ws/install/tutorial_pkg/share/tutorial_pkg/local_setup.sh
[0.067s] -- Up-to-date symlink: /home/zhettus/ros2_ws/install/tutorial_pkg/share/tutorial_pkg/local_setup.zsh
[0.067s] -- Up-to-date symlink: /home/zhettus/ros2_ws/install/tutorial_pkg/share/tutorial_pkg/local_setup.dsv
[0.067s] -- Symlinking: /home/zhettus/ros2_ws/install/tutorial_pkg/share/tutorial_pkg/package.dsv
[0.072s] -- Up-to-date symlink: /home/zhettus/ros2_ws/install/tutorial_pkg/share/ament_index/resource_index/packages/tutorial_pkg
[0.073s] -- Up-to-date symlink: /home/zhettus/ros2_ws/install/tutorial_pkg/share/tutorial_pkg/cmake/tutorial_pkgConfig.cmake
[0.073s] -- Up-to-date symlink: /home/zhettus/ros2_ws/install/tutorial_pkg/share/tutorial_pkg/cmake/tutorial_pkgConfig-version.cmake
[0.073s] -- Up-to-date symlink: /home/zhettus/ros2_ws/install/tutorial_pkg/share/tutorial_pkg/package.xml
[0.075s] Invoked command in '/home/zhettus/ros2_ws/build/tutorial_pkg' returned '0': CMAKE_PREFIX_PATH=${CMAKE_PREFIX_PATH}:/home/zhettus/rosbot_ws/install/rosbot_controller:/home/zhettus/rosbot_ws/install/rosbot_utils:/home/zhettus/rosbot_ws/install/rosbot_gazebo:/home/zhettus/rosbot_ws/install/rosbot_bringup:/home/zhettus/ros2_ws/install/rosbot_utils:/home/zhettus/ros2_ws/install/rosbot_gazebo:/home/zhettus/ros2_ws/install/rosbot_controller:/home/zhettus/ros2_ws/install/rosbot_bringup:/opt/ros/jazzy /usr/bin/cmake --install /home/zhettus/ros2_ws/build/tutorial_pkg
