[0.020s] Invoking command in '/home/zhettus/ros2_ws/build/rosbot': CMAKE_PREFIX_PATH=${CMAKE_PREFIX_PATH}:/opt/ros/jazzy /usr/bin/cmake --build /home/zhettus/ros2_ws/build/rosbot -- -j6 -l6
[0.374s] Invoked command in '/home/zhettus/ros2_ws/build/rosbot' returned '0': CMAKE_PREFIX_PATH=${CMAKE_PREFIX_PATH}:/opt/ros/jazzy /usr/bin/cmake --build /home/zhettus/ros2_ws/build/rosbot -- -j6 -l6
[0.375s] Invoking command in '/home/zhettus/ros2_ws/build/rosbot': CMAKE_PREFIX_PATH=${CMAKE_PREFIX_PATH}:/opt/ros/jazzy /usr/bin/cmake --install /home/zhettus/ros2_ws/build/rosbot
[0.390s] -- Install configuration: ""
[0.390s] -- Up-to-date: /home/zhettus/ros2_ws/install/rosbot/share/ament_index/resource_index/package_run_dependencies/rosbot
[0.390s] -- Up-to-date: /home/zhettus/ros2_ws/install/rosbot/share/ament_index/resource_index/parent_prefix_path/rosbot
[0.391s] -- Up-to-date: /home/zhettus/ros2_ws/install/rosbot/share/rosbot/environment/ament_prefix_path.sh
[0.391s] -- Up-to-date: /home/zhettus/ros2_ws/install/rosbot/share/rosbot/environment/ament_prefix_path.dsv
[0.391s] -- Up-to-date: /home/zhettus/ros2_ws/install/rosbot/share/rosbot/environment/path.sh
[0.391s] -- Up-to-date: /home/zhettus/ros2_ws/install/rosbot/share/rosbot/environment/path.dsv
[0.391s] -- Up-to-date: /home/zhettus/ros2_ws/install/rosbot/share/rosbot/local_setup.bash
[0.391s] -- Up-to-date: /home/zhettus/ros2_ws/install/rosbot/share/rosbot/local_setup.sh
[0.391s] -- Up-to-date: /home/zhettus/ros2_ws/install/rosbot/share/rosbot/local_setup.zsh
[0.391s] -- Up-to-date: /home/zhettus/ros2_ws/install/rosbot/share/rosbot/local_setup.dsv
[0.391s] -- Installing: /home/zhettus/ros2_ws/install/rosbot/share/rosbot/package.dsv
[0.391s] -- Up-to-date: /home/zhettus/ros2_ws/install/rosbot/share/ament_index/resource_index/packages/rosbot
[0.391s] -- Up-to-date: /home/zhettus/ros2_ws/install/rosbot/share/rosbot/cmake/rosbotConfig.cmake
[0.391s] -- Up-to-date: /home/zhettus/ros2_ws/install/rosbot/share/rosbot/cmake/rosbotConfig-version.cmake
[0.391s] -- Up-to-date: /home/zhettus/ros2_ws/install/rosbot/share/rosbot/package.xml
[0.391s] Invoked command in '/home/zhettus/ros2_ws/build/rosbot' returned '0': CMAKE_PREFIX_PATH=${CMAKE_PREFIX_PATH}:/opt/ros/jazzy /usr/bin/cmake --install /home/zhettus/ros2_ws/build/rosbot
