[0.018s] Invoking command in '/home/zhettus/ros2_ws/build/rosbot': CMAKE_PREFIX_PATH=${CMAKE_PREFIX_PATH}:/opt/ros/jazzy /usr/bin/cmake /home/zhettus/ros2_ws/src/rosbot_xl_ros/rosbot -DCMAKE_INSTALL_PREFIX=/home/zhettus/ros2_ws/install/rosbot
[0.393s] -- The C compiler identification is GNU 13.3.0
[0.394s] -- The CXX compiler identification is GNU 13.3.0
[0.394s] -- Detecting C compiler ABI info
[0.394s] -- Detecting C compiler ABI info - done
[0.394s] -- Check for working C compiler: /usr/bin/cc - skipped
[0.394s] -- Detecting C compile features
[0.394s] -- Detecting C compile features - done
[0.394s] -- Detecting CXX compiler ABI info
[0.394s] -- Detecting CXX compiler ABI info - done
[0.394s] -- Check for working CXX compiler: /usr/bin/c++ - skipped
[0.394s] -- Detecting CXX compile features
[0.394s] -- Detecting CXX compile features - done
[0.395s] -- Found ament_cmake: 2.5.6 (/opt/ros/jazzy/share/ament_cmake/cmake)
[0.395s] -- Found Python3: /usr/bin/python3 (found version "3.12.3") found components: Interpreter 
[0.471s] -- Configuring done (0.4s)
[0.474s] -- Generating done (0.0s)
[0.476s] -- Build files have been written to: /home/zhettus/ros2_ws/build/rosbot
[0.484s] Invoked command in '/home/zhettus/ros2_ws/build/rosbot' returned '0': CMAKE_PREFIX_PATH=${CMAKE_PREFIX_PATH}:/opt/ros/jazzy /usr/bin/cmake /home/zhettus/ros2_ws/src/rosbot_xl_ros/rosbot -DCMAKE_INSTALL_PREFIX=/home/zhettus/ros2_ws/install/rosbot
[0.484s] Invoking command in '/home/zhettus/ros2_ws/build/rosbot': CMAKE_PREFIX_PATH=${CMAKE_PREFIX_PATH}:/opt/ros/jazzy /usr/bin/cmake --build /home/zhettus/ros2_ws/build/rosbot -- -j6 -l6
[0.515s] Invoked command in '/home/zhettus/ros2_ws/build/rosbot' returned '0': CMAKE_PREFIX_PATH=${CMAKE_PREFIX_PATH}:/opt/ros/jazzy /usr/bin/cmake --build /home/zhettus/ros2_ws/build/rosbot -- -j6 -l6
[0.515s] Invoking command in '/home/zhettus/ros2_ws/build/rosbot': CMAKE_PREFIX_PATH=${CMAKE_PREFIX_PATH}:/opt/ros/jazzy /usr/bin/cmake --install /home/zhettus/ros2_ws/build/rosbot
[0.525s] -- Install configuration: ""
[0.525s] -- Installing: /home/zhettus/ros2_ws/install/rosbot/share/ament_index/resource_index/package_run_dependencies/rosbot
[0.525s] -- Installing: /home/zhettus/ros2_ws/install/rosbot/share/ament_index/resource_index/parent_prefix_path/rosbot
[0.525s] -- Installing: /home/zhettus/ros2_ws/install/rosbot/share/rosbot/environment/ament_prefix_path.sh
[0.528s] -- Installing: /home/zhettus/ros2_ws/install/rosbot/share/rosbot/environment/ament_prefix_path.dsv
[0.528s] -- Installing: /home/zhettus/ros2_ws/install/rosbot/share/rosbot/environment/path.sh
[0.528s] -- Installing: /home/zhettus/ros2_ws/install/rosbot/share/rosbot/environment/path.dsv
[0.528s] -- Installing: /home/zhettus/ros2_ws/install/rosbot/share/rosbot/local_setup.bash
[0.528s] -- Installing: /home/zhettus/ros2_ws/install/rosbot/share/rosbot/local_setup.sh
[0.528s] -- Installing: /home/zhettus/ros2_ws/install/rosbot/share/rosbot/local_setup.zsh
[0.528s] -- Installing: /home/zhettus/ros2_ws/install/rosbot/share/rosbot/local_setup.dsv
[0.529s] -- Installing: /home/zhettus/ros2_ws/install/rosbot/share/rosbot/package.dsv
[0.529s] -- Installing: /home/zhettus/ros2_ws/install/rosbot/share/ament_index/resource_index/packages/rosbot
[0.529s] -- Installing: /home/zhettus/ros2_ws/install/rosbot/share/rosbot/cmake/rosbotConfig.cmake
[0.529s] -- Installing: /home/zhettus/ros2_ws/install/rosbot/share/rosbot/cmake/rosbotConfig-version.cmake
[0.529s] -- Installing: /home/zhettus/ros2_ws/install/rosbot/share/rosbot/package.xml
[0.530s] Invoked command in '/home/zhettus/ros2_ws/build/rosbot' returned '0': CMAKE_PREFIX_PATH=${CMAKE_PREFIX_PATH}:/opt/ros/jazzy /usr/bin/cmake --install /home/zhettus/ros2_ws/build/rosbot
