running egg_info
creating ../../../build/rosbot_gazebo/rosbot_gazebo.egg-info
writing ../../../build/rosbot_gazebo/rosbot_gazebo.egg-info/PKG-INFO
writing dependency_links to ../../../build/rosbot_gazebo/rosbot_gazebo.egg-info/dependency_links.txt
writing requirements to ../../../build/rosbot_gazebo/rosbot_gazebo.egg-info/requires.txt
writing top-level names to ../../../build/rosbot_gazebo/rosbot_gazebo.egg-info/top_level.txt
writing manifest file '../../../build/rosbot_gazebo/rosbot_gazebo.egg-info/SOURCES.txt'
reading manifest file '../../../build/rosbot_gazebo/rosbot_gazebo.egg-info/SOURCES.txt'
writing manifest file '../../../build/rosbot_gazebo/rosbot_gazebo.egg-info/SOURCES.txt'
running build
running install
running install_data
creating /home/zhettus/ros2_ws/install/rosbot_gazebo/share/ament_index
creating /home/zhettus/ros2_ws/install/rosbot_gazebo/share/ament_index/resource_index
creating /home/zhettus/ros2_ws/install/rosbot_gazebo/share/ament_index/resource_index/packages
copying resource/rosbot_gazebo -> /home/zhettus/ros2_ws/install/rosbot_gazebo/share/ament_index/resource_index/packages
copying package.xml -> /home/zhettus/ros2_ws/install/rosbot_gazebo/share/rosbot_gazebo
creating /home/zhettus/ros2_ws/install/rosbot_gazebo/share/rosbot_gazebo/launch
copying launch/spawn_robot.launch.py -> /home/zhettus/ros2_ws/install/rosbot_gazebo/share/rosbot_gazebo/launch
copying launch/simulation.launch.py -> /home/zhettus/ros2_ws/install/rosbot_gazebo/share/rosbot_gazebo/launch
creating /home/zhettus/ros2_ws/install/rosbot_gazebo/share/rosbot_gazebo/config
copying config/rosbot_bridge.yaml -> /home/zhettus/ros2_ws/install/rosbot_gazebo/share/rosbot_gazebo/config
copying config/gz_bridge.yaml -> /home/zhettus/ros2_ws/install/rosbot_gazebo/share/rosbot_gazebo/config
running install_egg_info
Copying ../../../build/rosbot_gazebo/rosbot_gazebo.egg-info to /home/zhettus/ros2_ws/install/rosbot_gazebo/lib/python3.12/site-packages/rosbot_gazebo-0.8.2-py3.12.egg-info
running install_scripts
writing list of installed files to '/home/zhettus/ros2_ws/build/rosbot_gazebo/install.log'
