[0.781s] Invoking command in '/home/zhettus/ros2_ws/src/rosbot_xl_ros/rosbot_gazebo': PYTHONPATH=/home/zhettus/ros2_ws/build/rosbot_gazebo/prefix_override:/usr/lib/python3/dist-packages/colcon_core/task/python/colcon_distutils_commands:/home/zhettus/ros2_ws/install/rosbot_gazebo/lib/python3.12/site-packages:${PYTHONPATH} /usr/bin/python3 -W ignore:setup.py install is deprecated -W ignore:easy_install command is deprecated setup.py egg_info --egg-base ../../../build/rosbot_gazebo build --build-base /home/zhettus/ros2_ws/build/rosbot_gazebo/build install --record /home/zhettus/ros2_ws/build/rosbot_gazebo/install.log --single-version-externally-managed install_data
[0.933s] running egg_info
[0.933s] creating ../../../build/rosbot_gazebo/rosbot_gazebo.egg-info
[0.942s] writing ../../../build/rosbot_gazebo/rosbot_gazebo.egg-info/PKG-INFO
[0.942s] writing dependency_links to ../../../build/rosbot_gazebo/rosbot_gazebo.egg-info/dependency_links.txt
[0.942s] writing requirements to ../../../build/rosbot_gazebo/rosbot_gazebo.egg-info/requires.txt
[0.942s] writing top-level names to ../../../build/rosbot_gazebo/rosbot_gazebo.egg-info/top_level.txt
[0.943s] writing manifest file '../../../build/rosbot_gazebo/rosbot_gazebo.egg-info/SOURCES.txt'
[0.953s] reading manifest file '../../../build/rosbot_gazebo/rosbot_gazebo.egg-info/SOURCES.txt'
[0.953s] writing manifest file '../../../build/rosbot_gazebo/rosbot_gazebo.egg-info/SOURCES.txt'
[0.953s] running build
[0.953s] running install
[0.957s] running install_data
[0.957s] creating /home/zhettus/ros2_ws/install/rosbot_gazebo/share/ament_index
[0.957s] creating /home/zhettus/ros2_ws/install/rosbot_gazebo/share/ament_index/resource_index
[0.957s] creating /home/zhettus/ros2_ws/install/rosbot_gazebo/share/ament_index/resource_index/packages
[0.957s] copying resource/rosbot_gazebo -> /home/zhettus/ros2_ws/install/rosbot_gazebo/share/ament_index/resource_index/packages
[0.957s] copying package.xml -> /home/zhettus/ros2_ws/install/rosbot_gazebo/share/rosbot_gazebo
[0.957s] creating /home/zhettus/ros2_ws/install/rosbot_gazebo/share/rosbot_gazebo/launch
[0.957s] copying launch/spawn_robot.launch.py -> /home/zhettus/ros2_ws/install/rosbot_gazebo/share/rosbot_gazebo/launch
[0.957s] copying launch/simulation.launch.py -> /home/zhettus/ros2_ws/install/rosbot_gazebo/share/rosbot_gazebo/launch
[0.957s] creating /home/zhettus/ros2_ws/install/rosbot_gazebo/share/rosbot_gazebo/config
[0.957s] copying config/rosbot_bridge.yaml -> /home/zhettus/ros2_ws/install/rosbot_gazebo/share/rosbot_gazebo/config
[0.957s] copying config/gz_bridge.yaml -> /home/zhettus/ros2_ws/install/rosbot_gazebo/share/rosbot_gazebo/config
[0.960s] running install_egg_info
[0.979s] Copying ../../../build/rosbot_gazebo/rosbot_gazebo.egg-info to /home/zhettus/ros2_ws/install/rosbot_gazebo/lib/python3.12/site-packages/rosbot_gazebo-0.8.2-py3.12.egg-info
[0.979s] running install_scripts
[1.067s] writing list of installed files to '/home/zhettus/ros2_ws/build/rosbot_gazebo/install.log'
[1.090s] Invoked command in '/home/zhettus/ros2_ws/src/rosbot_xl_ros/rosbot_gazebo' returned '0': PYTHONPATH=/home/zhettus/ros2_ws/build/rosbot_gazebo/prefix_override:/usr/lib/python3/dist-packages/colcon_core/task/python/colcon_distutils_commands:/home/zhettus/ros2_ws/install/rosbot_gazebo/lib/python3.12/site-packages:${PYTHONPATH} /usr/bin/python3 -W ignore:setup.py install is deprecated -W ignore:easy_install command is deprecated setup.py egg_info --egg-base ../../../build/rosbot_gazebo build --build-base /home/zhettus/ros2_ws/build/rosbot_gazebo/build install --record /home/zhettus/ros2_ws/build/rosbot_gazebo/install.log --single-version-externally-managed install_data
