[0.009s] Invoking command in '/home/zhettus/ros2_ws/build/tutorial_pkg': CMAKE_PREFIX_PATH=${CMAKE_PREFIX_PATH}:/home/zhettus/rosbot_ws/install/rosbot_controller:/home/zhettus/rosbot_ws/install/rosbot_utils:/home/zhettus/rosbot_ws/install/rosbot_gazebo:/home/zhettus/rosbot_ws/install/rosbot_bringup:/home/zhettus/ros2_ws/install/rosbot_utils:/home/zhettus/ros2_ws/install/rosbot_gazebo:/home/zhettus/ros2_ws/install/rosbot_controller:/home/zhettus/ros2_ws/install/rosbot_bringup:/opt/ros/jazzy /usr/bin/cmake /home/zhettus/ros2_ws/src/tutorial_pkg -DAMENT_CMAKE_SYMLINK_INSTALL=1 -DCMAKE_INSTALL_PREFIX=/home/zhettus/ros2_ws/install/tutorial_pkg
[0.025s] -- Found ament_cmake: 2.5.6 (/opt/ros/jazzy/share/ament_cmake/cmake)
[0.199s] -- Override CMake install command with custom implementation using symlinks instead of copying resources
[0.206s] -- Found rclcpp: 28.1.18 (/opt/ros/jazzy/share/rclcpp/cmake)
[0.232s] -- Found rosidl_generator_c: 4.6.7 (/opt/ros/jazzy/share/rosidl_generator_c/cmake)
[0.240s] -- Found rosidl_generator_cpp: 4.6.7 (/opt/ros/jazzy/share/rosidl_generator_cpp/cmake)
[0.252s] -- Using all available rosidl_typesupport_c: rosidl_typesupport_fastrtps_c;rosidl_typesupport_introspection_c
[0.264s] -- Using all available rosidl_typesupport_cpp: rosidl_typesupport_fastrtps_cpp;rosidl_typesupport_introspection_cpp
[0.314s] -- Found rmw_implementation_cmake: 7.3.3 (/opt/ros/jazzy/share/rmw_implementation_cmake/cmake)
[0.316s] -- Found rmw_fastrtps_cpp: 8.4.3 (/opt/ros/jazzy/share/rmw_fastrtps_cpp/cmake)
[0.371s] -- Using RMW implementation 'rmw_fastrtps_cpp' as default
[0.429s] -- Found ament_lint_auto: 0.17.5 (/opt/ros/jazzy/share/ament_lint_auto/cmake)
[0.537s] -- Added test 'flake8' to check Python code syntax and style conventions
[0.537s] -- Configured 'flake8' exclude dirs and/or files: 
[0.538s] -- Added test 'lint_cmake' to check CMake code style
[0.538s] -- Added test 'pep257' to check Python code against some of the docstring style conventions in PEP 257
[0.540s] -- Added test 'xmllint' to check XML markup files
[0.543s] -- Configuring done (0.5s)
[0.550s] -- Generating done (0.0s)
[0.554s] -- Build files have been written to: /home/zhettus/ros2_ws/build/tutorial_pkg
[0.560s] Invoked command in '/home/zhettus/ros2_ws/build/tutorial_pkg' returned '0': CMAKE_PREFIX_PATH=${CMAKE_PREFIX_PATH}:/home/zhettus/rosbot_ws/install/rosbot_controller:/home/zhettus/rosbot_ws/install/rosbot_utils:/home/zhettus/rosbot_ws/install/rosbot_gazebo:/home/zhettus/rosbot_ws/install/rosbot_bringup:/home/zhettus/ros2_ws/install/rosbot_utils:/home/zhettus/ros2_ws/install/rosbot_gazebo:/home/zhettus/ros2_ws/install/rosbot_controller:/home/zhettus/ros2_ws/install/rosbot_bringup:/opt/ros/jazzy /usr/bin/cmake /home/zhettus/ros2_ws/src/tutorial_pkg -DAMENT_CMAKE_SYMLINK_INSTALL=1 -DCMAKE_INSTALL_PREFIX=/home/zhettus/ros2_ws/install/tutorial_pkg
[0.561s] Invoking command in '/home/zhettus/ros2_ws/build/tutorial_pkg': CMAKE_PREFIX_PATH=${CMAKE_PREFIX_PATH}:/home/zhettus/rosbot_ws/install/rosbot_controller:/home/zhettus/rosbot_ws/install/rosbot_utils:/home/zhettus/rosbot_ws/install/rosbot_gazebo:/home/zhettus/rosbot_ws/install/rosbot_bringup:/home/zhettus/ros2_ws/install/rosbot_utils:/home/zhettus/ros2_ws/install/rosbot_gazebo:/home/zhettus/ros2_ws/install/rosbot_controller:/home/zhettus/ros2_ws/install/rosbot_bringup:/opt/ros/jazzy /usr/bin/cmake --build /home/zhettus/ros2_ws/build/tutorial_pkg -- -j6 -l6
[0.596s] Invoked command in '/home/zhettus/ros2_ws/build/tutorial_pkg' returned '0': CMAKE_PREFIX_PATH=${CMAKE_PREFIX_PATH}:/home/zhettus/rosbot_ws/install/rosbot_controller:/home/zhettus/rosbot_ws/install/rosbot_utils:/home/zhettus/rosbot_ws/install/rosbot_gazebo:/home/zhettus/rosbot_ws/install/rosbot_bringup:/home/zhettus/ros2_ws/install/rosbot_utils:/home/zhettus/ros2_ws/install/rosbot_gazebo:/home/zhettus/ros2_ws/install/rosbot_controller:/home/zhettus/ros2_ws/install/rosbot_bringup:/opt/ros/jazzy /usr/bin/cmake --build /home/zhettus/ros2_ws/build/tutorial_pkg -- -j6 -l6
[0.609s] Invoking command in '/home/zhettus/ros2_ws/build/tutorial_pkg': CMAKE_PREFIX_PATH=${CMAKE_PREFIX_PATH}:/home/zhettus/rosbot_ws/install/rosbot_controller:/home/zhettus/rosbot_ws/install/rosbot_utils:/home/zhettus/rosbot_ws/install/rosbot_gazebo:/home/zhettus/rosbot_ws/install/rosbot_bringup:/home/zhettus/ros2_ws/install/rosbot_utils:/home/zhettus/ros2_ws/install/rosbot_gazebo:/home/zhettus/ros2_ws/install/rosbot_controller:/home/zhettus/ros2_ws/install/rosbot_bringup:/opt/ros/jazzy /usr/bin/cmake --install /home/zhettus/ros2_ws/build/tutorial_pkg
[0.615s] -- Install configuration: ""
[0.616s] -- Execute custom install script
[0.616s] -- Symlinking: /home/zhettus/ros2_ws/install/tutorial_pkg/share/tutorial_pkg/launch/slam.launch.py
[0.624s] -- Symlinking: /home/zhettus/ros2_ws/install/tutorial_pkg/share/ament_index/resource_index/package_run_dependencies/tutorial_pkg
[0.632s] -- Symlinking: /home/zhettus/ros2_ws/install/tutorial_pkg/share/ament_index/resource_index/parent_prefix_path/tutorial_pkg
[0.637s] -- Symlinking: /home/zhettus/ros2_ws/install/tutorial_pkg/share/tutorial_pkg/environment/ament_prefix_path.sh
[0.646s] -- Symlinking: /home/zhettus/ros2_ws/install/tutorial_pkg/share/tutorial_pkg/environment/ament_prefix_path.dsv
[0.653s] -- Symlinking: /home/zhettus/ros2_ws/install/tutorial_pkg/share/tutorial_pkg/environment/path.sh
[0.658s] -- Symlinking: /home/zhettus/ros2_ws/install/tutorial_pkg/share/tutorial_pkg/environment/path.dsv
[0.670s] -- Symlinking: /home/zhettus/ros2_ws/install/tutorial_pkg/share/tutorial_pkg/local_setup.bash
[0.676s] -- Symlinking: /home/zhettus/ros2_ws/install/tutorial_pkg/share/tutorial_pkg/local_setup.sh
[0.682s] -- Symlinking: /home/zhettus/ros2_ws/install/tutorial_pkg/share/tutorial_pkg/local_setup.zsh
[0.688s] -- Symlinking: /home/zhettus/ros2_ws/install/tutorial_pkg/share/tutorial_pkg/local_setup.dsv
[0.697s] -- Symlinking: /home/zhettus/ros2_ws/install/tutorial_pkg/share/tutorial_pkg/package.dsv
[0.704s] -- Symlinking: /home/zhettus/ros2_ws/install/tutorial_pkg/share/ament_index/resource_index/packages/tutorial_pkg
[0.710s] -- Symlinking: /home/zhettus/ros2_ws/install/tutorial_pkg/share/tutorial_pkg/cmake/tutorial_pkgConfig.cmake
[0.717s] -- Symlinking: /home/zhettus/ros2_ws/install/tutorial_pkg/share/tutorial_pkg/cmake/tutorial_pkgConfig-version.cmake
[0.723s] -- Symlinking: /home/zhettus/ros2_ws/install/tutorial_pkg/share/tutorial_pkg/package.xml
[0.732s] Invoked command in '/home/zhettus/ros2_ws/build/tutorial_pkg' returned '0': CMAKE_PREFIX_PATH=${CMAKE_PREFIX_PATH}:/home/zhettus/rosbot_ws/install/rosbot_controller:/home/zhettus/rosbot_ws/install/rosbot_utils:/home/zhettus/rosbot_ws/install/rosbot_gazebo:/home/zhettus/rosbot_ws/install/rosbot_bringup:/home/zhettus/ros2_ws/install/rosbot_utils:/home/zhettus/ros2_ws/install/rosbot_gazebo:/home/zhettus/ros2_ws/install/rosbot_controller:/home/zhettus/ros2_ws/install/rosbot_bringup:/opt/ros/jazzy /usr/bin/cmake --install /home/zhettus/ros2_ws/build/tutorial_pkg
