[0.012s] Invoking command in '/home/zhettus/ros2_ws/build/tutorial_pkg': CMAKE_PREFIX_PATH=${CMAKE_PREFIX_PATH}:/opt/ros/jazzy /usr/bin/cmake /home/zhettus/ros2_ws/src/tutorial_pkg -DCMAKE_INSTALL_PREFIX=/home/zhettus/ros2_ws/install/tutorial_pkg
[0.055s] -- The C compiler identification is GNU 13.3.0
[0.097s] -- The CXX compiler identification is GNU 13.3.0
[0.107s] -- Detecting C compiler ABI info
[0.170s] -- Detecting C compiler ABI info - done
[0.178s] -- Check for working C compiler: /usr/bin/cc - skipped
[0.179s] -- Detecting C compile features
[0.179s] -- Detecting C compile features - done
[0.184s] -- Detecting CXX compiler ABI info
[0.266s] -- Detecting CXX compiler ABI info - done
[0.274s] -- Check for working CXX compiler: /usr/bin/c++ - skipped
[0.274s] -- Detecting CXX compile features
[0.275s] -- Detecting CXX compile features - done
[0.283s] -- Found OpenCV: /usr (found version "4.6.0") 
[0.286s] -- Found cv_bridge: 4.1.0 (/opt/ros/jazzy/share/cv_bridge/cmake)
[0.386s] -- Found Python3: /usr/bin/python3 (found version "3.12.3") found components: Interpreter 
[0.516s] -- Found rosidl_generator_c: 4.6.7 (/opt/ros/jazzy/share/rosidl_generator_c/cmake)
[0.530s] -- Found rosidl_generator_cpp: 4.6.7 (/opt/ros/jazzy/share/rosidl_generator_cpp/cmake)
[0.548s] -- Using all available rosidl_typesupport_c: rosidl_typesupport_fastrtps_c;rosidl_typesupport_introspection_c
[0.567s] -- Using all available rosidl_typesupport_cpp: rosidl_typesupport_fastrtps_cpp;rosidl_typesupport_introspection_cpp
[0.682s] -- Found rmw_implementation_cmake: 7.3.3 (/opt/ros/jazzy/share/rmw_implementation_cmake/cmake)
[0.686s] -- Found rmw_fastrtps_cpp: 8.4.3 (/opt/ros/jazzy/share/rmw_fastrtps_cpp/cmake)
[0.751s] -- Found OpenSSL: /usr/lib/aarch64-linux-gnu/libcrypto.so (found version "3.0.13")  
[0.766s] -- Found FastRTPS: /opt/ros/jazzy/include (Required is at least version "2.13") 
[0.784s] -- Using RMW implementation 'rmw_fastrtps_cpp' as default
[0.847s] -- Found std_srvs: 5.3.7 (/opt/ros/jazzy/share/std_srvs/cmake)
[0.861s] -- Found tf2: 0.36.20 (/opt/ros/jazzy/share/tf2/cmake)
[0.866s] -- Found tf2_ros: 0.36.20 (/opt/ros/jazzy/share/tf2_ros/cmake)
[1.024s] -- Configuring done (1.0s)
[1.044s] -- Generating done (0.0s)
[1.050s] -- Build files have been written to: /home/zhettus/ros2_ws/build/tutorial_pkg
[1.058s] Invoked command in '/home/zhettus/ros2_ws/build/tutorial_pkg' returned '0': CMAKE_PREFIX_PATH=${CMAKE_PREFIX_PATH}:/opt/ros/jazzy /usr/bin/cmake /home/zhettus/ros2_ws/src/tutorial_pkg -DCMAKE_INSTALL_PREFIX=/home/zhettus/ros2_ws/install/tutorial_pkg
[1.058s] Invoking command in '/home/zhettus/ros2_ws/build/tutorial_pkg': CMAKE_PREFIX_PATH=${CMAKE_PREFIX_PATH}:/opt/ros/jazzy /usr/bin/cmake --build /home/zhettus/ros2_ws/build/tutorial_pkg -- -j6 -l6
[1.091s] [ 25%] [32mBuilding CXX object CMakeFiles/tracker.dir/src/tracker.cpp.o[0m
[1.091s] [ 25%] [32mBuilding CXX object CMakeFiles/tf_listener.dir/src/tf_listener.cpp.o[0m
[1.093s] [ 37%] [32mBuilding CXX object CMakeFiles/tf_broadcaster.dir/src/tf_broadcaster.cpp.o[0m
[1.094s] [ 50%] [32mBuilding CXX object CMakeFiles/my_first_node.dir/src/my_first_node.cpp.o[0m
[1.297s] [01m[K/home/zhettus/ros2_ws/src/tutorial_pkg/src/tracker.cpp:2:10:[m[K [01;31m[Kfatal error: [m[Kcv_bridge/cv_bridge.h: No such file or directory
[1.297s]     2 | #include [01;31m[K<cv_bridge/cv_bridge.h>[m[K
[1.297s]       |          [01;31m[K^~~~~~~~~~~~~~~~~~~~~~~[m[K
[1.297s] compilation terminated.
[1.298s] gmake[2]: *** [CMakeFiles/tracker.dir/build.make:76: CMakeFiles/tracker.dir/src/tracker.cpp.o] Error 1
[1.298s] gmake[1]: *** [CMakeFiles/Makefile2:169: CMakeFiles/tracker.dir/all] Error 2
[1.298s] gmake[1]: *** Waiting for unfinished jobs....
[2.469s] [01m[K/home/zhettus/ros2_ws/src/tutorial_pkg/src/my_first_node.cpp:[m[K In member function ‘[01m[Kvoid MyNode::[01;32m[Kcounter_callback[m[K(std_srvs::srv::Trigger_Request_<std::allocator<void> >::SharedPtr, std_srvs::srv::Trigger_Response_<std::allocator<void> >::SharedPtr)[m[K’:
[2.469s] [01m[K/home/zhettus/ros2_ws/src/tutorial_pkg/src/my_first_node.cpp:61:54:[m[K [01;35m[Kwarning: [m[Kunused parameter ‘[01m[Kreq[m[K’ [[01;35m[K]8;;https://gcc.gnu.org/onlinedocs/gcc/Warning-Options.html#index-Wunused-parameter-Wunused-parameter]8;;[m[K]
[2.469s]    61 |     [01;35m[Kconst std_srvs::srv::Trigger::Request::SharedPtr req[m[K,
[2.469s]       |     [01;35m[K~~~~~~~~~~~~~~~~~~~~~~~~~~~~~~~~~~~~~~~~~~~~~~~~~^~~[m[K
[3.641s] [ 62%] [32m[1mLinking CXX executable tf_listener[0m
[3.684s] [ 75%] [32m[1mLinking CXX executable tf_broadcaster[0m
[3.757s] [ 75%] Built target tf_listener
[3.800s] [ 75%] Built target tf_broadcaster
[6.183s] [ 87%] [32m[1mLinking CXX executable my_first_node[0m
[6.402s] [ 87%] Built target my_first_node
[6.403s] gmake: *** [Makefile:146: all] Error 2
[6.405s] Invoked command in '/home/zhettus/ros2_ws/build/tutorial_pkg' returned '2': CMAKE_PREFIX_PATH=${CMAKE_PREFIX_PATH}:/opt/ros/jazzy /usr/bin/cmake --build /home/zhettus/ros2_ws/build/tutorial_pkg -- -j6 -l6
