[0.054s] DEBUG:colcon:Command line arguments: ['/usr/bin/colcon', 'build']
[0.054s] DEBUG:colcon:Parsed command line arguments: Namespace(log_base=None, log_level=None, verb_name='build', build_base='build', install_base='install', merge_install=False, symlink_install=False, test_result_base=None, continue_on_error=False, executor='parallel', parallel_workers=6, event_handlers=None, ignore_user_meta=False, metas=['./colcon.meta'], base_paths=['.'], packages_ignore=None, packages_ignore_regex=None, paths=None, packages_up_to=None, packages_up_to_regex=None, packages_above=None, packages_above_and_dependencies=None, packages_above_depth=None, packages_select_by_dep=None, packages_skip_by_dep=None, packages_skip_up_to=None, packages_select_build_failed=False, packages_skip_build_finished=False, packages_select_test_failures=False, packages_skip_test_passed=False, packages_select=None, packages_skip=None, packages_select_regex=None, packages_skip_regex=None, packages_start=None, packages_end=None, allow_overriding=[], cmake_args=None, cmake_target=None, cmake_target_skip_unavailable=False, cmake_clean_cache=False, cmake_clean_first=False, cmake_force_configure=False, ament_cmake_args=None, catkin_cmake_args=None, catkin_skip_building_tests=False, verb_parser=<colcon_defaults.argument_parser.defaults.DefaultArgumentsDecorator object at 0xe2e46b6aac00>, verb_extension=<colcon_core.verb.build.BuildVerb object at 0xe2e46b6aa8a0>, main=<bound method BuildVerb.main of <colcon_core.verb.build.BuildVerb object at 0xe2e46b6aa8a0>>)
[0.073s] Level 1:colcon.colcon_core.package_discovery:discover_packages(colcon_meta) check parameters
[0.073s] Level 1:colcon.colcon_core.package_discovery:discover_packages(recursive) check parameters
[0.073s] Level 1:colcon.colcon_core.package_discovery:discover_packages(ignore) check parameters
[0.073s] Level 1:colcon.colcon_core.package_discovery:discover_packages(path) check parameters
[0.073s] Level 1:colcon.colcon_core.package_discovery:discover_packages(colcon_meta) discover
[0.073s] Level 1:colcon.colcon_core.package_discovery:discover_packages(recursive) discover
[0.073s] INFO:colcon.colcon_core.package_discovery:Crawling recursively for packages in '/home/zhettus/ros2_ws'
[0.073s] Level 1:colcon.colcon_core.package_identification:_identify(.) by extensions ['ignore', 'ignore_ament_install']
[0.073s] Level 1:colcon.colcon_core.package_identification:_identify(.) by extension 'ignore'
[0.073s] Level 1:colcon.colcon_core.package_identification:_identify(.) by extension 'ignore_ament_install'
[0.073s] Level 1:colcon.colcon_core.package_identification:_identify(.) by extensions ['colcon_pkg']
[0.073s] Level 1:colcon.colcon_core.package_identification:_identify(.) by extension 'colcon_pkg'
[0.073s] Level 1:colcon.colcon_core.package_identification:_identify(.) by extensions ['colcon_meta']
[0.073s] Level 1:colcon.colcon_core.package_identification:_identify(.) by extension 'colcon_meta'
[0.073s] Level 1:colcon.colcon_core.package_identification:_identify(.) by extensions ['ros']
[0.073s] Level 1:colcon.colcon_core.package_identification:_identify(.) by extension 'ros'
[0.087s] Level 1:colcon.colcon_core.package_identification:_identify(.) by extensions ['cmake', 'python']
[0.087s] Level 1:colcon.colcon_core.package_identification:_identify(.) by extension 'cmake'
[0.087s] Level 1:colcon.colcon_core.package_identification:_identify(.) by extension 'python'
[0.087s] Level 1:colcon.colcon_core.package_identification:_identify(.) by extensions ['python_setup_py']
[0.087s] Level 1:colcon.colcon_core.package_identification:_identify(.) by extension 'python_setup_py'
[0.087s] Level 1:colcon.colcon_core.package_identification:_identify(__pycache__) by extensions ['ignore', 'ignore_ament_install']
[0.087s] Level 1:colcon.colcon_core.package_identification:_identify(__pycache__) by extension 'ignore'
[0.087s] Level 1:colcon.colcon_core.package_identification:_identify(__pycache__) by extension 'ignore_ament_install'
[0.087s] Level 1:colcon.colcon_core.package_identification:_identify(__pycache__) by extensions ['colcon_pkg']
[0.087s] Level 1:colcon.colcon_core.package_identification:_identify(__pycache__) by extension 'colcon_pkg'
[0.087s] Level 1:colcon.colcon_core.package_identification:_identify(__pycache__) by extensions ['colcon_meta']
[0.087s] Level 1:colcon.colcon_core.package_identification:_identify(__pycache__) by extension 'colcon_meta'
[0.087s] Level 1:colcon.colcon_core.package_identification:_identify(__pycache__) by extensions ['ros']
[0.087s] Level 1:colcon.colcon_core.package_identification:_identify(__pycache__) by extension 'ros'
[0.087s] Level 1:colcon.colcon_core.package_identification:_identify(__pycache__) by extensions ['cmake', 'python']
[0.087s] Level 1:colcon.colcon_core.package_identification:_identify(__pycache__) by extension 'cmake'
[0.087s] Level 1:colcon.colcon_core.package_identification:_identify(__pycache__) by extension 'python'
[0.087s] Level 1:colcon.colcon_core.package_identification:_identify(__pycache__) by extensions ['python_setup_py']
[0.087s] Level 1:colcon.colcon_core.package_identification:_identify(__pycache__) by extension 'python_setup_py'
[0.087s] Level 1:colcon.colcon_core.package_identification:_identify(build) by extensions ['ignore', 'ignore_ament_install']
[0.087s] Level 1:colcon.colcon_core.package_identification:_identify(build) by extension 'ignore'
[0.087s] Level 1:colcon.colcon_core.package_identification:_identify(build) ignored
[0.087s] Level 1:colcon.colcon_core.package_identification:_identify(install) by extensions ['ignore', 'ignore_ament_install']
[0.087s] Level 1:colcon.colcon_core.package_identification:_identify(install) by extension 'ignore'
[0.087s] Level 1:colcon.colcon_core.package_identification:_identify(install) ignored
[0.087s] Level 1:colcon.colcon_core.package_identification:_identify(log) by extensions ['ignore', 'ignore_ament_install']
[0.087s] Level 1:colcon.colcon_core.package_identification:_identify(log) by extension 'ignore'
[0.087s] Level 1:colcon.colcon_core.package_identification:_identify(log) ignored
[0.087s] Level 1:colcon.colcon_core.package_identification:_identify(src) by extensions ['ignore', 'ignore_ament_install']
[0.087s] Level 1:colcon.colcon_core.package_identification:_identify(src) by extension 'ignore'
[0.087s] Level 1:colcon.colcon_core.package_identification:_identify(src) by extension 'ignore_ament_install'
[0.087s] Level 1:colcon.colcon_core.package_identification:_identify(src) by extensions ['colcon_pkg']
[0.087s] Level 1:colcon.colcon_core.package_identification:_identify(src) by extension 'colcon_pkg'
[0.088s] Level 1:colcon.colcon_core.package_identification:_identify(src) by extensions ['colcon_meta']
[0.088s] Level 1:colcon.colcon_core.package_identification:_identify(src) by extension 'colcon_meta'
[0.088s] Level 1:colcon.colcon_core.package_identification:_identify(src) by extensions ['ros']
[0.088s] Level 1:colcon.colcon_core.package_identification:_identify(src) by extension 'ros'
[0.088s] Level 1:colcon.colcon_core.package_identification:_identify(src) by extensions ['cmake', 'python']
[0.088s] Level 1:colcon.colcon_core.package_identification:_identify(src) by extension 'cmake'
[0.088s] Level 1:colcon.colcon_core.package_identification:_identify(src) by extension 'python'
[0.088s] Level 1:colcon.colcon_core.package_identification:_identify(src) by extensions ['python_setup_py']
[0.088s] Level 1:colcon.colcon_core.package_identification:_identify(src) by extension 'python_setup_py'
[0.088s] Level 1:colcon.colcon_core.package_identification:_identify(src/rosbot_xl_ros) by extensions ['ignore', 'ignore_ament_install']
[0.088s] Level 1:colcon.colcon_core.package_identification:_identify(src/rosbot_xl_ros) by extension 'ignore'
[0.088s] Level 1:colcon.colcon_core.package_identification:_identify(src/rosbot_xl_ros) by extension 'ignore_ament_install'
[0.088s] Level 1:colcon.colcon_core.package_identification:_identify(src/rosbot_xl_ros) by extensions ['colcon_pkg']
[0.088s] Level 1:colcon.colcon_core.package_identification:_identify(src/rosbot_xl_ros) by extension 'colcon_pkg'
[0.088s] Level 1:colcon.colcon_core.package_identification:_identify(src/rosbot_xl_ros) by extensions ['colcon_meta']
[0.088s] Level 1:colcon.colcon_core.package_identification:_identify(src/rosbot_xl_ros) by extension 'colcon_meta'
[0.088s] Level 1:colcon.colcon_core.package_identification:_identify(src/rosbot_xl_ros) by extensions ['ros']
[0.088s] Level 1:colcon.colcon_core.package_identification:_identify(src/rosbot_xl_ros) by extension 'ros'
[0.088s] Level 1:colcon.colcon_core.package_identification:_identify(src/rosbot_xl_ros) by extensions ['cmake', 'python']
[0.088s] Level 1:colcon.colcon_core.package_identification:_identify(src/rosbot_xl_ros) by extension 'cmake'
[0.088s] Level 1:colcon.colcon_core.package_identification:_identify(src/rosbot_xl_ros) by extension 'python'
[0.088s] Level 1:colcon.colcon_core.package_identification:_identify(src/rosbot_xl_ros) by extensions ['python_setup_py']
[0.088s] Level 1:colcon.colcon_core.package_identification:_identify(src/rosbot_xl_ros) by extension 'python_setup_py'
[0.088s] Level 1:colcon.colcon_core.package_identification:_identify(src/rosbot_xl_ros/docker) by extensions ['ignore', 'ignore_ament_install']
[0.088s] Level 1:colcon.colcon_core.package_identification:_identify(src/rosbot_xl_ros/docker) by extension 'ignore'
[0.088s] Level 1:colcon.colcon_core.package_identification:_identify(src/rosbot_xl_ros/docker) by extension 'ignore_ament_install'
[0.088s] Level 1:colcon.colcon_core.package_identification:_identify(src/rosbot_xl_ros/docker) by extensions ['colcon_pkg']
[0.088s] Level 1:colcon.colcon_core.package_identification:_identify(src/rosbot_xl_ros/docker) by extension 'colcon_pkg'
[0.088s] Level 1:colcon.colcon_core.package_identification:_identify(src/rosbot_xl_ros/docker) by extensions ['colcon_meta']
[0.088s] Level 1:colcon.colcon_core.package_identification:_identify(src/rosbot_xl_ros/docker) by extension 'colcon_meta'
[0.088s] Level 1:colcon.colcon_core.package_identification:_identify(src/rosbot_xl_ros/docker) by extensions ['ros']
[0.088s] Level 1:colcon.colcon_core.package_identification:_identify(src/rosbot_xl_ros/docker) by extension 'ros'
[0.088s] Level 1:colcon.colcon_core.package_identification:_identify(src/rosbot_xl_ros/docker) by extensions ['cmake', 'python']
[0.088s] Level 1:colcon.colcon_core.package_identification:_identify(src/rosbot_xl_ros/docker) by extension 'cmake'
[0.088s] Level 1:colcon.colcon_core.package_identification:_identify(src/rosbot_xl_ros/docker) by extension 'python'
[0.088s] Level 1:colcon.colcon_core.package_identification:_identify(src/rosbot_xl_ros/docker) by extensions ['python_setup_py']
[0.088s] Level 1:colcon.colcon_core.package_identification:_identify(src/rosbot_xl_ros/docker) by extension 'python_setup_py'
[0.088s] Level 1:colcon.colcon_core.package_identification:_identify(src/rosbot_xl_ros/rosbot) by extensions ['ignore', 'ignore_ament_install']
[0.089s] Level 1:colcon.colcon_core.package_identification:_identify(src/rosbot_xl_ros/rosbot) by extension 'ignore'
[0.089s] Level 1:colcon.colcon_core.package_identification:_identify(src/rosbot_xl_ros/rosbot) by extension 'ignore_ament_install'
[0.089s] Level 1:colcon.colcon_core.package_identification:_identify(src/rosbot_xl_ros/rosbot) by extensions ['colcon_pkg']
[0.089s] Level 1:colcon.colcon_core.package_identification:_identify(src/rosbot_xl_ros/rosbot) by extension 'colcon_pkg'
[0.089s] Level 1:colcon.colcon_core.package_identification:_identify(src/rosbot_xl_ros/rosbot) by extensions ['colcon_meta']
[0.089s] Level 1:colcon.colcon_core.package_identification:_identify(src/rosbot_xl_ros/rosbot) by extension 'colcon_meta'
[0.089s] Level 1:colcon.colcon_core.package_identification:_identify(src/rosbot_xl_ros/rosbot) by extensions ['ros']
[0.089s] Level 1:colcon.colcon_core.package_identification:_identify(src/rosbot_xl_ros/rosbot) by extension 'ros'
[0.092s] DEBUG:colcon.colcon_core.package_identification:Package 'src/rosbot_xl_ros/rosbot' with type 'ros.ament_cmake' and name 'rosbot'
[0.092s] Level 1:colcon.colcon_core.package_identification:_identify(src/rosbot_xl_ros/rosbot_bringup) by extensions ['ignore', 'ignore_ament_install']
[0.092s] Level 1:colcon.colcon_core.package_identification:_identify(src/rosbot_xl_ros/rosbot_bringup) by extension 'ignore'
[0.092s] Level 1:colcon.colcon_core.package_identification:_identify(src/rosbot_xl_ros/rosbot_bringup) by extension 'ignore_ament_install'
[0.092s] Level 1:colcon.colcon_core.package_identification:_identify(src/rosbot_xl_ros/rosbot_bringup) by extensions ['colcon_pkg']
[0.092s] Level 1:colcon.colcon_core.package_identification:_identify(src/rosbot_xl_ros/rosbot_bringup) by extension 'colcon_pkg'
[0.092s] Level 1:colcon.colcon_core.package_identification:_identify(src/rosbot_xl_ros/rosbot_bringup) by extensions ['colcon_meta']
[0.092s] Level 1:colcon.colcon_core.package_identification:_identify(src/rosbot_xl_ros/rosbot_bringup) by extension 'colcon_meta'
[0.092s] Level 1:colcon.colcon_core.package_identification:_identify(src/rosbot_xl_ros/rosbot_bringup) by extensions ['ros']
[0.092s] Level 1:colcon.colcon_core.package_identification:_identify(src/rosbot_xl_ros/rosbot_bringup) by extension 'ros'
[0.094s] DEBUG:colcon.colcon_core.package_identification:Package 'src/rosbot_xl_ros/rosbot_bringup' with type 'ros.ament_python' and name 'rosbot_bringup'
[0.094s] Level 1:colcon.colcon_core.package_identification:_identify(src/rosbot_xl_ros/rosbot_controller) by extensions ['ignore', 'ignore_ament_install']
[0.094s] Level 1:colcon.colcon_core.package_identification:_identify(src/rosbot_xl_ros/rosbot_controller) by extension 'ignore'
[0.094s] Level 1:colcon.colcon_core.package_identification:_identify(src/rosbot_xl_ros/rosbot_controller) by extension 'ignore_ament_install'
[0.094s] Level 1:colcon.colcon_core.package_identification:_identify(src/rosbot_xl_ros/rosbot_controller) by extensions ['colcon_pkg']
[0.094s] Level 1:colcon.colcon_core.package_identification:_identify(src/rosbot_xl_ros/rosbot_controller) by extension 'colcon_pkg'
[0.094s] Level 1:colcon.colcon_core.package_identification:_identify(src/rosbot_xl_ros/rosbot_controller) by extensions ['colcon_meta']
[0.094s] Level 1:colcon.colcon_core.package_identification:_identify(src/rosbot_xl_ros/rosbot_controller) by extension 'colcon_meta'
[0.094s] Level 1:colcon.colcon_core.package_identification:_identify(src/rosbot_xl_ros/rosbot_controller) by extensions ['ros']
[0.094s] Level 1:colcon.colcon_core.package_identification:_identify(src/rosbot_xl_ros/rosbot_controller) by extension 'ros'
[0.094s] DEBUG:colcon.colcon_core.package_identification:Package 'src/rosbot_xl_ros/rosbot_controller' with type 'ros.ament_python' and name 'rosbot_controller'
[0.094s] Level 1:colcon.colcon_core.package_identification:_identify(src/rosbot_xl_ros/rosbot_description) by extensions ['ignore', 'ignore_ament_install']
[0.094s] Level 1:colcon.colcon_core.package_identification:_identify(src/rosbot_xl_ros/rosbot_description) by extension 'ignore'
[0.094s] Level 1:colcon.colcon_core.package_identification:_identify(src/rosbot_xl_ros/rosbot_description) by extension 'ignore_ament_install'
[0.094s] Level 1:colcon.colcon_core.package_identification:_identify(src/rosbot_xl_ros/rosbot_description) by extensions ['colcon_pkg']
[0.094s] Level 1:colcon.colcon_core.package_identification:_identify(src/rosbot_xl_ros/rosbot_description) by extension 'colcon_pkg'
[0.094s] Level 1:colcon.colcon_core.package_identification:_identify(src/rosbot_xl_ros/rosbot_description) by extensions ['colcon_meta']
[0.094s] Level 1:colcon.colcon_core.package_identification:_identify(src/rosbot_xl_ros/rosbot_description) by extension 'colcon_meta'
[0.094s] Level 1:colcon.colcon_core.package_identification:_identify(src/rosbot_xl_ros/rosbot_description) by extensions ['ros']
[0.094s] Level 1:colcon.colcon_core.package_identification:_identify(src/rosbot_xl_ros/rosbot_description) by extension 'ros'
[0.095s] DEBUG:colcon.colcon_core.package_identification:Package 'src/rosbot_xl_ros/rosbot_description' with type 'ros.ament_cmake' and name 'rosbot_description'
[0.095s] Level 1:colcon.colcon_core.package_identification:_identify(src/rosbot_xl_ros/rosbot_gazebo) by extensions ['ignore', 'ignore_ament_install']
[0.095s] Level 1:colcon.colcon_core.package_identification:_identify(src/rosbot_xl_ros/rosbot_gazebo) by extension 'ignore'
[0.095s] Level 1:colcon.colcon_core.package_identification:_identify(src/rosbot_xl_ros/rosbot_gazebo) by extension 'ignore_ament_install'
[0.095s] Level 1:colcon.colcon_core.package_identification:_identify(src/rosbot_xl_ros/rosbot_gazebo) by extensions ['colcon_pkg']
[0.095s] Level 1:colcon.colcon_core.package_identification:_identify(src/rosbot_xl_ros/rosbot_gazebo) by extension 'colcon_pkg'
[0.095s] Level 1:colcon.colcon_core.package_identification:_identify(src/rosbot_xl_ros/rosbot_gazebo) by extensions ['colcon_meta']
[0.095s] Level 1:colcon.colcon_core.package_identification:_identify(src/rosbot_xl_ros/rosbot_gazebo) by extension 'colcon_meta'
[0.095s] Level 1:colcon.colcon_core.package_identification:_identify(src/rosbot_xl_ros/rosbot_gazebo) by extensions ['ros']
[0.095s] Level 1:colcon.colcon_core.package_identification:_identify(src/rosbot_xl_ros/rosbot_gazebo) by extension 'ros'
[0.097s] DEBUG:colcon.colcon_core.package_identification:Package 'src/rosbot_xl_ros/rosbot_gazebo' with type 'ros.ament_python' and name 'rosbot_gazebo'
[0.097s] Level 1:colcon.colcon_core.package_identification:_identify(src/rosbot_xl_ros/rosbot_utils) by extensions ['ignore', 'ignore_ament_install']
[0.097s] Level 1:colcon.colcon_core.package_identification:_identify(src/rosbot_xl_ros/rosbot_utils) by extension 'ignore'
[0.097s] Level 1:colcon.colcon_core.package_identification:_identify(src/rosbot_xl_ros/rosbot_utils) by extension 'ignore_ament_install'
[0.097s] Level 1:colcon.colcon_core.package_identification:_identify(src/rosbot_xl_ros/rosbot_utils) by extensions ['colcon_pkg']
[0.097s] Level 1:colcon.colcon_core.package_identification:_identify(src/rosbot_xl_ros/rosbot_utils) by extension 'colcon_pkg'
[0.097s] Level 1:colcon.colcon_core.package_identification:_identify(src/rosbot_xl_ros/rosbot_utils) by extensions ['colcon_meta']
[0.097s] Level 1:colcon.colcon_core.package_identification:_identify(src/rosbot_xl_ros/rosbot_utils) by extension 'colcon_meta'
[0.097s] Level 1:colcon.colcon_core.package_identification:_identify(src/rosbot_xl_ros/rosbot_utils) by extensions ['ros']
[0.097s] Level 1:colcon.colcon_core.package_identification:_identify(src/rosbot_xl_ros/rosbot_utils) by extension 'ros'
[0.097s] DEBUG:colcon.colcon_core.package_identification:Package 'src/rosbot_xl_ros/rosbot_utils' with type 'ros.ament_python' and name 'rosbot_utils'
[0.097s] Level 1:colcon.colcon_core.package_identification:_identify(src/test) by extensions ['ignore', 'ignore_ament_install']
[0.097s] Level 1:colcon.colcon_core.package_identification:_identify(src/test) by extension 'ignore'
[0.098s] Level 1:colcon.colcon_core.package_identification:_identify(src/test) by extension 'ignore_ament_install'
[0.098s] Level 1:colcon.colcon_core.package_identification:_identify(src/test) by extensions ['colcon_pkg']
[0.098s] Level 1:colcon.colcon_core.package_identification:_identify(src/test) by extension 'colcon_pkg'
[0.098s] Level 1:colcon.colcon_core.package_identification:_identify(src/test) by extensions ['colcon_meta']
[0.098s] Level 1:colcon.colcon_core.package_identification:_identify(src/test) by extension 'colcon_meta'
[0.098s] Level 1:colcon.colcon_core.package_identification:_identify(src/test) by extensions ['ros']
[0.098s] Level 1:colcon.colcon_core.package_identification:_identify(src/test) by extension 'ros'
[0.098s] DEBUG:colcon.colcon_core.package_identification:Package 'src/test' with type 'ros.ament_cmake' and name 'test'
[0.098s] Level 1:colcon.colcon_core.package_identification:_identify(src/tutorial_pkg) by extensions ['ignore', 'ignore_ament_install']
[0.098s] Level 1:colcon.colcon_core.package_identification:_identify(src/tutorial_pkg) by extension 'ignore'
[0.098s] Level 1:colcon.colcon_core.package_identification:_identify(src/tutorial_pkg) by extension 'ignore_ament_install'
[0.098s] Level 1:colcon.colcon_core.package_identification:_identify(src/tutorial_pkg) by extensions ['colcon_pkg']
[0.098s] Level 1:colcon.colcon_core.package_identification:_identify(src/tutorial_pkg) by extension 'colcon_pkg'
[0.098s] Level 1:colcon.colcon_core.package_identification:_identify(src/tutorial_pkg) by extensions ['colcon_meta']
[0.098s] Level 1:colcon.colcon_core.package_identification:_identify(src/tutorial_pkg) by extension 'colcon_meta'
[0.098s] Level 1:colcon.colcon_core.package_identification:_identify(src/tutorial_pkg) by extensions ['ros']
[0.098s] Level 1:colcon.colcon_core.package_identification:_identify(src/tutorial_pkg) by extension 'ros'
[0.099s] DEBUG:colcon.colcon_core.package_identification:Package 'src/tutorial_pkg' with type 'ros.ament_cmake' and name 'tutorial_pkg'
[0.099s] Level 1:colcon.colcon_core.package_discovery:discover_packages(recursive) using defaults
[0.099s] Level 1:colcon.colcon_core.package_discovery:discover_packages(ignore) discover
[0.099s] Level 1:colcon.colcon_core.package_discovery:discover_packages(ignore) using defaults
[0.099s] Level 1:colcon.colcon_core.package_discovery:discover_packages(path) discover
[0.099s] Level 1:colcon.colcon_core.package_discovery:discover_packages(path) using defaults
[0.108s] Level 1:colcon.colcon_core.package_discovery:discover_packages(prefix_path) check parameters
[0.108s] Level 1:colcon.colcon_core.package_discovery:discover_packages(prefix_path) discover
[0.109s] WARNING:colcon.colcon_ros.prefix_path.ament:The path '/home/zhettus/ros2_ws/install/rosbot_moveit' in the environment variable AMENT_PREFIX_PATH doesn't exist
[0.109s] WARNING:colcon.colcon_ros.prefix_path.ament:The path '/home/zhettus/ros2_ws/install/rosbot_localization' in the environment variable AMENT_PREFIX_PATH doesn't exist
[0.109s] WARNING:colcon.colcon_ros.prefix_path.ament:The path '/home/zhettus/ros2_ws/install/rosbot_joy' in the environment variable AMENT_PREFIX_PATH doesn't exist
[0.109s] WARNING:colcon.colcon_ros.prefix_path.ament:The path '/home/zhettus/ros2_ws/install/rosbot_hardware_interfaces' in the environment variable AMENT_PREFIX_PATH doesn't exist
[0.109s] WARNING:colcon.colcon_ros.prefix_path.catkin:The path '/home/zhettus/ros2_ws/install/rosbot_moveit' in the environment variable CMAKE_PREFIX_PATH doesn't exist
[0.109s] WARNING:colcon.colcon_ros.prefix_path.catkin:The path '/home/zhettus/ros2_ws/install/rosbot_localization' in the environment variable CMAKE_PREFIX_PATH doesn't exist
[0.109s] WARNING:colcon.colcon_ros.prefix_path.catkin:The path '/home/zhettus/ros2_ws/install/rosbot_joy' in the environment variable CMAKE_PREFIX_PATH doesn't exist
[0.109s] WARNING:colcon.colcon_ros.prefix_path.catkin:The path '/home/zhettus/ros2_ws/install/rosbot_hardware_interfaces' in the environment variable CMAKE_PREFIX_PATH doesn't exist
[0.110s] DEBUG:colcon.colcon_installed_package_information.package_discovery:Found 8 installed packages in /home/zhettus/ros2_ws/install
[0.111s] DEBUG:colcon.colcon_installed_package_information.package_discovery:Found 458 installed packages in /opt/ros/jazzy
[0.112s] Level 1:colcon.colcon_core.package_discovery:discover_packages(prefix_path) using defaults
[0.151s] Level 5:colcon.colcon_core.verb:set package 'rosbot' build argument 'cmake_args' from command line to 'None'
[0.151s] Level 5:colcon.colcon_core.verb:set package 'rosbot' build argument 'cmake_target' from command line to 'None'
[0.151s] Level 5:colcon.colcon_core.verb:set package 'rosbot' build argument 'cmake_target_skip_unavailable' from command line to 'False'
[0.151s] Level 5:colcon.colcon_core.verb:set package 'rosbot' build argument 'cmake_clean_cache' from command line to 'False'
[0.151s] Level 5:colcon.colcon_core.verb:set package 'rosbot' build argument 'cmake_clean_first' from command line to 'False'
[0.151s] Level 5:colcon.colcon_core.verb:set package 'rosbot' build argument 'cmake_force_configure' from command line to 'False'
[0.151s] Level 5:colcon.colcon_core.verb:set package 'rosbot' build argument 'ament_cmake_args' from command line to 'None'
[0.151s] Level 5:colcon.colcon_core.verb:set package 'rosbot' build argument 'catkin_cmake_args' from command line to 'None'
[0.151s] Level 5:colcon.colcon_core.verb:set package 'rosbot' build argument 'catkin_skip_building_tests' from command line to 'False'
[0.151s] DEBUG:colcon.colcon_core.verb:Building package 'rosbot' with the following arguments: {'ament_cmake_args': None, 'build_base': '/home/zhettus/ros2_ws/build/rosbot', 'catkin_cmake_args': None, 'catkin_skip_building_tests': False, 'cmake_args': None, 'cmake_clean_cache': False, 'cmake_clean_first': False, 'cmake_force_configure': False, 'cmake_target': None, 'cmake_target_skip_unavailable': False, 'install_base': '/home/zhettus/ros2_ws/install/rosbot', 'merge_install': False, 'path': '/home/zhettus/ros2_ws/src/rosbot_xl_ros/rosbot', 'symlink_install': False, 'test_result_base': None}
[0.151s] Level 5:colcon.colcon_core.verb:set package 'rosbot_bringup' build argument 'cmake_args' from command line to 'None'
[0.151s] Level 5:colcon.colcon_core.verb:set package 'rosbot_bringup' build argument 'cmake_target' from command line to 'None'
[0.151s] Level 5:colcon.colcon_core.verb:set package 'rosbot_bringup' build argument 'cmake_target_skip_unavailable' from command line to 'False'
[0.151s] Level 5:colcon.colcon_core.verb:set package 'rosbot_bringup' build argument 'cmake_clean_cache' from command line to 'False'
[0.151s] Level 5:colcon.colcon_core.verb:set package 'rosbot_bringup' build argument 'cmake_clean_first' from command line to 'False'
[0.152s] Level 5:colcon.colcon_core.verb:set package 'rosbot_bringup' build argument 'cmake_force_configure' from command line to 'False'
[0.152s] Level 5:colcon.colcon_core.verb:set package 'rosbot_bringup' build argument 'ament_cmake_args' from command line to 'None'
[0.152s] Level 5:colcon.colcon_core.verb:set package 'rosbot_bringup' build argument 'catkin_cmake_args' from command line to 'None'
[0.152s] Level 5:colcon.colcon_core.verb:set package 'rosbot_bringup' build argument 'catkin_skip_building_tests' from command line to 'False'
[0.152s] DEBUG:colcon.colcon_core.verb:Building package 'rosbot_bringup' with the following arguments: {'ament_cmake_args': None, 'build_base': '/home/zhettus/ros2_ws/build/rosbot_bringup', 'catkin_cmake_args': None, 'catkin_skip_building_tests': False, 'cmake_args': None, 'cmake_clean_cache': False, 'cmake_clean_first': False, 'cmake_force_configure': False, 'cmake_target': None, 'cmake_target_skip_unavailable': False, 'install_base': '/home/zhettus/ros2_ws/install/rosbot_bringup', 'merge_install': False, 'path': '/home/zhettus/ros2_ws/src/rosbot_xl_ros/rosbot_bringup', 'symlink_install': False, 'test_result_base': None}
[0.152s] Level 5:colcon.colcon_core.verb:set package 'rosbot_description' build argument 'cmake_args' from command line to 'None'
[0.152s] Level 5:colcon.colcon_core.verb:set package 'rosbot_description' build argument 'cmake_target' from command line to 'None'
[0.152s] Level 5:colcon.colcon_core.verb:set package 'rosbot_description' build argument 'cmake_target_skip_unavailable' from command line to 'False'
[0.152s] Level 5:colcon.colcon_core.verb:set package 'rosbot_description' build argument 'cmake_clean_cache' from command line to 'False'
[0.152s] Level 5:colcon.colcon_core.verb:set package 'rosbot_description' build argument 'cmake_clean_first' from command line to 'False'
[0.152s] Level 5:colcon.colcon_core.verb:set package 'rosbot_description' build argument 'cmake_force_configure' from command line to 'False'
[0.152s] Level 5:colcon.colcon_core.verb:set package 'rosbot_description' build argument 'ament_cmake_args' from command line to 'None'
[0.152s] Level 5:colcon.colcon_core.verb:set package 'rosbot_description' build argument 'catkin_cmake_args' from command line to 'None'
[0.152s] Level 5:colcon.colcon_core.verb:set package 'rosbot_description' build argument 'catkin_skip_building_tests' from command line to 'False'
[0.152s] DEBUG:colcon.colcon_core.verb:Building package 'rosbot_description' with the following arguments: {'ament_cmake_args': None, 'build_base': '/home/zhettus/ros2_ws/build/rosbot_description', 'catkin_cmake_args': None, 'catkin_skip_building_tests': False, 'cmake_args': None, 'cmake_clean_cache': False, 'cmake_clean_first': False, 'cmake_force_configure': False, 'cmake_target': None, 'cmake_target_skip_unavailable': False, 'install_base': '/home/zhettus/ros2_ws/install/rosbot_description', 'merge_install': False, 'path': '/home/zhettus/ros2_ws/src/rosbot_xl_ros/rosbot_description', 'symlink_install': False, 'test_result_base': None}
[0.152s] Level 5:colcon.colcon_core.verb:set package 'rosbot_gazebo' build argument 'cmake_args' from command line to 'None'
[0.152s] Level 5:colcon.colcon_core.verb:set package 'rosbot_gazebo' build argument 'cmake_target' from command line to 'None'
[0.152s] Level 5:colcon.colcon_core.verb:set package 'rosbot_gazebo' build argument 'cmake_target_skip_unavailable' from command line to 'False'
[0.152s] Level 5:colcon.colcon_core.verb:set package 'rosbot_gazebo' build argument 'cmake_clean_cache' from command line to 'False'
[0.152s] Level 5:colcon.colcon_core.verb:set package 'rosbot_gazebo' build argument 'cmake_clean_first' from command line to 'False'
[0.152s] Level 5:colcon.colcon_core.verb:set package 'rosbot_gazebo' build argument 'cmake_force_configure' from command line to 'False'
[0.152s] Level 5:colcon.colcon_core.verb:set package 'rosbot_gazebo' build argument 'ament_cmake_args' from command line to 'None'
[0.152s] Level 5:colcon.colcon_core.verb:set package 'rosbot_gazebo' build argument 'catkin_cmake_args' from command line to 'None'
[0.152s] Level 5:colcon.colcon_core.verb:set package 'rosbot_gazebo' build argument 'catkin_skip_building_tests' from command line to 'False'
[0.152s] DEBUG:colcon.colcon_core.verb:Building package 'rosbot_gazebo' with the following arguments: {'ament_cmake_args': None, 'build_base': '/home/zhettus/ros2_ws/build/rosbot_gazebo', 'catkin_cmake_args': None, 'catkin_skip_building_tests': False, 'cmake_args': None, 'cmake_clean_cache': False, 'cmake_clean_first': False, 'cmake_force_configure': False, 'cmake_target': None, 'cmake_target_skip_unavailable': False, 'install_base': '/home/zhettus/ros2_ws/install/rosbot_gazebo', 'merge_install': False, 'path': '/home/zhettus/ros2_ws/src/rosbot_xl_ros/rosbot_gazebo', 'symlink_install': False, 'test_result_base': None}
[0.152s] Level 5:colcon.colcon_core.verb:set package 'rosbot_utils' build argument 'cmake_args' from command line to 'None'
[0.152s] Level 5:colcon.colcon_core.verb:set package 'rosbot_utils' build argument 'cmake_target' from command line to 'None'
[0.152s] Level 5:colcon.colcon_core.verb:set package 'rosbot_utils' build argument 'cmake_target_skip_unavailable' from command line to 'False'
[0.152s] Level 5:colcon.colcon_core.verb:set package 'rosbot_utils' build argument 'cmake_clean_cache' from command line to 'False'
[0.152s] Level 5:colcon.colcon_core.verb:set package 'rosbot_utils' build argument 'cmake_clean_first' from command line to 'False'
[0.152s] Level 5:colcon.colcon_core.verb:set package 'rosbot_utils' build argument 'cmake_force_configure' from command line to 'False'
[0.152s] Level 5:colcon.colcon_core.verb:set package 'rosbot_utils' build argument 'ament_cmake_args' from command line to 'None'
[0.152s] Level 5:colcon.colcon_core.verb:set package 'rosbot_utils' build argument 'catkin_cmake_args' from command line to 'None'
[0.152s] Level 5:colcon.colcon_core.verb:set package 'rosbot_utils' build argument 'catkin_skip_building_tests' from command line to 'False'
[0.152s] DEBUG:colcon.colcon_core.verb:Building package 'rosbot_utils' with the following arguments: {'ament_cmake_args': None, 'build_base': '/home/zhettus/ros2_ws/build/rosbot_utils', 'catkin_cmake_args': None, 'catkin_skip_building_tests': False, 'cmake_args': None, 'cmake_clean_cache': False, 'cmake_clean_first': False, 'cmake_force_configure': False, 'cmake_target': None, 'cmake_target_skip_unavailable': False, 'install_base': '/home/zhettus/ros2_ws/install/rosbot_utils', 'merge_install': False, 'path': '/home/zhettus/ros2_ws/src/rosbot_xl_ros/rosbot_utils', 'symlink_install': False, 'test_result_base': None}
[0.152s] Level 5:colcon.colcon_core.verb:set package 'test' build argument 'cmake_args' from command line to 'None'
[0.152s] Level 5:colcon.colcon_core.verb:set package 'test' build argument 'cmake_target' from command line to 'None'
[0.152s] Level 5:colcon.colcon_core.verb:set package 'test' build argument 'cmake_target_skip_unavailable' from command line to 'False'
[0.152s] Level 5:colcon.colcon_core.verb:set package 'test' build argument 'cmake_clean_cache' from command line to 'False'
[0.152s] Level 5:colcon.colcon_core.verb:set package 'test' build argument 'cmake_clean_first' from command line to 'False'
[0.152s] Level 5:colcon.colcon_core.verb:set package 'test' build argument 'cmake_force_configure' from command line to 'False'
[0.152s] Level 5:colcon.colcon_core.verb:set package 'test' build argument 'ament_cmake_args' from command line to 'None'
[0.152s] Level 5:colcon.colcon_core.verb:set package 'test' build argument 'catkin_cmake_args' from command line to 'None'
[0.152s] Level 5:colcon.colcon_core.verb:set package 'test' build argument 'catkin_skip_building_tests' from command line to 'False'
[0.152s] DEBUG:colcon.colcon_core.verb:Building package 'test' with the following arguments: {'ament_cmake_args': None, 'build_base': '/home/zhettus/ros2_ws/build/test', 'catkin_cmake_args': None, 'catkin_skip_building_tests': False, 'cmake_args': None, 'cmake_clean_cache': False, 'cmake_clean_first': False, 'cmake_force_configure': False, 'cmake_target': None, 'cmake_target_skip_unavailable': False, 'install_base': '/home/zhettus/ros2_ws/install/test', 'merge_install': False, 'path': '/home/zhettus/ros2_ws/src/test', 'symlink_install': False, 'test_result_base': None}
[0.152s] Level 5:colcon.colcon_core.verb:set package 'tutorial_pkg' build argument 'cmake_args' from command line to 'None'
[0.152s] Level 5:colcon.colcon_core.verb:set package 'tutorial_pkg' build argument 'cmake_target' from command line to 'None'
[0.152s] Level 5:colcon.colcon_core.verb:set package 'tutorial_pkg' build argument 'cmake_target_skip_unavailable' from command line to 'False'
[0.152s] Level 5:colcon.colcon_core.verb:set package 'tutorial_pkg' build argument 'cmake_clean_cache' from command line to 'False'
[0.153s] Level 5:colcon.colcon_core.verb:set package 'tutorial_pkg' build argument 'cmake_clean_first' from command line to 'False'
[0.153s] Level 5:colcon.colcon_core.verb:set package 'tutorial_pkg' build argument 'cmake_force_configure' from command line to 'False'
[0.153s] Level 5:colcon.colcon_core.verb:set package 'tutorial_pkg' build argument 'ament_cmake_args' from command line to 'None'
[0.153s] Level 5:colcon.colcon_core.verb:set package 'tutorial_pkg' build argument 'catkin_cmake_args' from command line to 'None'
[0.153s] Level 5:colcon.colcon_core.verb:set package 'tutorial_pkg' build argument 'catkin_skip_building_tests' from command line to 'False'
[0.153s] DEBUG:colcon.colcon_core.verb:Building package 'tutorial_pkg' with the following arguments: {'ament_cmake_args': None, 'build_base': '/home/zhettus/ros2_ws/build/tutorial_pkg', 'catkin_cmake_args': None, 'catkin_skip_building_tests': False, 'cmake_args': None, 'cmake_clean_cache': False, 'cmake_clean_first': False, 'cmake_force_configure': False, 'cmake_target': None, 'cmake_target_skip_unavailable': False, 'install_base': '/home/zhettus/ros2_ws/install/tutorial_pkg', 'merge_install': False, 'path': '/home/zhettus/ros2_ws/src/tutorial_pkg', 'symlink_install': False, 'test_result_base': None}
[0.153s] Level 5:colcon.colcon_core.verb:set package 'rosbot_controller' build argument 'cmake_args' from command line to 'None'
[0.153s] Level 5:colcon.colcon_core.verb:set package 'rosbot_controller' build argument 'cmake_target' from command line to 'None'
[0.153s] Level 5:colcon.colcon_core.verb:set package 'rosbot_controller' build argument 'cmake_target_skip_unavailable' from command line to 'False'
[0.153s] Level 5:colcon.colcon_core.verb:set package 'rosbot_controller' build argument 'cmake_clean_cache' from command line to 'False'
[0.153s] Level 5:colcon.colcon_core.verb:set package 'rosbot_controller' build argument 'cmake_clean_first' from command line to 'False'
[0.153s] Level 5:colcon.colcon_core.verb:set package 'rosbot_controller' build argument 'cmake_force_configure' from command line to 'False'
[0.153s] Level 5:colcon.colcon_core.verb:set package 'rosbot_controller' build argument 'ament_cmake_args' from command line to 'None'
[0.153s] Level 5:colcon.colcon_core.verb:set package 'rosbot_controller' build argument 'catkin_cmake_args' from command line to 'None'
[0.153s] Level 5:colcon.colcon_core.verb:set package 'rosbot_controller' build argument 'catkin_skip_building_tests' from command line to 'False'
[0.153s] DEBUG:colcon.colcon_core.verb:Building package 'rosbot_controller' with the following arguments: {'ament_cmake_args': None, 'build_base': '/home/zhettus/ros2_ws/build/rosbot_controller', 'catkin_cmake_args': None, 'catkin_skip_building_tests': False, 'cmake_args': None, 'cmake_clean_cache': False, 'cmake_clean_first': False, 'cmake_force_configure': False, 'cmake_target': None, 'cmake_target_skip_unavailable': False, 'install_base': '/home/zhettus/ros2_ws/install/rosbot_controller', 'merge_install': False, 'path': '/home/zhettus/ros2_ws/src/rosbot_xl_ros/rosbot_controller', 'symlink_install': False, 'test_result_base': None}
[0.153s] INFO:colcon.colcon_core.executor:Executing jobs using 'parallel' executor
[0.153s] DEBUG:colcon.colcon_parallel_executor.executor.parallel:run_until_complete
[0.154s] INFO:colcon.colcon_ros.task.ament_cmake.build:Building ROS package in '/home/zhettus/ros2_ws/src/rosbot_xl_ros/rosbot_description' with build type 'ament_cmake'
[0.154s] INFO:colcon.colcon_cmake.task.cmake.build:Building CMake package in '/home/zhettus/ros2_ws/src/rosbot_xl_ros/rosbot_description'
[0.155s] INFO:colcon.colcon_core.plugin_system:Skipping extension 'colcon_core.shell.bat': Not used on non-Windows systems
[0.155s] INFO:colcon.colcon_core.shell:Skip shell extension 'powershell' for command environment: Not usable outside of PowerShell
[0.155s] DEBUG:colcon.colcon_core.shell:Skip shell extension 'dsv' for command environment
[0.157s] INFO:colcon.colcon_ros.task.ament_cmake.build:Building ROS package in '/home/zhettus/ros2_ws/src/rosbot_xl_ros/rosbot' with build type 'ament_cmake'
[0.158s] INFO:colcon.colcon_cmake.task.cmake.build:Building CMake package in '/home/zhettus/ros2_ws/src/rosbot_xl_ros/rosbot'
[0.158s] INFO:colcon.colcon_core.shell:Skip shell extension 'powershell' for command environment: Not usable outside of PowerShell
[0.158s] DEBUG:colcon.colcon_core.shell:Skip shell extension 'dsv' for command environment
[0.160s] INFO:colcon.colcon_ros.task.ament_python.build:Building ROS package in '/home/zhettus/ros2_ws/src/rosbot_xl_ros/rosbot_bringup' with build type 'ament_python'
[0.160s] Level 1:colcon.colcon_core.shell:create_environment_hook('rosbot_bringup', 'ament_prefix_path')
[0.160s] INFO:colcon.colcon_core.shell:Creating environment hook '/home/zhettus/ros2_ws/install/rosbot_bringup/share/rosbot_bringup/hook/ament_prefix_path.ps1'
[0.161s] INFO:colcon.colcon_core.shell:Creating environment descriptor '/home/zhettus/ros2_ws/install/rosbot_bringup/share/rosbot_bringup/hook/ament_prefix_path.dsv'
[0.161s] INFO:colcon.colcon_core.shell:Creating environment hook '/home/zhettus/ros2_ws/install/rosbot_bringup/share/rosbot_bringup/hook/ament_prefix_path.sh'
[0.161s] INFO:colcon.colcon_core.shell:Skip shell extension 'powershell' for command environment: Not usable outside of PowerShell
[0.161s] DEBUG:colcon.colcon_core.shell:Skip shell extension 'dsv' for command environment
[0.164s] INFO:colcon.colcon_ros.task.ament_python.build:Building ROS package in '/home/zhettus/ros2_ws/src/rosbot_xl_ros/rosbot_gazebo' with build type 'ament_python'
[0.164s] Level 1:colcon.colcon_core.shell:create_environment_hook('rosbot_gazebo', 'ament_prefix_path')
[0.164s] INFO:colcon.colcon_core.shell:Creating environment hook '/home/zhettus/ros2_ws/install/rosbot_gazebo/share/rosbot_gazebo/hook/ament_prefix_path.ps1'
[0.164s] INFO:colcon.colcon_core.shell:Creating environment descriptor '/home/zhettus/ros2_ws/install/rosbot_gazebo/share/rosbot_gazebo/hook/ament_prefix_path.dsv'
[0.164s] INFO:colcon.colcon_core.shell:Creating environment hook '/home/zhettus/ros2_ws/install/rosbot_gazebo/share/rosbot_gazebo/hook/ament_prefix_path.sh'
[0.165s] INFO:colcon.colcon_core.shell:Skip shell extension 'powershell' for command environment: Not usable outside of PowerShell
[0.165s] DEBUG:colcon.colcon_core.shell:Skip shell extension 'dsv' for command environment
[0.167s] INFO:colcon.colcon_ros.task.ament_python.build:Building ROS package in '/home/zhettus/ros2_ws/src/rosbot_xl_ros/rosbot_utils' with build type 'ament_python'
[0.168s] Level 1:colcon.colcon_core.shell:create_environment_hook('rosbot_utils', 'ament_prefix_path')
[0.168s] INFO:colcon.colcon_core.shell:Creating environment hook '/home/zhettus/ros2_ws/install/rosbot_utils/share/rosbot_utils/hook/ament_prefix_path.ps1'
[0.168s] INFO:colcon.colcon_core.shell:Creating environment descriptor '/home/zhettus/ros2_ws/install/rosbot_utils/share/rosbot_utils/hook/ament_prefix_path.dsv'
[0.168s] INFO:colcon.colcon_core.shell:Creating environment hook '/home/zhettus/ros2_ws/install/rosbot_utils/share/rosbot_utils/hook/ament_prefix_path.sh'
[0.168s] INFO:colcon.colcon_core.shell:Skip shell extension 'powershell' for command environment: Not usable outside of PowerShell
[0.168s] DEBUG:colcon.colcon_core.shell:Skip shell extension 'dsv' for command environment
[0.171s] INFO:colcon.colcon_ros.task.ament_cmake.build:Building ROS package in '/home/zhettus/ros2_ws/src/test' with build type 'ament_cmake'
[0.171s] INFO:colcon.colcon_cmake.task.cmake.build:Building CMake package in '/home/zhettus/ros2_ws/src/test'
[0.171s] INFO:colcon.colcon_core.shell:Skip shell extension 'powershell' for command environment: Not usable outside of PowerShell
[0.171s] DEBUG:colcon.colcon_core.shell:Skip shell extension 'dsv' for command environment
[0.177s] DEBUG:colcon.colcon_core.event_handler.log_command:Invoking command in '/home/zhettus/ros2_ws/build/rosbot_description': CMAKE_PREFIX_PATH=${CMAKE_PREFIX_PATH}:/opt/ros/jazzy /usr/bin/cmake --build /home/zhettus/ros2_ws/build/rosbot_description -- -j6 -l6
[0.178s] DEBUG:colcon.colcon_core.event_handler.log_command:Invoking command in '/home/zhettus/ros2_ws/build/rosbot': CMAKE_PREFIX_PATH=${CMAKE_PREFIX_PATH}:/opt/ros/jazzy /usr/bin/cmake --build /home/zhettus/ros2_ws/build/rosbot -- -j6 -l6
[0.300s] INFO:colcon.colcon_core.task.python.build:Building Python package in '/home/zhettus/ros2_ws/src/rosbot_xl_ros/rosbot_bringup'
[0.300s] INFO:colcon.colcon_core.shell:Skip shell extension 'powershell' for command environment: Not usable outside of PowerShell
[0.300s] DEBUG:colcon.colcon_core.shell:Skip shell extension 'dsv' for command environment
[0.416s] INFO:colcon.colcon_core.task.python.build:Building Python package in '/home/zhettus/ros2_ws/src/rosbot_xl_ros/rosbot_gazebo'
[0.416s] INFO:colcon.colcon_core.shell:Skip shell extension 'powershell' for command environment: Not usable outside of PowerShell
[0.416s] DEBUG:colcon.colcon_core.shell:Skip shell extension 'dsv' for command environment
[0.530s] INFO:colcon.colcon_core.task.python.build:Building Python package in '/home/zhettus/ros2_ws/src/rosbot_xl_ros/rosbot_utils'
[0.531s] INFO:colcon.colcon_core.shell:Skip shell extension 'powershell' for command environment: Not usable outside of PowerShell
[0.531s] DEBUG:colcon.colcon_core.shell:Skip shell extension 'dsv' for command environment
[0.537s] DEBUG:colcon.colcon_core.event_handler.log_command:Invoking command in '/home/zhettus/ros2_ws/build/test': CMAKE_PREFIX_PATH=${CMAKE_PREFIX_PATH}:/opt/ros/jazzy /usr/bin/cmake --build /home/zhettus/ros2_ws/build/test -- -j6 -l6
[0.537s] DEBUG:colcon.colcon_core.event_handler.log_command:Invoked command in '/home/zhettus/ros2_ws/build/rosbot_description' returned '0': CMAKE_PREFIX_PATH=${CMAKE_PREFIX_PATH}:/opt/ros/jazzy /usr/bin/cmake --build /home/zhettus/ros2_ws/build/rosbot_description -- -j6 -l6
[0.542s] DEBUG:colcon.colcon_core.event_handler.log_command:Invoking command in '/home/zhettus/ros2_ws/build/rosbot_description': CMAKE_PREFIX_PATH=${CMAKE_PREFIX_PATH}:/opt/ros/jazzy /usr/bin/cmake --install /home/zhettus/ros2_ws/build/rosbot_description
[0.542s] DEBUG:colcon.colcon_core.event_handler.log_command:Invoked command in '/home/zhettus/ros2_ws/build/rosbot' returned '0': CMAKE_PREFIX_PATH=${CMAKE_PREFIX_PATH}:/opt/ros/jazzy /usr/bin/cmake --build /home/zhettus/ros2_ws/build/rosbot -- -j6 -l6
[0.543s] DEBUG:colcon.colcon_core.event_handler.log_command:Invoking command in '/home/zhettus/ros2_ws/build/rosbot': CMAKE_PREFIX_PATH=${CMAKE_PREFIX_PATH}:/opt/ros/jazzy /usr/bin/cmake --install /home/zhettus/ros2_ws/build/rosbot
[0.550s] Level 1:colcon.colcon_core.environment:create_environment_scripts_only(rosbot)
[0.551s] Level 1:colcon.colcon_core.environment:checking '/home/zhettus/ros2_ws/install/rosbot' for CMake module files
[0.551s] Level 1:colcon.colcon_core.environment:checking '/home/zhettus/ros2_ws/install/rosbot' for CMake config files
[0.551s] Level 1:colcon.colcon_core.shell:create_environment_hook('rosbot', 'cmake_prefix_path')
[0.551s] INFO:colcon.colcon_core.shell:Creating environment hook '/home/zhettus/ros2_ws/install/rosbot/share/rosbot/hook/cmake_prefix_path.ps1'
[0.551s] INFO:colcon.colcon_core.shell:Creating environment descriptor '/home/zhettus/ros2_ws/install/rosbot/share/rosbot/hook/cmake_prefix_path.dsv'
[0.552s] INFO:colcon.colcon_core.shell:Creating environment hook '/home/zhettus/ros2_ws/install/rosbot/share/rosbot/hook/cmake_prefix_path.sh'
[0.552s] Level 1:colcon.colcon_core.environment:checking '/home/zhettus/ros2_ws/install/rosbot/bin'
[0.552s] Level 1:colcon.colcon_core.environment:checking '/home/zhettus/ros2_ws/install/rosbot/lib/pkgconfig/rosbot.pc'
[0.552s] Level 1:colcon.colcon_core.environment:checking '/home/zhettus/ros2_ws/install/rosbot/lib/python3.12/site-packages'
[0.553s] Level 1:colcon.colcon_core.environment:checking '/home/zhettus/ros2_ws/install/rosbot/bin'
[0.553s] INFO:colcon.colcon_core.shell:Creating package script '/home/zhettus/ros2_ws/install/rosbot/share/rosbot/package.ps1'
[0.553s] INFO:colcon.colcon_core.shell:Creating package descriptor '/home/zhettus/ros2_ws/install/rosbot/share/rosbot/package.dsv'
[0.554s] INFO:colcon.colcon_core.shell:Creating package script '/home/zhettus/ros2_ws/install/rosbot/share/rosbot/package.sh'
[0.554s] INFO:colcon.colcon_core.shell:Creating package script '/home/zhettus/ros2_ws/install/rosbot/share/rosbot/package.bash'
[0.555s] INFO:colcon.colcon_core.shell:Creating package script '/home/zhettus/ros2_ws/install/rosbot/share/rosbot/package.zsh'
[0.555s] Level 1:colcon.colcon_core.environment:create_file_with_runtime_dependencies(/home/zhettus/ros2_ws/install/rosbot/share/colcon-core/packages/rosbot)
[0.556s] Level 1:colcon.colcon_core.environment:create_environment_scripts_only(rosbot)
[0.556s] Level 1:colcon.colcon_core.environment:checking '/home/zhettus/ros2_ws/install/rosbot' for CMake module files
[0.556s] Level 1:colcon.colcon_core.environment:checking '/home/zhettus/ros2_ws/install/rosbot' for CMake config files
[0.556s] Level 1:colcon.colcon_core.shell:create_environment_hook('rosbot', 'cmake_prefix_path')
[0.556s] INFO:colcon.colcon_core.shell:Creating environment hook '/home/zhettus/ros2_ws/install/rosbot/share/rosbot/hook/cmake_prefix_path.ps1'
[0.557s] INFO:colcon.colcon_core.shell:Creating environment descriptor '/home/zhettus/ros2_ws/install/rosbot/share/rosbot/hook/cmake_prefix_path.dsv'
[0.557s] INFO:colcon.colcon_core.shell:Creating environment hook '/home/zhettus/ros2_ws/install/rosbot/share/rosbot/hook/cmake_prefix_path.sh'
[0.557s] Level 1:colcon.colcon_core.environment:checking '/home/zhettus/ros2_ws/install/rosbot/bin'
[0.557s] Level 1:colcon.colcon_core.environment:checking '/home/zhettus/ros2_ws/install/rosbot/lib/pkgconfig/rosbot.pc'
[0.557s] Level 1:colcon.colcon_core.environment:checking '/home/zhettus/ros2_ws/install/rosbot/lib/python3.12/site-packages'
[0.557s] Level 1:colcon.colcon_core.environment:checking '/home/zhettus/ros2_ws/install/rosbot/bin'
[0.557s] INFO:colcon.colcon_core.shell:Creating package script '/home/zhettus/ros2_ws/install/rosbot/share/rosbot/package.ps1'
[0.558s] INFO:colcon.colcon_core.shell:Creating package descriptor '/home/zhettus/ros2_ws/install/rosbot/share/rosbot/package.dsv'
[0.559s] INFO:colcon.colcon_core.shell:Creating package script '/home/zhettus/ros2_ws/install/rosbot/share/rosbot/package.sh'
[0.560s] INFO:colcon.colcon_core.shell:Creating package script '/home/zhettus/ros2_ws/install/rosbot/share/rosbot/package.bash'
[0.560s] INFO:colcon.colcon_core.shell:Creating package script '/home/zhettus/ros2_ws/install/rosbot/share/rosbot/package.zsh'
[0.561s] Level 1:colcon.colcon_core.environment:create_file_with_runtime_dependencies(/home/zhettus/ros2_ws/install/rosbot/share/colcon-core/packages/rosbot)
[0.561s] INFO:colcon.colcon_ros.task.ament_cmake.build:Building ROS package in '/home/zhettus/ros2_ws/src/tutorial_pkg' with build type 'ament_cmake'
[0.562s] INFO:colcon.colcon_cmake.task.cmake.build:Building CMake package in '/home/zhettus/ros2_ws/src/tutorial_pkg'
[0.562s] INFO:colcon.colcon_core.shell:Skip shell extension 'powershell' for command environment: Not usable outside of PowerShell
[0.562s] DEBUG:colcon.colcon_core.shell:Skip shell extension 'dsv' for command environment
[0.562s] DEBUG:colcon.colcon_core.event_handler.log_command:Invoked command in '/home/zhettus/ros2_ws/build/rosbot' returned '0': CMAKE_PREFIX_PATH=${CMAKE_PREFIX_PATH}:/opt/ros/jazzy /usr/bin/cmake --install /home/zhettus/ros2_ws/build/rosbot
[0.567s] Level 1:colcon.colcon_core.environment:create_environment_scripts_only(rosbot_description)
[0.567s] Level 1:colcon.colcon_core.environment:checking '/home/zhettus/ros2_ws/install/rosbot_description' for CMake module files
[0.567s] DEBUG:colcon.colcon_core.event_handler.log_command:Invoked command in '/home/zhettus/ros2_ws/build/rosbot_description' returned '0': CMAKE_PREFIX_PATH=${CMAKE_PREFIX_PATH}:/opt/ros/jazzy /usr/bin/cmake --install /home/zhettus/ros2_ws/build/rosbot_description
[0.567s] Level 1:colcon.colcon_core.environment:checking '/home/zhettus/ros2_ws/install/rosbot_description' for CMake config files
[0.567s] Level 1:colcon.colcon_core.shell:create_environment_hook('rosbot_description', 'cmake_prefix_path')
[0.568s] INFO:colcon.colcon_core.shell:Creating environment hook '/home/zhettus/ros2_ws/install/rosbot_description/share/rosbot_description/hook/cmake_prefix_path.ps1'
[0.568s] INFO:colcon.colcon_core.shell:Creating environment descriptor '/home/zhettus/ros2_ws/install/rosbot_description/share/rosbot_description/hook/cmake_prefix_path.dsv'
[0.568s] INFO:colcon.colcon_core.shell:Creating environment hook '/home/zhettus/ros2_ws/install/rosbot_description/share/rosbot_description/hook/cmake_prefix_path.sh'
[0.568s] Level 1:colcon.colcon_core.environment:checking '/home/zhettus/ros2_ws/install/rosbot_description/bin'
[0.569s] Level 1:colcon.colcon_core.environment:checking '/home/zhettus/ros2_ws/install/rosbot_description/lib/pkgconfig/rosbot_description.pc'
[0.569s] Level 1:colcon.colcon_core.environment:checking '/home/zhettus/ros2_ws/install/rosbot_description/lib/python3.12/site-packages'
[0.569s] Level 1:colcon.colcon_core.environment:checking '/home/zhettus/ros2_ws/install/rosbot_description/bin'
[0.569s] INFO:colcon.colcon_core.shell:Creating package script '/home/zhettus/ros2_ws/install/rosbot_description/share/rosbot_description/package.ps1'
[0.569s] INFO:colcon.colcon_core.shell:Creating package descriptor '/home/zhettus/ros2_ws/install/rosbot_description/share/rosbot_description/package.dsv'
[0.570s] INFO:colcon.colcon_core.shell:Creating package script '/home/zhettus/ros2_ws/install/rosbot_description/share/rosbot_description/package.sh'
[0.570s] INFO:colcon.colcon_core.shell:Creating package script '/home/zhettus/ros2_ws/install/rosbot_description/share/rosbot_description/package.bash'
[0.570s] INFO:colcon.colcon_core.shell:Creating package script '/home/zhettus/ros2_ws/install/rosbot_description/share/rosbot_description/package.zsh'
[0.570s] Level 1:colcon.colcon_core.environment:create_file_with_runtime_dependencies(/home/zhettus/ros2_ws/install/rosbot_description/share/colcon-core/packages/rosbot_description)
[0.571s] Level 1:colcon.colcon_core.environment:create_environment_scripts_only(rosbot_description)
[0.571s] Level 1:colcon.colcon_core.environment:checking '/home/zhettus/ros2_ws/install/rosbot_description' for CMake module files
[0.571s] Level 1:colcon.colcon_core.environment:checking '/home/zhettus/ros2_ws/install/rosbot_description' for CMake config files
[0.571s] Level 1:colcon.colcon_core.shell:create_environment_hook('rosbot_description', 'cmake_prefix_path')
[0.571s] INFO:colcon.colcon_core.shell:Creating environment hook '/home/zhettus/ros2_ws/install/rosbot_description/share/rosbot_description/hook/cmake_prefix_path.ps1'
[0.571s] INFO:colcon.colcon_core.shell:Creating environment descriptor '/home/zhettus/ros2_ws/install/rosbot_description/share/rosbot_description/hook/cmake_prefix_path.dsv'
[0.572s] INFO:colcon.colcon_core.shell:Creating environment hook '/home/zhettus/ros2_ws/install/rosbot_description/share/rosbot_description/hook/cmake_prefix_path.sh'
[0.572s] Level 1:colcon.colcon_core.environment:checking '/home/zhettus/ros2_ws/install/rosbot_description/bin'
[0.572s] Level 1:colcon.colcon_core.environment:checking '/home/zhettus/ros2_ws/install/rosbot_description/lib/pkgconfig/rosbot_description.pc'
[0.572s] Level 1:colcon.colcon_core.environment:checking '/home/zhettus/ros2_ws/install/rosbot_description/lib/python3.12/site-packages'
[0.572s] Level 1:colcon.colcon_core.environment:checking '/home/zhettus/ros2_ws/install/rosbot_description/bin'
[0.572s] INFO:colcon.colcon_core.shell:Creating package script '/home/zhettus/ros2_ws/install/rosbot_description/share/rosbot_description/package.ps1'
[0.573s] INFO:colcon.colcon_core.shell:Creating package descriptor '/home/zhettus/ros2_ws/install/rosbot_description/share/rosbot_description/package.dsv'
[0.573s] INFO:colcon.colcon_core.shell:Creating package script '/home/zhettus/ros2_ws/install/rosbot_description/share/rosbot_description/package.sh'
[0.573s] INFO:colcon.colcon_core.shell:Creating package script '/home/zhettus/ros2_ws/install/rosbot_description/share/rosbot_description/package.bash'
[0.573s] INFO:colcon.colcon_core.shell:Creating package script '/home/zhettus/ros2_ws/install/rosbot_description/share/rosbot_description/package.zsh'
[0.573s] Level 1:colcon.colcon_core.environment:create_file_with_runtime_dependencies(/home/zhettus/ros2_ws/install/rosbot_description/share/colcon-core/packages/rosbot_description)
[0.574s] INFO:colcon.colcon_ros.task.ament_python.build:Building ROS package in '/home/zhettus/ros2_ws/src/rosbot_xl_ros/rosbot_controller' with build type 'ament_python'
[0.574s] Level 1:colcon.colcon_core.shell:create_environment_hook('rosbot_controller', 'ament_prefix_path')
[0.574s] INFO:colcon.colcon_core.shell:Creating environment hook '/home/zhettus/ros2_ws/install/rosbot_controller/share/rosbot_controller/hook/ament_prefix_path.ps1'
[0.574s] INFO:colcon.colcon_core.shell:Creating environment descriptor '/home/zhettus/ros2_ws/install/rosbot_controller/share/rosbot_controller/hook/ament_prefix_path.dsv'
[0.574s] INFO:colcon.colcon_core.shell:Creating environment hook '/home/zhettus/ros2_ws/install/rosbot_controller/share/rosbot_controller/hook/ament_prefix_path.sh'
[0.574s] INFO:colcon.colcon_core.shell:Skip shell extension 'powershell' for command environment: Not usable outside of PowerShell
[0.574s] DEBUG:colcon.colcon_core.shell:Skip shell extension 'dsv' for command environment
[0.579s] DEBUG:colcon.colcon_core.event_handler.log_command:Invoking command in '/home/zhettus/ros2_ws/build/tutorial_pkg': CMAKE_PREFIX_PATH=${CMAKE_PREFIX_PATH}:/opt/ros/jazzy /usr/bin/cmake --build /home/zhettus/ros2_ws/build/tutorial_pkg -- -j6 -l6
[0.708s] INFO:colcon.colcon_core.task.python.build:Building Python package in '/home/zhettus/ros2_ws/src/rosbot_xl_ros/rosbot_controller'
[0.708s] INFO:colcon.colcon_core.shell:Skip shell extension 'powershell' for command environment: Not usable outside of PowerShell
[0.708s] DEBUG:colcon.colcon_core.shell:Skip shell extension 'dsv' for command environment
[0.712s] DEBUG:colcon.colcon_core.event_handler.log_command:Invoked command in '/home/zhettus/ros2_ws/build/test' returned '0': CMAKE_PREFIX_PATH=${CMAKE_PREFIX_PATH}:/opt/ros/jazzy /usr/bin/cmake --build /home/zhettus/ros2_ws/build/test -- -j6 -l6
[0.712s] DEBUG:colcon.colcon_core.event_handler.log_command:Invoking command in '/home/zhettus/ros2_ws/build/test': CMAKE_PREFIX_PATH=${CMAKE_PREFIX_PATH}:/opt/ros/jazzy /usr/bin/cmake --install /home/zhettus/ros2_ws/build/test
[0.719s] Level 1:colcon.colcon_core.environment:create_environment_scripts_only(test)
[0.719s] Level 1:colcon.colcon_core.environment:checking '/home/zhettus/ros2_ws/install/test' for CMake module files
[0.719s] Level 1:colcon.colcon_core.environment:checking '/home/zhettus/ros2_ws/install/test' for CMake config files
[0.719s] Level 1:colcon.colcon_core.shell:create_environment_hook('test', 'cmake_prefix_path')
[0.720s] INFO:colcon.colcon_core.shell:Creating environment hook '/home/zhettus/ros2_ws/install/test/share/test/hook/cmake_prefix_path.ps1'
[0.720s] INFO:colcon.colcon_core.shell:Creating environment descriptor '/home/zhettus/ros2_ws/install/test/share/test/hook/cmake_prefix_path.dsv'
[0.720s] INFO:colcon.colcon_core.shell:Creating environment hook '/home/zhettus/ros2_ws/install/test/share/test/hook/cmake_prefix_path.sh'
[0.720s] Level 1:colcon.colcon_core.environment:checking '/home/zhettus/ros2_ws/install/test/lib'
[0.721s] Level 1:colcon.colcon_core.environment:checking '/home/zhettus/ros2_ws/install/test/bin'
[0.721s] Level 1:colcon.colcon_core.environment:checking '/home/zhettus/ros2_ws/install/test/lib/pkgconfig/test.pc'
[0.721s] Level 1:colcon.colcon_core.environment:checking '/home/zhettus/ros2_ws/install/test/lib/python3.12/site-packages'
[0.721s] Level 1:colcon.colcon_core.environment:checking '/home/zhettus/ros2_ws/install/test/bin'
[0.721s] INFO:colcon.colcon_core.shell:Creating package script '/home/zhettus/ros2_ws/install/test/share/test/package.ps1'
[0.721s] INFO:colcon.colcon_core.shell:Creating package descriptor '/home/zhettus/ros2_ws/install/test/share/test/package.dsv'
[0.722s] DEBUG:colcon.colcon_core.event_handler.log_command:Invoked command in '/home/zhettus/ros2_ws/build/test' returned '0': CMAKE_PREFIX_PATH=${CMAKE_PREFIX_PATH}:/opt/ros/jazzy /usr/bin/cmake --install /home/zhettus/ros2_ws/build/test
[0.722s] INFO:colcon.colcon_core.shell:Creating package script '/home/zhettus/ros2_ws/install/test/share/test/package.sh'
[0.722s] INFO:colcon.colcon_core.shell:Creating package script '/home/zhettus/ros2_ws/install/test/share/test/package.bash'
[0.722s] INFO:colcon.colcon_core.shell:Creating package script '/home/zhettus/ros2_ws/install/test/share/test/package.zsh'
[0.723s] Level 1:colcon.colcon_core.environment:create_file_with_runtime_dependencies(/home/zhettus/ros2_ws/install/test/share/colcon-core/packages/test)
[0.723s] Level 1:colcon.colcon_core.environment:create_environment_scripts_only(test)
[0.723s] Level 1:colcon.colcon_core.environment:checking '/home/zhettus/ros2_ws/install/test' for CMake module files
[0.723s] Level 1:colcon.colcon_core.environment:checking '/home/zhettus/ros2_ws/install/test' for CMake config files
[0.723s] Level 1:colcon.colcon_core.shell:create_environment_hook('test', 'cmake_prefix_path')
[0.723s] INFO:colcon.colcon_core.shell:Creating environment hook '/home/zhettus/ros2_ws/install/test/share/test/hook/cmake_prefix_path.ps1'
[0.724s] INFO:colcon.colcon_core.shell:Creating environment descriptor '/home/zhettus/ros2_ws/install/test/share/test/hook/cmake_prefix_path.dsv'
[0.724s] INFO:colcon.colcon_core.shell:Creating environment hook '/home/zhettus/ros2_ws/install/test/share/test/hook/cmake_prefix_path.sh'
[0.724s] Level 1:colcon.colcon_core.environment:checking '/home/zhettus/ros2_ws/install/test/lib'
[0.724s] Level 1:colcon.colcon_core.environment:checking '/home/zhettus/ros2_ws/install/test/bin'
[0.724s] Level 1:colcon.colcon_core.environment:checking '/home/zhettus/ros2_ws/install/test/lib/pkgconfig/test.pc'
[0.724s] Level 1:colcon.colcon_core.environment:checking '/home/zhettus/ros2_ws/install/test/lib/python3.12/site-packages'
[0.724s] Level 1:colcon.colcon_core.environment:checking '/home/zhettus/ros2_ws/install/test/bin'
[0.725s] INFO:colcon.colcon_core.shell:Creating package script '/home/zhettus/ros2_ws/install/test/share/test/package.ps1'
[0.725s] INFO:colcon.colcon_core.shell:Creating package descriptor '/home/zhettus/ros2_ws/install/test/share/test/package.dsv'
[0.725s] INFO:colcon.colcon_core.shell:Creating package script '/home/zhettus/ros2_ws/install/test/share/test/package.sh'
[0.725s] INFO:colcon.colcon_core.shell:Creating package script '/home/zhettus/ros2_ws/install/test/share/test/package.bash'
[0.726s] INFO:colcon.colcon_core.shell:Creating package script '/home/zhettus/ros2_ws/install/test/share/test/package.zsh'
[0.726s] Level 1:colcon.colcon_core.environment:create_file_with_runtime_dependencies(/home/zhettus/ros2_ws/install/test/share/colcon-core/packages/test)
[0.828s] DEBUG:colcon.colcon_core.event_handler.log_command:Invoked command in '/home/zhettus/ros2_ws/build/tutorial_pkg' returned '2': CMAKE_PREFIX_PATH=${CMAKE_PREFIX_PATH}:/opt/ros/jazzy /usr/bin/cmake --build /home/zhettus/ros2_ws/build/tutorial_pkg -- -j6 -l6
[0.828s] Level 1:colcon.colcon_core.environment:create_environment_scripts_only(tutorial_pkg)
[0.828s] Level 1:colcon.colcon_core.environment:checking '/home/zhettus/ros2_ws/install/tutorial_pkg' for CMake module files
[0.828s] Level 1:colcon.colcon_core.environment:checking '/home/zhettus/ros2_ws/install/tutorial_pkg' for CMake config files
[0.828s] Level 1:colcon.colcon_core.environment:checking '/home/zhettus/ros2_ws/install/tutorial_pkg/bin'
[0.828s] Level 1:colcon.colcon_core.environment:checking '/home/zhettus/ros2_ws/install/tutorial_pkg/lib/pkgconfig/tutorial_pkg.pc'
[0.829s] Level 1:colcon.colcon_core.environment:checking '/home/zhettus/ros2_ws/install/tutorial_pkg/lib/python3.12/site-packages'
[0.829s] Level 1:colcon.colcon_core.environment:checking '/home/zhettus/ros2_ws/install/tutorial_pkg/bin'
[0.829s] INFO:colcon.colcon_core.shell:Creating package script '/home/zhettus/ros2_ws/install/tutorial_pkg/share/tutorial_pkg/package.ps1'
[0.829s] INFO:colcon.colcon_core.shell:Creating package descriptor '/home/zhettus/ros2_ws/install/tutorial_pkg/share/tutorial_pkg/package.dsv'
[0.829s] INFO:colcon.colcon_core.shell:Creating package script '/home/zhettus/ros2_ws/install/tutorial_pkg/share/tutorial_pkg/package.sh'
[0.830s] INFO:colcon.colcon_core.shell:Creating package script '/home/zhettus/ros2_ws/install/tutorial_pkg/share/tutorial_pkg/package.bash'
[0.830s] INFO:colcon.colcon_core.shell:Creating package script '/home/zhettus/ros2_ws/install/tutorial_pkg/share/tutorial_pkg/package.zsh'
[0.830s] Level 1:colcon.colcon_core.environment:create_file_with_runtime_dependencies(/home/zhettus/ros2_ws/install/tutorial_pkg/share/colcon-core/packages/tutorial_pkg)
[1.084s] DEBUG:colcon.colcon_parallel_executor.executor.parallel:closing loop
[1.084s] DEBUG:colcon.colcon_parallel_executor.executor.parallel:loop closed
[1.084s] DEBUG:colcon.colcon_parallel_executor.executor.parallel:run_until_complete finished with '2'
[1.084s] DEBUG:colcon.colcon_core.event_reactor:joining thread
[1.088s] INFO:colcon.colcon_core.plugin_system:Skipping extension 'colcon_notification.desktop_notification.terminal_notifier': Not used on non-Darwin systems
[1.088s] INFO:colcon.colcon_core.plugin_system:Skipping extension 'colcon_notification.desktop_notification.win32': Not used on non-Windows systems
[1.088s] INFO:colcon.colcon_notification.desktop_notification:Sending desktop notification using 'notify2'
[1.092s] DEBUG:colcon.colcon_core.event_reactor:joined thread
[1.093s] INFO:colcon.colcon_core.shell:Creating prefix script '/home/zhettus/ros2_ws/install/local_setup.ps1'
[1.093s] INFO:colcon.colcon_core.shell:Creating prefix util module '/home/zhettus/ros2_ws/install/_local_setup_util_ps1.py'
[1.094s] INFO:colcon.colcon_core.shell:Creating prefix chain script '/home/zhettus/ros2_ws/install/setup.ps1'
[1.094s] INFO:colcon.colcon_core.shell:Creating prefix script '/home/zhettus/ros2_ws/install/local_setup.sh'
[1.095s] INFO:colcon.colcon_core.shell:Creating prefix util module '/home/zhettus/ros2_ws/install/_local_setup_util_sh.py'
[1.095s] INFO:colcon.colcon_core.shell:Creating prefix chain script '/home/zhettus/ros2_ws/install/setup.sh'
[1.096s] INFO:colcon.colcon_core.shell:Creating prefix script '/home/zhettus/ros2_ws/install/local_setup.bash'
[1.096s] INFO:colcon.colcon_core.shell:Creating prefix chain script '/home/zhettus/ros2_ws/install/setup.bash'
[1.096s] INFO:colcon.colcon_core.shell:Creating prefix script '/home/zhettus/ros2_ws/install/local_setup.zsh'
[1.097s] INFO:colcon.colcon_core.shell:Creating prefix chain script '/home/zhettus/ros2_ws/install/setup.zsh'
