[0.020s] Invoking command in '/home/zhettus/ros2_ws/build/rosbot_description': CMAKE_PREFIX_PATH=${CMAKE_PREFIX_PATH}:/opt/ros/jazzy /usr/bin/cmake /home/zhettus/ros2_ws/src/rosbot_xl_ros/rosbot_description -DCMAKE_INSTALL_PREFIX=/home/zhettus/ros2_ws/install/rosbot_description
[0.396s] -- The C compiler identification is GNU 13.3.0
[0.396s] -- The CXX compiler identification is GNU 13.3.0
[0.396s] -- Detecting C compiler ABI info
[0.396s] -- Detecting C compiler ABI info - done
[0.396s] -- Check for working C compiler: /usr/bin/cc - skipped
[0.396s] -- Detecting C compile features
[0.396s] -- Detecting C compile features - done
[0.396s] -- Detecting CXX compiler ABI info
[0.396s] -- Detecting CXX compiler ABI info - done
[0.397s] -- Check for working CXX compiler: /usr/bin/c++ - skipped
[0.397s] -- Detecting CXX compile features
[0.397s] -- Detecting CXX compile features - done
[0.397s] -- Found ament_cmake: 2.5.6 (/opt/ros/jazzy/share/ament_cmake/cmake)
[0.397s] -- Found Python3: /usr/bin/python3 (found version "3.12.3") found components: Interpreter 
[0.477s] -- Configuring done (0.4s)
[0.477s] -- Generating done (0.0s)
[0.477s] -- Build files have been written to: /home/zhettus/ros2_ws/build/rosbot_description
[0.484s] Invoked command in '/home/zhettus/ros2_ws/build/rosbot_description' returned '0': CMAKE_PREFIX_PATH=${CMAKE_PREFIX_PATH}:/opt/ros/jazzy /usr/bin/cmake /home/zhettus/ros2_ws/src/rosbot_xl_ros/rosbot_description -DCMAKE_INSTALL_PREFIX=/home/zhettus/ros2_ws/install/rosbot_description
[0.485s] Invoking command in '/home/zhettus/ros2_ws/build/rosbot_description': CMAKE_PREFIX_PATH=${CMAKE_PREFIX_PATH}:/opt/ros/jazzy /usr/bin/cmake --build /home/zhettus/ros2_ws/build/rosbot_description -- -j6 -l6
[0.512s] Invoked command in '/home/zhettus/ros2_ws/build/rosbot_description' returned '0': CMAKE_PREFIX_PATH=${CMAKE_PREFIX_PATH}:/opt/ros/jazzy /usr/bin/cmake --build /home/zhettus/ros2_ws/build/rosbot_description -- -j6 -l6
[0.518s] Invoking command in '/home/zhettus/ros2_ws/build/rosbot_description': CMAKE_PREFIX_PATH=${CMAKE_PREFIX_PATH}:/opt/ros/jazzy /usr/bin/cmake --install /home/zhettus/ros2_ws/build/rosbot_description
[0.522s] -- Install configuration: ""
[0.524s] -- Installing: /home/zhettus/ros2_ws/install/rosbot_description/share/rosbot_description/config
[0.524s] -- Installing: /home/zhettus/ros2_ws/install/rosbot_description/share/rosbot_description/config/components.yaml
[0.524s] -- Installing: /home/zhettus/ros2_ws/install/rosbot_description/share/rosbot_description/launch
[0.524s] -- Installing: /home/zhettus/ros2_ws/install/rosbot_description/share/rosbot_description/launch/rviz.launch.py
[0.524s] -- Installing: /home/zhettus/ros2_ws/install/rosbot_description/share/rosbot_description/launch/load_urdf.launch.py
[0.524s] -- Installing: /home/zhettus/ros2_ws/install/rosbot_description/share/rosbot_description/meshes
[0.524s] -- Installing: /home/zhettus/ros2_ws/install/rosbot_description/share/rosbot_description/meshes/rosbot
[0.524s] -- Installing: /home/zhettus/ros2_ws/install/rosbot_description/share/rosbot_description/meshes/rosbot/mecanum_a.dae
[0.526s] -- Installing: /home/zhettus/ros2_ws/install/rosbot_description/share/rosbot_description/meshes/rosbot/mecanum_b.dae
[0.529s] -- Installing: /home/zhettus/ros2_ws/install/rosbot_description/share/rosbot_description/meshes/rosbot/wheel_b.dae
[0.529s] -- Installing: /home/zhettus/ros2_ws/install/rosbot_description/share/rosbot_description/meshes/rosbot/cover.stl
[0.529s] -- Installing: /home/zhettus/ros2_ws/install/rosbot_description/share/rosbot_description/meshes/rosbot/wheel_a.dae
[0.530s] -- Installing: /home/zhettus/ros2_ws/install/rosbot_description/share/rosbot_description/meshes/rosbot/body.stl
[0.530s] -- Installing: /home/zhettus/ros2_ws/install/rosbot_description/share/rosbot_description/meshes/rosbot_xl
[0.530s] -- Installing: /home/zhettus/ros2_ws/install/rosbot_description/share/rosbot_description/meshes/rosbot_xl/mecanum_a.dae
[0.530s] -- Installing: /home/zhettus/ros2_ws/install/rosbot_description/share/rosbot_description/meshes/rosbot_xl/mecanum_b.dae
[0.531s] -- Installing: /home/zhettus/ros2_ws/install/rosbot_description/share/rosbot_description/meshes/rosbot_xl/body.dae
[0.534s] -- Installing: /home/zhettus/ros2_ws/install/rosbot_description/share/rosbot_description/meshes/rosbot_xl/body_colision.stl
[0.534s] -- Installing: /home/zhettus/ros2_ws/install/rosbot_description/share/rosbot_description/meshes/rosbot_xl/components
[0.535s] -- Installing: /home/zhettus/ros2_ws/install/rosbot_description/share/rosbot_description/meshes/rosbot_xl/components/camera_mount_mid.dae
[0.535s] -- Installing: /home/zhettus/ros2_ws/install/rosbot_description/share/rosbot_description/meshes/rosbot_xl/components/antenna_connector.dae
[0.535s] -- Installing: /home/zhettus/ros2_ws/install/rosbot_description/share/rosbot_description/meshes/rosbot_xl/components/antenna.dae
[0.535s] -- Installing: /home/zhettus/ros2_ws/install/rosbot_description/share/rosbot_description/meshes/rosbot_xl/components/camera_mount_bot.dae
[0.535s] -- Installing: /home/zhettus/ros2_ws/install/rosbot_description/share/rosbot_description/meshes/rosbot_xl/components/camera_mount_top.dae
[0.535s] -- Installing: /home/zhettus/ros2_ws/install/rosbot_description/share/rosbot_description/meshes/rosbot_xl/wheel_b.dae
[0.535s] -- Installing: /home/zhettus/ros2_ws/install/rosbot_description/share/rosbot_description/meshes/rosbot_xl/wheel_a.dae
[0.535s] -- Installing: /home/zhettus/ros2_ws/install/rosbot_description/share/rosbot_description/rviz
[0.535s] -- Installing: /home/zhettus/ros2_ws/install/rosbot_description/share/rosbot_description/rviz/rosbot.rviz
[0.535s] -- Installing: /home/zhettus/ros2_ws/install/rosbot_description/share/rosbot_description/urdf
[0.535s] -- Installing: /home/zhettus/ros2_ws/install/rosbot_description/share/rosbot_description/urdf/rosbot
[0.535s] -- Installing: /home/zhettus/ros2_ws/install/rosbot_description/share/rosbot_description/urdf/rosbot/body.urdf.xacro
[0.535s] -- Installing: /home/zhettus/ros2_ws/install/rosbot_description/share/rosbot_description/urdf/rosbot/components
[0.535s] -- Installing: /home/zhettus/ros2_ws/install/rosbot_description/share/rosbot_description/urdf/rosbot/components/vl53lox.urdf.xacro
[0.535s] -- Installing: /home/zhettus/ros2_ws/install/rosbot_description/share/rosbot_description/urdf/rosbot/wheel.urdf.xacro
[0.535s] -- Installing: /home/zhettus/ros2_ws/install/rosbot_description/share/rosbot_description/urdf/rosbot/rosbot_macro.urdf.xacro
[0.535s] -- Installing: /home/zhettus/ros2_ws/install/rosbot_description/share/rosbot_description/urdf/rosbot_xl.urdf.xacro
[0.535s] -- Installing: /home/zhettus/ros2_ws/install/rosbot_description/share/rosbot_description/urdf/common
[0.535s] -- Installing: /home/zhettus/ros2_ws/install/rosbot_description/share/rosbot_description/urdf/common/gazebo.urdf.xacro
[0.535s] -- Installing: /home/zhettus/ros2_ws/install/rosbot_description/share/rosbot_description/urdf/common/ros2_control.urdf.xacro
[0.535s] -- Installing: /home/zhettus/ros2_ws/install/rosbot_description/share/rosbot_description/urdf/common/webots.urdf.xacro
[0.535s] -- Installing: /home/zhettus/ros2_ws/install/rosbot_description/share/rosbot_description/urdf/rosbot_xl
[0.535s] -- Installing: /home/zhettus/ros2_ws/install/rosbot_description/share/rosbot_description/urdf/rosbot_xl/body.urdf.xacro
[0.536s] -- Installing: /home/zhettus/ros2_ws/install/rosbot_description/share/rosbot_description/urdf/rosbot_xl/components
[0.536s] -- Installing: /home/zhettus/ros2_ws/install/rosbot_description/share/rosbot_description/urdf/rosbot_xl/components/antenna.urdf.xacro
[0.536s] -- Installing: /home/zhettus/ros2_ws/install/rosbot_description/share/rosbot_description/urdf/rosbot_xl/components/camera_mount.urdf.xacro
[0.536s] -- Installing: /home/zhettus/ros2_ws/install/rosbot_description/share/rosbot_description/urdf/rosbot_xl/rosbot_xl_macro.urdf.xacro
[0.536s] -- Installing: /home/zhettus/ros2_ws/install/rosbot_description/share/rosbot_description/urdf/rosbot_xl/wheel.urdf.xacro
[0.536s] -- Installing: /home/zhettus/ros2_ws/install/rosbot_description/share/rosbot_description/urdf/rosbot.urdf.xacro
[0.536s] -- Installing: /home/zhettus/ros2_ws/install/rosbot_description/share/rosbot_description/environment/rosbot_description.sh
[0.536s] -- Installing: /home/zhettus/ros2_ws/install/rosbot_description/share/ament_index/resource_index/package_run_dependencies/rosbot_description
[0.536s] -- Installing: /home/zhettus/ros2_ws/install/rosbot_description/share/ament_index/resource_index/parent_prefix_path/rosbot_description
[0.536s] -- Installing: /home/zhettus/ros2_ws/install/rosbot_description/share/rosbot_description/environment/ament_prefix_path.sh
[0.536s] -- Installing: /home/zhettus/ros2_ws/install/rosbot_description/share/rosbot_description/environment/ament_prefix_path.dsv
[0.536s] -- Installing: /home/zhettus/ros2_ws/install/rosbot_description/share/rosbot_description/environment/path.sh
[0.536s] -- Installing: /home/zhettus/ros2_ws/install/rosbot_description/share/rosbot_description/environment/path.dsv
[0.536s] -- Installing: /home/zhettus/ros2_ws/install/rosbot_description/share/rosbot_description/local_setup.bash
[0.536s] -- Installing: /home/zhettus/ros2_ws/install/rosbot_description/share/rosbot_description/local_setup.sh
[0.536s] -- Installing: /home/zhettus/ros2_ws/install/rosbot_description/share/rosbot_description/local_setup.zsh
[0.536s] -- Installing: /home/zhettus/ros2_ws/install/rosbot_description/share/rosbot_description/local_setup.dsv
[0.536s] -- Installing: /home/zhettus/ros2_ws/install/rosbot_description/share/rosbot_description/package.dsv
[0.536s] -- Installing: /home/zhettus/ros2_ws/install/rosbot_description/share/ament_index/resource_index/packages/rosbot_description
[0.536s] -- Installing: /home/zhettus/ros2_ws/install/rosbot_description/share/rosbot_description/cmake/rosbot_descriptionConfig.cmake
[0.536s] -- Installing: /home/zhettus/ros2_ws/install/rosbot_description/share/rosbot_description/cmake/rosbot_descriptionConfig-version.cmake
[0.536s] -- Installing: /home/zhettus/ros2_ws/install/rosbot_description/share/rosbot_description/package.xml
[0.550s] Invoked command in '/home/zhettus/ros2_ws/build/rosbot_description' returned '0': CMAKE_PREFIX_PATH=${CMAKE_PREFIX_PATH}:/opt/ros/jazzy /usr/bin/cmake --install /home/zhettus/ros2_ws/build/rosbot_description
